<?xml version="1.0" encoding="ISO-8859-1" ?>
<link_info>
   <banner>TI ARM Linker PC v20.2.4.LTS</banner>
   <copyright>Copyright (c) 1996-2018 Texas Instruments Incorporated</copyright>
   <link_time>0x61b24692</link_time>
   <link_errors>0x0</link_errors>
   <output_file>ProjectV8.out</output_file>
   <entry_point>
      <name>_c_int00_noargs</name>
      <address>0x518d</address>
   </entry_point>
   <input_file_list>
      <input_file id="fl-2">
         <path>.\</path>
         <kind>object</kind>
         <file>main.obj</file>
         <name>main.obj</name>
      </input_file>
      <input_file id="fl-3">
         <path>.\</path>
         <kind>object</kind>
         <file>system_msp432p401r.obj</file>
         <name>system_msp432p401r.obj</name>
      </input_file>
      <input_file id="fl-4">
         <path>.\Devices\</path>
         <kind>object</kind>
         <file>ESP8266.obj</file>
         <name>ESP8266.obj</name>
      </input_file>
      <input_file id="fl-5">
         <path>.\Devices\</path>
         <kind>object</kind>
         <file>MSPIO.obj</file>
         <name>MSPIO.obj</name>
      </input_file>
      <input_file id="fl-6">
         <path>.\Devices\</path>
         <kind>object</kind>
         <file>buzzer.obj</file>
         <name>buzzer.obj</name>
      </input_file>
      <input_file id="fl-7">
         <path>.\Hardware\</path>
         <kind>object</kind>
         <file>CS_Driver.obj</file>
         <name>CS_Driver.obj</name>
      </input_file>
      <input_file id="fl-8">
         <path>.\Hardware\</path>
         <kind>object</kind>
         <file>GPIO_Driver.obj</file>
         <name>GPIO_Driver.obj</name>
      </input_file>
      <input_file id="fl-9">
         <path>.\Hardware\</path>
         <kind>object</kind>
         <file>UART_Driver.obj</file>
         <name>UART_Driver.obj</name>
      </input_file>
      <input_file id="fl-a">
         <path>.\Motor\</path>
         <kind>object</kind>
         <file>Motor.obj</file>
         <name>Motor.obj</name>
      </input_file>
      <input_file id="fl-b">
         <path>.\Sensor\</path>
         <kind>object</kind>
         <file>Linetracker.obj</file>
         <name>Linetracker.obj</name>
      </input_file>
      <input_file id="fl-c">
         <path>.\Sensor\</path>
         <kind>object</kind>
         <file>Ultrasonic.obj</file>
         <name>Ultrasonic.obj</name>
      </input_file>
      <input_file id="fl-d">
         <path>.\Sensor\</path>
         <kind>object</kind>
         <file>encoder.obj</file>
         <name>encoder.obj</name>
      </input_file>
      <input_file id="fl-e">
         <path>.\Sensor\</path>
         <kind>object</kind>
         <file>init_Ultrasonic.obj</file>
         <name>init_Ultrasonic.obj</name>
      </input_file>
      <input_file id="fl-f">
         <path>.\Wifi\</path>
         <kind>object</kind>
         <file>Wifi.obj</file>
         <name>Wifi.obj</name>
      </input_file>
      <input_file id="fl-10">
         <path>.\ccs\</path>
         <kind>object</kind>
         <file>startup_msp432p401r_ccs.obj</file>
         <name>startup_msp432p401r_ccs.obj</name>
      </input_file>
      <input_file id="fl-1a">
         <kind>object</kind>
         <file>&lt;internal&gt;</file>
         <name>&lt;internal&gt;</name>
      </input_file>
      <input_file id="fl-1b">
         <path>C:\ti\simplelink_msp432p4_sdk_3_40_01_02\source\ti\devices\msp432p4xx\driverlib\ccs\</path>
         <kind>archive</kind>
         <file>msp432p4xx_driverlib.lib</file>
         <name>cs.o</name>
      </input_file>
      <input_file id="fl-1c">
         <path>C:\ti\simplelink_msp432p4_sdk_3_40_01_02\source\ti\devices\msp432p4xx\driverlib\ccs\</path>
         <kind>archive</kind>
         <file>msp432p4xx_driverlib.lib</file>
         <name>flash.o</name>
      </input_file>
      <input_file id="fl-1d">
         <path>C:\ti\simplelink_msp432p4_sdk_3_40_01_02\source\ti\devices\msp432p4xx\driverlib\ccs\</path>
         <kind>archive</kind>
         <file>msp432p4xx_driverlib.lib</file>
         <name>gpio.o</name>
      </input_file>
      <input_file id="fl-1e">
         <path>C:\ti\simplelink_msp432p4_sdk_3_40_01_02\source\ti\devices\msp432p4xx\driverlib\ccs\</path>
         <kind>archive</kind>
         <file>msp432p4xx_driverlib.lib</file>
         <name>interrupt.o</name>
      </input_file>
      <input_file id="fl-1f">
         <path>C:\ti\simplelink_msp432p4_sdk_3_40_01_02\source\ti\devices\msp432p4xx\driverlib\ccs\</path>
         <kind>archive</kind>
         <file>msp432p4xx_driverlib.lib</file>
         <name>pcm.o</name>
      </input_file>
      <input_file id="fl-20">
         <path>C:\ti\simplelink_msp432p4_sdk_3_40_01_02\source\ti\devices\msp432p4xx\driverlib\ccs\</path>
         <kind>archive</kind>
         <file>msp432p4xx_driverlib.lib</file>
         <name>rtc_c.o</name>
      </input_file>
      <input_file id="fl-21">
         <path>C:\ti\simplelink_msp432p4_sdk_3_40_01_02\source\ti\devices\msp432p4xx\driverlib\ccs\</path>
         <kind>archive</kind>
         <file>msp432p4xx_driverlib.lib</file>
         <name>sysctl.o</name>
      </input_file>
      <input_file id="fl-22">
         <path>C:\ti\simplelink_msp432p4_sdk_3_40_01_02\source\ti\devices\msp432p4xx\driverlib\ccs\</path>
         <kind>archive</kind>
         <file>msp432p4xx_driverlib.lib</file>
         <name>sysctl_a.o</name>
      </input_file>
      <input_file id="fl-23">
         <path>C:\ti\simplelink_msp432p4_sdk_3_40_01_02\source\ti\devices\msp432p4xx\driverlib\ccs\</path>
         <kind>archive</kind>
         <file>msp432p4xx_driverlib.lib</file>
         <name>timer_a.o</name>
      </input_file>
      <input_file id="fl-24">
         <path>C:\ti\simplelink_msp432p4_sdk_3_40_01_02\source\ti\devices\msp432p4xx\driverlib\ccs\</path>
         <kind>archive</kind>
         <file>msp432p4xx_driverlib.lib</file>
         <name>uart.o</name>
      </input_file>
      <input_file id="fl-25">
         <path>C:\ti\simplelink_msp432p4_sdk_3_40_01_02\source\ti\devices\msp432p4xx\driverlib\ccs\</path>
         <kind>archive</kind>
         <file>msp432p4xx_driverlib.lib</file>
         <name>wdt_a.o</name>
      </input_file>
      <input_file id="fl-26">
         <path>C:\ti\simplelink_msp432p4_sdk_3_40_01_02\source\ti\devices\msp432p4xx\driverlib\ccs\</path>
         <kind>archive</kind>
         <file>msp432p4xx_driverlib.lib</file>
         <name>cpu.o</name>
      </input_file>
      <input_file id="fl-dc">
         <path>C:\ti\ti-cgt-arm_20.2.4.LTS\lib\</path>
         <kind>archive</kind>
         <file>rtsv7M4_T_le_v4SPD16_eabi.lib</file>
         <name>printf.c.obj</name>
      </input_file>
      <input_file id="fl-dd">
         <path>C:\ti\ti-cgt-arm_20.2.4.LTS\lib\</path>
         <kind>archive</kind>
         <file>rtsv7M4_T_le_v4SPD16_eabi.lib</file>
         <name>_printfi.c.obj</name>
      </input_file>
      <input_file id="fl-de">
         <path>C:\ti\ti-cgt-arm_20.2.4.LTS\lib\</path>
         <kind>archive</kind>
         <file>rtsv7M4_T_le_v4SPD16_eabi.lib</file>
         <name>sprintf.c.obj</name>
      </input_file>
      <input_file id="fl-df">
         <path>C:\ti\ti-cgt-arm_20.2.4.LTS\lib\</path>
         <kind>archive</kind>
         <file>rtsv7M4_T_le_v4SPD16_eabi.lib</file>
         <name>fputc.c.obj</name>
      </input_file>
      <input_file id="fl-e0">
         <path>C:\ti\ti-cgt-arm_20.2.4.LTS\lib\</path>
         <kind>archive</kind>
         <file>rtsv7M4_T_le_v4SPD16_eabi.lib</file>
         <name>fputs.c.obj</name>
      </input_file>
      <input_file id="fl-e1">
         <path>C:\ti\ti-cgt-arm_20.2.4.LTS\lib\</path>
         <kind>archive</kind>
         <file>rtsv7M4_T_le_v4SPD16_eabi.lib</file>
         <name>_io_perm.c.obj</name>
      </input_file>
      <input_file id="fl-e2">
         <path>C:\ti\ti-cgt-arm_20.2.4.LTS\lib\</path>
         <kind>archive</kind>
         <file>rtsv7M4_T_le_v4SPD16_eabi.lib</file>
         <name>setvbuf.c.obj</name>
      </input_file>
      <input_file id="fl-e3">
         <path>C:\ti\ti-cgt-arm_20.2.4.LTS\lib\</path>
         <kind>archive</kind>
         <file>rtsv7M4_T_le_v4SPD16_eabi.lib</file>
         <name>s_frexp.c.obj</name>
      </input_file>
      <input_file id="fl-e4">
         <path>C:\ti\ti-cgt-arm_20.2.4.LTS\lib\</path>
         <kind>archive</kind>
         <file>rtsv7M4_T_le_v4SPD16_eabi.lib</file>
         <name>s_scalbn.c.obj</name>
      </input_file>
      <input_file id="fl-e5">
         <path>C:\ti\ti-cgt-arm_20.2.4.LTS\lib\</path>
         <kind>archive</kind>
         <file>rtsv7M4_T_le_v4SPD16_eabi.lib</file>
         <name>s_copysign.c.obj</name>
      </input_file>
      <input_file id="fl-e6">
         <path>C:\ti\ti-cgt-arm_20.2.4.LTS\lib\</path>
         <kind>archive</kind>
         <file>rtsv7M4_T_le_v4SPD16_eabi.lib</file>
         <name>ull_div_t2.asm.obj</name>
      </input_file>
      <input_file id="fl-e7">
         <path>C:\ti\ti-cgt-arm_20.2.4.LTS\lib\</path>
         <kind>archive</kind>
         <file>rtsv7M4_T_le_v4SPD16_eabi.lib</file>
         <name>memset_t2.asm.obj</name>
      </input_file>
      <input_file id="fl-e8">
         <path>C:\ti\ti-cgt-arm_20.2.4.LTS\lib\</path>
         <kind>archive</kind>
         <file>rtsv7M4_T_le_v4SPD16_eabi.lib</file>
         <name>fd_add_t2.asm.obj</name>
      </input_file>
      <input_file id="fl-e9">
         <path>C:\ti\ti-cgt-arm_20.2.4.LTS\lib\</path>
         <kind>archive</kind>
         <file>rtsv7M4_T_le_v4SPD16_eabi.lib</file>
         <name>fd_cmp_t2.asm.obj</name>
      </input_file>
      <input_file id="fl-ea">
         <path>C:\ti\ti-cgt-arm_20.2.4.LTS\lib\</path>
         <kind>archive</kind>
         <file>rtsv7M4_T_le_v4SPD16_eabi.lib</file>
         <name>fd_div_t2.asm.obj</name>
      </input_file>
      <input_file id="fl-eb">
         <path>C:\ti\ti-cgt-arm_20.2.4.LTS\lib\</path>
         <kind>archive</kind>
         <file>rtsv7M4_T_le_v4SPD16_eabi.lib</file>
         <name>fd_mul_t2.asm.obj</name>
      </input_file>
      <input_file id="fl-ec">
         <path>C:\ti\ti-cgt-arm_20.2.4.LTS\lib\</path>
         <kind>archive</kind>
         <file>rtsv7M4_T_le_v4SPD16_eabi.lib</file>
         <name>fd_toi_t2.asm.obj</name>
      </input_file>
      <input_file id="fl-ed">
         <path>C:\ti\ti-cgt-arm_20.2.4.LTS\lib\</path>
         <kind>archive</kind>
         <file>rtsv7M4_T_le_v4SPD16_eabi.lib</file>
         <name>fd_tos_t2.asm.obj</name>
      </input_file>
      <input_file id="fl-ee">
         <path>C:\ti\ti-cgt-arm_20.2.4.LTS\lib\</path>
         <kind>archive</kind>
         <file>rtsv7M4_T_le_v4SPD16_eabi.lib</file>
         <name>fs_tod_t2.asm.obj</name>
      </input_file>
      <input_file id="fl-ef">
         <path>C:\ti\ti-cgt-arm_20.2.4.LTS\lib\</path>
         <kind>archive</kind>
         <file>rtsv7M4_T_le_v4SPD16_eabi.lib</file>
         <name>i_tofd_t2.asm.obj</name>
      </input_file>
      <input_file id="fl-f0">
         <path>C:\ti\ti-cgt-arm_20.2.4.LTS\lib\</path>
         <kind>archive</kind>
         <file>rtsv7M4_T_le_v4SPD16_eabi.lib</file>
         <name>memcpy_t2.asm.obj</name>
      </input_file>
      <input_file id="fl-f1">
         <path>C:\ti\ti-cgt-arm_20.2.4.LTS\lib\</path>
         <kind>archive</kind>
         <file>rtsv7M4_T_le_v4SPD16_eabi.lib</file>
         <name>copy_zero_init.c.obj</name>
      </input_file>
      <input_file id="fl-f2">
         <path>C:\ti\ti-cgt-arm_20.2.4.LTS\lib\</path>
         <kind>archive</kind>
         <file>rtsv7M4_T_le_v4SPD16_eabi.lib</file>
         <name>copy_decompress_none.c.obj</name>
      </input_file>
      <input_file id="fl-f3">
         <path>C:\ti\ti-cgt-arm_20.2.4.LTS\lib\</path>
         <kind>archive</kind>
         <file>rtsv7M4_T_le_v4SPD16_eabi.lib</file>
         <name>copy_decompress_lzss.c.obj</name>
      </input_file>
      <input_file id="fl-f4">
         <path>C:\ti\ti-cgt-arm_20.2.4.LTS\lib\</path>
         <kind>archive</kind>
         <file>rtsv7M4_T_le_v4SPD16_eabi.lib</file>
         <name>exit.c.obj</name>
      </input_file>
      <input_file id="fl-f5">
         <path>C:\ti\ti-cgt-arm_20.2.4.LTS\lib\</path>
         <kind>archive</kind>
         <file>rtsv7M4_T_le_v4SPD16_eabi.lib</file>
         <name>_lock.c.obj</name>
      </input_file>
      <input_file id="fl-f6">
         <path>C:\ti\ti-cgt-arm_20.2.4.LTS\lib\</path>
         <kind>archive</kind>
         <file>rtsv7M4_T_le_v4SPD16_eabi.lib</file>
         <name>_ltoa.c.obj</name>
      </input_file>
      <input_file id="fl-f7">
         <path>C:\ti\ti-cgt-arm_20.2.4.LTS\lib\</path>
         <kind>archive</kind>
         <file>rtsv7M4_T_le_v4SPD16_eabi.lib</file>
         <name>atoi.c.obj</name>
      </input_file>
      <input_file id="fl-f8">
         <path>C:\ti\ti-cgt-arm_20.2.4.LTS\lib\</path>
         <kind>archive</kind>
         <file>rtsv7M4_T_le_v4SPD16_eabi.lib</file>
         <name>ctype.c.obj</name>
      </input_file>
      <input_file id="fl-f9">
         <path>C:\ti\ti-cgt-arm_20.2.4.LTS\lib\</path>
         <kind>archive</kind>
         <file>rtsv7M4_T_le_v4SPD16_eabi.lib</file>
         <name>defs.c.obj</name>
      </input_file>
      <input_file id="fl-fa">
         <path>C:\ti\ti-cgt-arm_20.2.4.LTS\lib\</path>
         <kind>archive</kind>
         <file>rtsv7M4_T_le_v4SPD16_eabi.lib</file>
         <name>ltoa.c.obj</name>
      </input_file>
      <input_file id="fl-fb">
         <path>C:\ti\ti-cgt-arm_20.2.4.LTS\lib\</path>
         <kind>archive</kind>
         <file>rtsv7M4_T_le_v4SPD16_eabi.lib</file>
         <name>memccpy.c.obj</name>
      </input_file>
      <input_file id="fl-fc">
         <path>C:\ti\ti-cgt-arm_20.2.4.LTS\lib\</path>
         <kind>archive</kind>
         <file>rtsv7M4_T_le_v4SPD16_eabi.lib</file>
         <name>memchr.c.obj</name>
      </input_file>
      <input_file id="fl-fd">
         <path>C:\ti\ti-cgt-arm_20.2.4.LTS\lib\</path>
         <kind>archive</kind>
         <file>rtsv7M4_T_le_v4SPD16_eabi.lib</file>
         <name>memory.c.obj</name>
      </input_file>
      <input_file id="fl-fe">
         <path>C:\ti\ti-cgt-arm_20.2.4.LTS\lib\</path>
         <kind>archive</kind>
         <file>rtsv7M4_T_le_v4SPD16_eabi.lib</file>
         <name>strchr.c.obj</name>
      </input_file>
      <input_file id="fl-ff">
         <path>C:\ti\ti-cgt-arm_20.2.4.LTS\lib\</path>
         <kind>archive</kind>
         <file>rtsv7M4_T_le_v4SPD16_eabi.lib</file>
         <name>strcmp.c.obj</name>
      </input_file>
      <input_file id="fl-100">
         <path>C:\ti\ti-cgt-arm_20.2.4.LTS\lib\</path>
         <kind>archive</kind>
         <file>rtsv7M4_T_le_v4SPD16_eabi.lib</file>
         <name>strcpy.c.obj</name>
      </input_file>
      <input_file id="fl-101">
         <path>C:\ti\ti-cgt-arm_20.2.4.LTS\lib\</path>
         <kind>archive</kind>
         <file>rtsv7M4_T_le_v4SPD16_eabi.lib</file>
         <name>strlen.c.obj</name>
      </input_file>
      <input_file id="fl-102">
         <path>C:\ti\ti-cgt-arm_20.2.4.LTS\lib\</path>
         <kind>archive</kind>
         <file>rtsv7M4_T_le_v4SPD16_eabi.lib</file>
         <name>strstr.c.obj</name>
      </input_file>
      <input_file id="fl-103">
         <path>C:\ti\ti-cgt-arm_20.2.4.LTS\lib\</path>
         <kind>archive</kind>
         <file>rtsv7M4_T_le_v4SPD16_eabi.lib</file>
         <name>errno.c.obj</name>
      </input_file>
      <input_file id="fl-104">
         <path>C:\ti\ti-cgt-arm_20.2.4.LTS\lib\</path>
         <kind>archive</kind>
         <file>rtsv7M4_T_le_v4SPD16_eabi.lib</file>
         <name>boot_cortex_m.c.obj</name>
      </input_file>
      <input_file id="fl-105">
         <path>C:\ti\ti-cgt-arm_20.2.4.LTS\lib\</path>
         <kind>archive</kind>
         <file>rtsv7M4_T_le_v4SPD16_eabi.lib</file>
         <name>write.c.obj</name>
      </input_file>
      <input_file id="fl-106">
         <path>C:\ti\ti-cgt-arm_20.2.4.LTS\lib\</path>
         <kind>archive</kind>
         <file>rtsv7M4_T_le_v4SPD16_eabi.lib</file>
         <name>host_device.c.obj</name>
      </input_file>
      <input_file id="fl-107">
         <path>C:\ti\ti-cgt-arm_20.2.4.LTS\lib\</path>
         <kind>archive</kind>
         <file>rtsv7M4_T_le_v4SPD16_eabi.lib</file>
         <name>wcslen.c.obj</name>
      </input_file>
      <input_file id="fl-108">
         <path>C:\ti\ti-cgt-arm_20.2.4.LTS\lib\</path>
         <kind>archive</kind>
         <file>rtsv7M4_T_le_v4SPD16_eabi.lib</file>
         <name>fflush.c.obj</name>
      </input_file>
      <input_file id="fl-109">
         <path>C:\ti\ti-cgt-arm_20.2.4.LTS\lib\</path>
         <kind>archive</kind>
         <file>rtsv7M4_T_le_v4SPD16_eabi.lib</file>
         <name>fopen.c.obj</name>
      </input_file>
      <input_file id="fl-10a">
         <path>C:\ti\ti-cgt-arm_20.2.4.LTS\lib\</path>
         <kind>archive</kind>
         <file>rtsv7M4_T_le_v4SPD16_eabi.lib</file>
         <name>fseek.c.obj</name>
      </input_file>
      <input_file id="fl-10b">
         <path>C:\ti\ti-cgt-arm_20.2.4.LTS\lib\</path>
         <kind>archive</kind>
         <file>rtsv7M4_T_le_v4SPD16_eabi.lib</file>
         <name>div0.asm.obj</name>
      </input_file>
      <input_file id="fl-10c">
         <path>C:\ti\ti-cgt-arm_20.2.4.LTS\lib\</path>
         <kind>archive</kind>
         <file>rtsv7M4_T_le_v4SPD16_eabi.lib</file>
         <name>autoinit.c.obj</name>
      </input_file>
      <input_file id="fl-10d">
         <path>C:\ti\ti-cgt-arm_20.2.4.LTS\lib\</path>
         <kind>archive</kind>
         <file>rtsv7M4_T_le_v4SPD16_eabi.lib</file>
         <name>pre_init.c.obj</name>
      </input_file>
      <input_file id="fl-10e">
         <path>C:\ti\ti-cgt-arm_20.2.4.LTS\lib\</path>
         <kind>archive</kind>
         <file>rtsv7M4_T_le_v4SPD16_eabi.lib</file>
         <name>cpy_tbl.c.obj</name>
      </input_file>
      <input_file id="fl-10f">
         <path>C:\ti\ti-cgt-arm_20.2.4.LTS\lib\</path>
         <kind>archive</kind>
         <file>rtsv7M4_T_le_v4SPD16_eabi.lib</file>
         <name>args_main.c.obj</name>
      </input_file>
      <input_file id="fl-110">
         <path>C:\ti\ti-cgt-arm_20.2.4.LTS\lib\</path>
         <kind>archive</kind>
         <file>rtsv7M4_T_le_v4SPD16_eabi.lib</file>
         <name>hostclose.c.obj</name>
      </input_file>
      <input_file id="fl-111">
         <path>C:\ti\ti-cgt-arm_20.2.4.LTS\lib\</path>
         <kind>archive</kind>
         <file>rtsv7M4_T_le_v4SPD16_eabi.lib</file>
         <name>hostlseek.c.obj</name>
      </input_file>
      <input_file id="fl-112">
         <path>C:\ti\ti-cgt-arm_20.2.4.LTS\lib\</path>
         <kind>archive</kind>
         <file>rtsv7M4_T_le_v4SPD16_eabi.lib</file>
         <name>hostopen.c.obj</name>
      </input_file>
      <input_file id="fl-113">
         <path>C:\ti\ti-cgt-arm_20.2.4.LTS\lib\</path>
         <kind>archive</kind>
         <file>rtsv7M4_T_le_v4SPD16_eabi.lib</file>
         <name>hostread.c.obj</name>
      </input_file>
      <input_file id="fl-114">
         <path>C:\ti\ti-cgt-arm_20.2.4.LTS\lib\</path>
         <kind>archive</kind>
         <file>rtsv7M4_T_le_v4SPD16_eabi.lib</file>
         <name>hostrename.c.obj</name>
      </input_file>
      <input_file id="fl-115">
         <path>C:\ti\ti-cgt-arm_20.2.4.LTS\lib\</path>
         <kind>archive</kind>
         <file>rtsv7M4_T_le_v4SPD16_eabi.lib</file>
         <name>hostunlink.c.obj</name>
      </input_file>
      <input_file id="fl-116">
         <path>C:\ti\ti-cgt-arm_20.2.4.LTS\lib\</path>
         <kind>archive</kind>
         <file>rtsv7M4_T_le_v4SPD16_eabi.lib</file>
         <name>hostwrite.c.obj</name>
      </input_file>
      <input_file id="fl-117">
         <path>C:\ti\ti-cgt-arm_20.2.4.LTS\lib\</path>
         <kind>archive</kind>
         <file>rtsv7M4_T_le_v4SPD16_eabi.lib</file>
         <name>trgmsg.c.obj</name>
      </input_file>
      <input_file id="fl-118">
         <path>C:\ti\ti-cgt-arm_20.2.4.LTS\lib\</path>
         <kind>archive</kind>
         <file>rtsv7M4_T_le_v4SPD16_eabi.lib</file>
         <name>open.c.obj</name>
      </input_file>
      <input_file id="fl-119">
         <path>C:\ti\ti-cgt-arm_20.2.4.LTS\lib\</path>
         <kind>archive</kind>
         <file>rtsv7M4_T_le_v4SPD16_eabi.lib</file>
         <name>lseek.c.obj</name>
      </input_file>
      <input_file id="fl-11a">
         <path>C:\ti\ti-cgt-arm_20.2.4.LTS\lib\</path>
         <kind>archive</kind>
         <file>rtsv7M4_T_le_v4SPD16_eabi.lib</file>
         <name>fclose.c.obj</name>
      </input_file>
      <input_file id="fl-11b">
         <path>C:\ti\ti-cgt-arm_20.2.4.LTS\lib\</path>
         <kind>archive</kind>
         <file>rtsv7M4_T_le_v4SPD16_eabi.lib</file>
         <name>getdevice.c.obj</name>
      </input_file>
      <input_file id="fl-11c">
         <path>C:\ti\ti-cgt-arm_20.2.4.LTS\lib\</path>
         <kind>archive</kind>
         <file>rtsv7M4_T_le_v4SPD16_eabi.lib</file>
         <name>strncpy.c.obj</name>
      </input_file>
      <input_file id="fl-11d">
         <path>C:\ti\ti-cgt-arm_20.2.4.LTS\lib\</path>
         <kind>archive</kind>
         <file>rtsv7M4_T_le_v4SPD16_eabi.lib</file>
         <name>remove.c.obj</name>
      </input_file>
      <input_file id="fl-11e">
         <path>C:\ti\ti-cgt-arm_20.2.4.LTS\lib\</path>
         <kind>archive</kind>
         <file>rtsv7M4_T_le_v4SPD16_eabi.lib</file>
         <name>close.c.obj</name>
      </input_file>
      <input_file id="fl-11f">
         <path>C:\ti\ti-cgt-arm_20.2.4.LTS\lib\</path>
         <kind>archive</kind>
         <file>rtsv7M4_T_le_v4SPD16_eabi.lib</file>
         <name>unlink.c.obj</name>
      </input_file>
   </input_file_list>
   <object_component_list>
      <object_component id="oc-26">
         <name>.intvecs:retain</name>
         <load_address>0x0</load_address>
         <run_address>0x0</run_address>
         <size>0xe4</size>
         <input_file_ref idref="fl-10"/>
      </object_component>
      <object_component id="oc-288">
         <name>.text:__TI_printfi</name>
         <load_address>0xe4</load_address>
         <run_address>0xe4</run_address>
         <size>0xa4e</size>
         <input_file_ref idref="fl-dd"/>
      </object_component>
      <object_component id="oc-70">
         <name>.text:Default_Handler</name>
         <load_address>0xb32</load_address>
         <run_address>0xb32</run_address>
         <size>0x2</size>
         <input_file_ref idref="fl-10"/>
      </object_component>
      <object_component id="oc-14a">
         <name>.text:CarPID</name>
         <load_address>0xb34</load_address>
         <run_address>0xb34</run_address>
         <size>0x404</size>
         <input_file_ref idref="fl-a"/>
      </object_component>
      <object_component id="oc-ca">
         <name>.text:main</name>
         <load_address>0xf38</load_address>
         <run_address>0xf38</run_address>
         <size>0x27c</size>
         <input_file_ref idref="fl-2"/>
      </object_component>
      <object_component id="oc-417">
         <name>.text:_pconv_a</name>
         <load_address>0x11b4</load_address>
         <run_address>0x11b4</run_address>
         <size>0x270</size>
         <input_file_ref idref="fl-dd"/>
      </object_component>
      <object_component id="oc-1a8">
         <name>.text:initiate_wifi</name>
         <load_address>0x1424</load_address>
         <run_address>0x1424</run_address>
         <size>0x26c</size>
         <input_file_ref idref="fl-f"/>
      </object_component>
      <object_component id="oc-405">
         <name>.text:_pconv_g</name>
         <load_address>0x1690</load_address>
         <run_address>0x1690</run_address>
         <size>0x1d0</size>
         <input_file_ref idref="fl-dd"/>
      </object_component>
      <object_component id="oc-3d2">
         <name>.text</name>
         <load_address>0x1860</load_address>
         <run_address>0x1860</run_address>
         <size>0x1b6</size>
         <input_file_ref idref="fl-e8"/>
      </object_component>
      <object_component id="oc-43b">
         <name>.text:_nop</name>
         <load_address>0x1a16</load_address>
         <run_address>0x1a16</run_address>
         <size>0x2</size>
         <input_file_ref idref="fl-f5"/>
      </object_component>
      <object_component id="oc-6e1">
         <name>.text:__PCM_setPowerModeAdvanced</name>
         <load_address>0x1a18</load_address>
         <run_address>0x1a18</run_address>
         <size>0x15c</size>
         <input_file_ref idref="fl-1f"/>
      </object_component>
      <object_component id="oc-94">
         <name>.text:PORT5_IRQHandler</name>
         <load_address>0x1b74</load_address>
         <run_address>0x1b74</run_address>
         <size>0x14c</size>
         <input_file_ref idref="fl-d"/>
      </object_component>
      <object_component id="oc-465">
         <name>.text:privateTimer_AProcessClockSourceDivider</name>
         <load_address>0x1cc0</load_address>
         <run_address>0x1cc0</run_address>
         <size>0x144</size>
         <input_file_ref idref="fl-23"/>
      </object_component>
      <object_component id="oc-411">
         <name>.text:_pconv_e</name>
         <load_address>0x1e04</load_address>
         <run_address>0x1e04</run_address>
         <size>0x13c</size>
         <input_file_ref idref="fl-dd"/>
      </object_component>
      <object_component id="oc-e9">
         <name>.text</name>
         <load_address>0x1f40</load_address>
         <run_address>0x1f40</run_address>
         <size>0x136</size>
         <input_file_ref idref="fl-ea"/>
      </object_component>
      <object_component id="oc-626">
         <name>.text</name>
         <load_address>0x2076</load_address>
         <run_address>0x2076</run_address>
         <size>0x2</size>
         <input_file_ref idref="fl-10b"/>
      </object_component>
      <object_component id="oc-553">
         <name>.text:fcvt</name>
         <load_address>0x2078</load_address>
         <run_address>0x2078</run_address>
         <size>0x124</size>
         <input_file_ref idref="fl-dd"/>
      </object_component>
      <object_component id="oc-322">
         <name>.text:UART_initModule</name>
         <load_address>0x219c</load_address>
         <run_address>0x219c</run_address>
         <size>0x11c</size>
         <input_file_ref idref="fl-24"/>
      </object_component>
      <object_component id="oc-5e1">
         <name>.text:UART_Read</name>
         <load_address>0x22b8</load_address>
         <run_address>0x22b8</run_address>
         <size>0x118</size>
         <input_file_ref idref="fl-9"/>
      </object_component>
      <object_component id="oc-449">
         <name>.text:fputs</name>
         <load_address>0x23d0</load_address>
         <run_address>0x23d0</run_address>
         <size>0x114</size>
         <input_file_ref idref="fl-e0"/>
      </object_component>
      <object_component id="oc-134">
         <name>.text:detectObstacle</name>
         <load_address>0x24e4</load_address>
         <run_address>0x24e4</run_address>
         <size>0x110</size>
         <input_file_ref idref="fl-c"/>
      </object_component>
      <object_component id="oc-567">
         <name>.text:scalbn</name>
         <load_address>0x25f4</load_address>
         <run_address>0x25f4</run_address>
         <size>0x110</size>
         <input_file_ref idref="fl-e4"/>
      </object_component>
      <object_component id="oc-5c2">
         <name>.text:__PCM_setCoreVoltageLevelAdvanced</name>
         <load_address>0x2704</load_address>
         <run_address>0x2704</run_address>
         <size>0x108</size>
         <input_file_ref idref="fl-1f"/>
      </object_component>
      <object_component id="oc-4e5">
         <name>.text:aligned_alloc</name>
         <load_address>0x280c</load_address>
         <run_address>0x280c</run_address>
         <size>0x100</size>
         <input_file_ref idref="fl-fd"/>
      </object_component>
      <object_component id="oc-279">
         <name>.text</name>
         <load_address>0x290c</load_address>
         <run_address>0x290c</run_address>
         <size>0xfc</size>
         <input_file_ref idref="fl-eb"/>
      </object_component>
      <object_component id="oc-196">
         <name>.text:Initalise_Enconder</name>
         <load_address>0x2a08</load_address>
         <run_address>0x2a08</run_address>
         <size>0xec</size>
         <input_file_ref idref="fl-d"/>
      </object_component>
      <object_component id="oc-6b3">
         <name>.text:free</name>
         <load_address>0x2af4</load_address>
         <run_address>0x2af4</run_address>
         <size>0xe4</size>
         <input_file_ref idref="fl-fd"/>
      </object_component>
      <object_component id="oc-1c0">
         <name>.text:parseData</name>
         <load_address>0x2bd8</load_address>
         <run_address>0x2bd8</run_address>
         <size>0xe4</size>
         <input_file_ref idref="fl-f"/>
      </object_component>
      <object_component id="oc-1c6">
         <name>.text:checkCommand</name>
         <load_address>0x2cbc</load_address>
         <run_address>0x2cbc</run_address>
         <size>0xdc</size>
         <input_file_ref idref="fl-a"/>
      </object_component>
      <object_component id="oc-65d">
         <name>.text:setvbuf</name>
         <load_address>0x2d98</load_address>
         <run_address>0x2d98</run_address>
         <size>0xdc</size>
         <input_file_ref idref="fl-e2"/>
      </object_component>
      <object_component id="oc-1ae">
         <name>.text:setup_connection</name>
         <load_address>0x2e74</load_address>
         <run_address>0x2e74</run_address>
         <size>0xd8</size>
         <input_file_ref idref="fl-f"/>
      </object_component>
      <object_component id="oc-1ba">
         <name>.text:get_api</name>
         <load_address>0x2f4c</load_address>
         <run_address>0x2f4c</run_address>
         <size>0xcc</size>
         <input_file_ref idref="fl-f"/>
      </object_component>
      <object_component id="oc-362">
         <name>.text:ESP8266_EstablishConnection</name>
         <load_address>0x3018</load_address>
         <run_address>0x3018</run_address>
         <size>0xc0</size>
         <input_file_ref idref="fl-4"/>
      </object_component>
      <object_component id="oc-334">
         <name>.text:MSPrintf</name>
         <load_address>0x30d8</load_address>
         <run_address>0x30d8</run_address>
         <size>0xba</size>
         <input_file_ref idref="fl-5"/>
      </object_component>
      <object_component id="oc-18a">
         <name>.text:init_line_tracker</name>
         <load_address>0x3194</load_address>
         <run_address>0x3194</run_address>
         <size>0xb8</size>
         <input_file_ref idref="fl-b"/>
      </object_component>
      <object_component id="oc-25a">
         <name>.text:stopTimer</name>
         <load_address>0x324c</load_address>
         <run_address>0x324c</run_address>
         <size>0xb4</size>
         <input_file_ref idref="fl-d"/>
      </object_component>
      <object_component id="oc-3fa">
         <name>.text:_ltostr</name>
         <load_address>0x3300</load_address>
         <run_address>0x3300</run_address>
         <size>0xb1</size>
         <input_file_ref idref="fl-dd"/>
      </object_component>
      <object_component id="oc-36a">
         <name>.text:ESP8266_SendData</name>
         <load_address>0x33b4</load_address>
         <run_address>0x33b4</run_address>
         <size>0xb0</size>
         <input_file_ref idref="fl-4"/>
      </object_component>
      <object_component id="oc-19c">
         <name>.text:Initalise_Motor</name>
         <load_address>0x3464</load_address>
         <run_address>0x3464</run_address>
         <size>0xac</size>
         <input_file_ref idref="fl-a"/>
      </object_component>
      <object_component id="oc-9a">
         <name>.text:PORT6_IRQHandler</name>
         <load_address>0x3510</load_address>
         <run_address>0x3510</run_address>
         <size>0xa8</size>
         <input_file_ref idref="fl-b"/>
      </object_component>
      <object_component id="oc-82">
         <name>.text:EUSCIA2_IRQHandler</name>
         <load_address>0x35b8</load_address>
         <run_address>0x35b8</run_address>
         <size>0xa4</size>
         <input_file_ref idref="fl-9"/>
      </object_component>
      <object_component id="oc-3a">
         <name>.text</name>
         <load_address>0x365c</load_address>
         <run_address>0x365c</run_address>
         <size>0x9c</size>
         <input_file_ref idref="fl-f0"/>
      </object_component>
      <object_component id="oc-52f">
         <name>.text</name>
         <load_address>0x36f8</load_address>
         <run_address>0x36f8</run_address>
         <size>0x96</size>
         <input_file_ref idref="fl-e6"/>
      </object_component>
      <object_component id="oc-4b5">
         <name>.text:PrintInteger</name>
         <load_address>0x378e</load_address>
         <run_address>0x378e</run_address>
         <size>0x8c</size>
         <input_file_ref idref="fl-5"/>
      </object_component>
      <object_component id="oc-450">
         <name>.text:fputc</name>
         <load_address>0x381c</load_address>
         <run_address>0x381c</run_address>
         <size>0x8c</size>
         <input_file_ref idref="fl-df"/>
      </object_component>
      <object_component id="oc-390">
         <name>.text:turnright</name>
         <load_address>0x38a8</load_address>
         <run_address>0x38a8</run_address>
         <size>0x8c</size>
         <input_file_ref idref="fl-a"/>
      </object_component>
      <object_component id="oc-7c">
         <name>.text:EUSCIA0_IRQHandler</name>
         <load_address>0x3934</load_address>
         <run_address>0x3934</run_address>
         <size>0x88</size>
         <input_file_ref idref="fl-9"/>
      </object_component>
      <object_component id="oc-2c7">
         <name>.text:GPIO_setAsPeripheralModuleFunctionOutputPin</name>
         <load_address>0x39bc</load_address>
         <run_address>0x39bc</run_address>
         <size>0x88</size>
         <input_file_ref idref="fl-1d"/>
      </object_component>
      <object_component id="oc-190">
         <name>.text:Initalise_HCSR04_New</name>
         <load_address>0x3a44</load_address>
         <run_address>0x3a44</run_address>
         <size>0x88</size>
         <input_file_ref idref="fl-e"/>
      </object_component>
      <object_component id="oc-400">
         <name>.text:__aeabi_cdcmple</name>
         <load_address>0x3acc</load_address>
         <run_address>0x3acc</run_address>
         <size>0x86</size>
         <input_file_ref idref="fl-e9"/>
      </object_component>
      <object_component id="oc-536">
         <name>.text:__aeabi_cdrcmple</name>
         <load_address>0x3b52</load_address>
         <run_address>0x3b52</run_address>
         <size>0x86</size>
         <input_file_ref idref="fl-e9"/>
      </object_component>
      <object_component id="oc-12e">
         <name>.text:GPIO_getEnabledInterruptStatus</name>
         <load_address>0x3bd8</load_address>
         <run_address>0x3bd8</run_address>
         <size>0x84</size>
         <input_file_ref idref="fl-1d"/>
      </object_component>
      <object_component id="oc-8e">
         <name>.text:PORT3_IRQHandler</name>
         <load_address>0x3c5c</load_address>
         <run_address>0x3c5c</run_address>
         <size>0x84</size>
         <input_file_ref idref="fl-c"/>
      </object_component>
      <object_component id="oc-34c">
         <name>.text:ESP8266_EnableMultipleConnections</name>
         <load_address>0x3ce0</load_address>
         <run_address>0x3ce0</run_address>
         <size>0x80</size>
         <input_file_ref idref="fl-4"/>
      </object_component>
      <object_component id="oc-2fd">
         <name>.text:Interrupt_enableInterrupt</name>
         <load_address>0x3d60</load_address>
         <run_address>0x3d60</run_address>
         <size>0x80</size>
         <input_file_ref idref="fl-1e"/>
      </object_component>
      <object_component id="oc-4c2">
         <name>.text:ESP8266_WaitForAnswer</name>
         <load_address>0x3de0</load_address>
         <run_address>0x3de0</run_address>
         <size>0x7c</size>
         <input_file_ref idref="fl-4"/>
      </object_component>
      <object_component id="oc-be">
         <name>.text</name>
         <load_address>0x3e5c</load_address>
         <run_address>0x3e5c</run_address>
         <size>0x7a</size>
         <input_file_ref idref="fl-e7"/>
      </object_component>
      <object_component id="oc-dc">
         <name>.text:SystemInit</name>
         <load_address>0x3ed8</load_address>
         <run_address>0x3ed8</run_address>
         <size>0x78</size>
         <input_file_ref idref="fl-3"/>
      </object_component>
      <object_component id="oc-76">
         <name>.text:TA3_0_IRQHandler</name>
         <load_address>0x3f50</load_address>
         <run_address>0x3f50</run_address>
         <size>0x78</size>
         <input_file_ref idref="fl-d"/>
      </object_component>
      <object_component id="oc-30e">
         <name>.text:Timer_A_generatePWM</name>
         <load_address>0x3fc8</load_address>
         <run_address>0x3fc8</run_address>
         <size>0x74</size>
         <input_file_ref idref="fl-23"/>
      </object_component>
      <object_component id="oc-6ef">
         <name>.text:__TI_closefile</name>
         <load_address>0x403c</load_address>
         <run_address>0x403c</run_address>
         <size>0x74</size>
         <input_file_ref idref="fl-11a"/>
      </object_component>
      <object_component id="oc-603">
         <name>.text:split</name>
         <load_address>0x40b0</load_address>
         <run_address>0x40b0</run_address>
         <size>0x70</size>
         <input_file_ref idref="fl-fd"/>
      </object_component>
      <object_component id="oc-54c">
         <name>.text:_mcpy</name>
         <load_address>0x4120</load_address>
         <run_address>0x4120</run_address>
         <size>0x6e</size>
         <input_file_ref idref="fl-dd"/>
      </object_component>
      <object_component id="oc-4d9">
         <name>.text:ltoa</name>
         <load_address>0x4190</load_address>
         <run_address>0x4190</run_address>
         <size>0x6e</size>
         <input_file_ref idref="fl-fa"/>
      </object_component>
      <object_component id="oc-27e">
         <name>.text</name>
         <load_address>0x41fe</load_address>
         <run_address>0x41fe</run_address>
         <size>0x6e</size>
         <input_file_ref idref="fl-ed"/>
      </object_component>
      <object_component id="oc-346">
         <name>.text:ESP8266_ConnectToAP</name>
         <load_address>0x426c</load_address>
         <run_address>0x426c</run_address>
         <size>0x6c</size>
         <input_file_ref idref="fl-4"/>
      </object_component>
      <object_component id="oc-71f">
         <name>.text:HOSTrename</name>
         <load_address>0x42d8</load_address>
         <run_address>0x42d8</run_address>
         <size>0x6c</size>
         <input_file_ref idref="fl-114"/>
      </object_component>
      <object_component id="oc-713">
         <name>.text:HOSTlseek</name>
         <load_address>0x4344</load_address>
         <run_address>0x4344</run_address>
         <size>0x68</size>
         <input_file_ref idref="fl-111"/>
      </object_component>
      <object_component id="oc-17">
         <name>.text:decompress:lzss:__TI_decompress_lzss</name>
         <load_address>0x43ac</load_address>
         <run_address>0x43ac</run_address>
         <size>0x68</size>
         <input_file_ref idref="fl-f3"/>
      </object_component>
      <object_component id="oc-13a">
         <name>.text:printf</name>
         <load_address>0x4414</load_address>
         <run_address>0x4414</run_address>
         <size>0x68</size>
         <input_file_ref idref="fl-dc"/>
      </object_component>
      <object_component id="oc-fb">
         <name>.text:UART_getEnabledInterruptStatus</name>
         <load_address>0x447c</load_address>
         <run_address>0x447c</run_address>
         <size>0x64</size>
         <input_file_ref idref="fl-24"/>
      </object_component>
      <object_component id="oc-561">
         <name>.text:frexp</name>
         <load_address>0x44e0</load_address>
         <run_address>0x44e0</run_address>
         <size>0x64</size>
         <input_file_ref idref="fl-e3"/>
      </object_component>
      <object_component id="oc-657">
         <name>.text:fseek</name>
         <load_address>0x4544</load_address>
         <run_address>0x4544</run_address>
         <size>0x64</size>
         <input_file_ref idref="fl-10a"/>
      </object_component>
      <object_component id="oc-598">
         <name>.text:__TI_wrt_ok</name>
         <load_address>0x45a8</load_address>
         <run_address>0x45a8</run_address>
         <size>0x62</size>
         <input_file_ref idref="fl-e1"/>
      </object_component>
      <object_component id="oc-6fb">
         <name>.text:HOSTopen</name>
         <load_address>0x460c</load_address>
         <run_address>0x460c</run_address>
         <size>0x60</size>
         <input_file_ref idref="fl-112"/>
      </object_component>
      <object_component id="oc-67a">
         <name>.text:PCM_getCoreVoltageLevel</name>
         <load_address>0x466c</load_address>
         <run_address>0x466c</run_address>
         <size>0x5e</size>
         <input_file_ref idref="fl-1f"/>
      </object_component>
      <object_component id="oc-72c">
         <name>.text:close</name>
         <load_address>0x46cc</load_address>
         <run_address>0x46cc</run_address>
         <size>0x5c</size>
         <input_file_ref idref="fl-11e"/>
      </object_component>
      <object_component id="oc-674">
         <name>.text:PCM_getPowerMode</name>
         <load_address>0x4728</load_address>
         <run_address>0x4728</run_address>
         <size>0x5a</size>
         <input_file_ref idref="fl-1f"/>
      </object_component>
      <object_component id="oc-2eb">
         <name>.text:GPIO_setAsInputPinWithPullUpResistor</name>
         <load_address>0x4784</load_address>
         <run_address>0x4784</run_address>
         <size>0x58</size>
         <input_file_ref idref="fl-1d"/>
      </object_component>
      <object_component id="oc-707">
         <name>.text:HOSTread</name>
         <load_address>0x47dc</load_address>
         <run_address>0x47dc</run_address>
         <size>0x58</size>
         <input_file_ref idref="fl-113"/>
      </object_component>
      <object_component id="oc-70d">
         <name>.text:HOSTwrite</name>
         <load_address>0x4834</load_address>
         <run_address>0x4834</run_address>
         <size>0x58</size>
         <input_file_ref idref="fl-116"/>
      </object_component>
      <object_component id="oc-40b">
         <name>.text:_pconv_f</name>
         <load_address>0x488c</load_address>
         <run_address>0x488c</run_address>
         <size>0x56</size>
         <input_file_ref idref="fl-dd"/>
      </object_component>
      <object_component id="oc-540">
         <name>.text:__TI_ltoa</name>
         <load_address>0x48e2</load_address>
         <run_address>0x48e2</run_address>
         <size>0x54</size>
         <input_file_ref idref="fl-f6"/>
      </object_component>
      <object_component id="oc-384">
         <name>.text:turnleft</name>
         <load_address>0x4938</load_address>
         <run_address>0x4938</run_address>
         <size>0x54</size>
         <input_file_ref idref="fl-a"/>
      </object_component>
      <object_component id="oc-546">
         <name>.text:_ecpy</name>
         <load_address>0x498c</load_address>
         <run_address>0x498c</run_address>
         <size>0x52</size>
         <input_file_ref idref="fl-dd"/>
      </object_component>
      <object_component id="oc-2df">
         <name>.text:Timer_A_initCompare</name>
         <load_address>0x49de</load_address>
         <run_address>0x49de</run_address>
         <size>0x4e</size>
         <input_file_ref idref="fl-23"/>
      </object_component>
      <object_component id="oc-340">
         <name>.text:ESP8266_CheckConnection</name>
         <load_address>0x4a2c</load_address>
         <run_address>0x4a2c</run_address>
         <size>0x4c</size>
         <input_file_ref idref="fl-4"/>
      </object_component>
      <object_component id="oc-2cd">
         <name>.text:GPIO_setAsInputPin</name>
         <load_address>0x4a78</load_address>
         <run_address>0x4a78</run_address>
         <size>0x4c</size>
         <input_file_ref idref="fl-1d"/>
      </object_component>
      <object_component id="oc-268">
         <name>.text:Timer_A_getCounterValue</name>
         <load_address>0x4ac4</load_address>
         <run_address>0x4ac4</run_address>
         <size>0x4c</size>
         <input_file_ref idref="fl-23"/>
      </object_component>
      <object_component id="oc-5db">
         <name>.text:UART_Available</name>
         <load_address>0x4b10</load_address>
         <run_address>0x4b10</run_address>
         <size>0x4c</size>
         <input_file_ref idref="fl-9"/>
      </object_component>
      <object_component id="oc-5a4">
         <name>.text:__TI_doflush</name>
         <load_address>0x4b5c</load_address>
         <run_address>0x4b5c</run_address>
         <size>0x4c</size>
         <input_file_ref idref="fl-108"/>
      </object_component>
      <object_component id="oc-371">
         <name>.text:atoi</name>
         <load_address>0x4ba8</load_address>
         <run_address>0x4ba8</run_address>
         <size>0x4c</size>
         <input_file_ref idref="fl-f7"/>
      </object_component>
      <object_component id="oc-38a">
         <name>.text:moveBackward</name>
         <load_address>0x4bf4</load_address>
         <run_address>0x4bf4</run_address>
         <size>0x4c</size>
         <input_file_ref idref="fl-a"/>
      </object_component>
      <object_component id="oc-480">
         <name>.text:FlashCtl_setWaitState</name>
         <load_address>0x4c40</load_address>
         <run_address>0x4c40</run_address>
         <size>0x48</size>
         <input_file_ref idref="fl-1c"/>
      </object_component>
      <object_component id="oc-32e">
         <name>.text:UART_Flush</name>
         <load_address>0x4c88</load_address>
         <run_address>0x4c88</run_address>
         <size>0x48</size>
         <input_file_ref idref="fl-9"/>
      </object_component>
      <object_component id="oc-1dc">
         <name>.text:exit</name>
         <load_address>0x4cd0</load_address>
         <run_address>0x4cd0</run_address>
         <size>0x48</size>
         <input_file_ref idref="fl-f4"/>
      </object_component>
      <object_component id="oc-53b">
         <name>.text</name>
         <load_address>0x4d18</load_address>
         <run_address>0x4d18</run_address>
         <size>0x48</size>
         <input_file_ref idref="fl-ec"/>
      </object_component>
      <object_component id="oc-701">
         <name>.text:HOSTclose</name>
         <load_address>0x4d60</load_address>
         <run_address>0x4d60</run_address>
         <size>0x44</size>
         <input_file_ref idref="fl-110"/>
      </object_component>
      <object_component id="oc-719">
         <name>.text:HOSTunlink</name>
         <load_address>0x4da4</load_address>
         <run_address>0x4da4</run_address>
         <size>0x44</size>
         <input_file_ref idref="fl-115"/>
      </object_component>
      <object_component id="oc-1e2">
         <name>.text:__TI_auto_init_nobinit_nopinit:__TI_auto_init_nobinit_nopinit</name>
         <load_address>0x4de8</load_address>
         <run_address>0x4de8</run_address>
         <size>0x44</size>
         <input_file_ref idref="fl-10c"/>
      </object_component>
      <object_component id="oc-75b">
         <name>.text:getdevice</name>
         <load_address>0x4e2c</load_address>
         <run_address>0x4e2c</run_address>
         <size>0x44</size>
         <input_file_ref idref="fl-11b"/>
      </object_component>
      <object_component id="oc-17e">
         <name>.text:GPIO_setAsOutputPin</name>
         <load_address>0x4e70</load_address>
         <run_address>0x4e70</run_address>
         <size>0x40</size>
         <input_file_ref idref="fl-1d"/>
      </object_component>
      <object_component id="oc-4a3">
         <name>.text:UART_Write</name>
         <load_address>0x4eb0</load_address>
         <run_address>0x4eb0</run_address>
         <size>0x40</size>
         <input_file_ref idref="fl-9"/>
      </object_component>
      <object_component id="oc-559">
         <name>.text:_fcpy</name>
         <load_address>0x4ef0</load_address>
         <run_address>0x4ef0</run_address>
         <size>0x3e</size>
         <input_file_ref idref="fl-dd"/>
      </object_component>
      <object_component id="oc-2f7">
         <name>.text:GPIO_interruptEdgeSelect</name>
         <load_address>0x4f30</load_address>
         <run_address>0x4f30</run_address>
         <size>0x3c</size>
         <input_file_ref idref="fl-1d"/>
      </object_component>
      <object_component id="oc-121">
         <name>.text:stop</name>
         <load_address>0x4f6c</load_address>
         <run_address>0x4f6c</run_address>
         <size>0x3c</size>
         <input_file_ref idref="fl-a"/>
      </object_component>
      <object_component id="oc-73d">
         <name>.text:__TI_writemsg</name>
         <load_address>0x4fa8</load_address>
         <run_address>0x4fa8</run_address>
         <size>0x38</size>
         <input_file_ref idref="fl-117"/>
      </object_component>
      <object_component id="oc-2ad">
         <name>.text:generatePWM</name>
         <load_address>0x4fe0</load_address>
         <run_address>0x4fe0</run_address>
         <size>0x38</size>
         <input_file_ref idref="fl-a"/>
      </object_component>
      <object_component id="oc-274">
         <name>.text</name>
         <load_address>0x5018</load_address>
         <run_address>0x5018</run_address>
         <size>0x38</size>
         <input_file_ref idref="fl-ee"/>
      </object_component>
      <object_component id="oc-77b">
         <name>.text:strncpy</name>
         <load_address>0x5050</load_address>
         <run_address>0x5050</run_address>
         <size>0x36</size>
         <input_file_ref idref="fl-11c"/>
      </object_component>
      <object_component id="oc-48c">
         <name>.text:CS_setDCOCenteredFrequency</name>
         <load_address>0x5088</load_address>
         <run_address>0x5088</run_address>
         <size>0x34</size>
         <input_file_ref idref="fl-1b"/>
      </object_component>
      <object_component id="oc-88">
         <name>.text:PORT1_IRQHandler</name>
         <load_address>0x50bc</load_address>
         <run_address>0x50bc</run_address>
         <size>0x34</size>
         <input_file_ref idref="fl-a"/>
      </object_component>
      <object_component id="oc-2d3">
         <name>.text:Timer_A_configureContinuousMode</name>
         <load_address>0x50f0</load_address>
         <run_address>0x50f0</run_address>
         <size>0x34</size>
         <input_file_ref idref="fl-23"/>
      </object_component>
      <object_component id="oc-6b9">
         <name>.text:__TI_cleanup</name>
         <load_address>0x5124</load_address>
         <run_address>0x5124</run_address>
         <size>0x34</size>
         <input_file_ref idref="fl-109"/>
      </object_component>
      <object_component id="oc-743">
         <name>.text:__TI_readmsg</name>
         <load_address>0x5158</load_address>
         <run_address>0x5158</run_address>
         <size>0x34</size>
         <input_file_ref idref="fl-117"/>
      </object_component>
      <object_component id="oc-58">
         <name>.text:_c_int00_noargs:_c_int00_noargs</name>
         <load_address>0x518c</load_address>
         <run_address>0x518c</run_address>
         <size>0x34</size>
         <input_file_ref idref="fl-104"/>
      </object_component>
      <object_component id="oc-4ef">
         <name>.text:moveLeftBackward</name>
         <load_address>0x51c0</load_address>
         <run_address>0x51c0</run_address>
         <size>0x34</size>
         <input_file_ref idref="fl-a"/>
      </object_component>
      <object_component id="oc-24a">
         <name>.text:moveLeftFoward</name>
         <load_address>0x51f4</load_address>
         <run_address>0x51f4</run_address>
         <size>0x34</size>
         <input_file_ref idref="fl-a"/>
      </object_component>
      <object_component id="oc-4f5">
         <name>.text:moveRightBackward</name>
         <load_address>0x5228</load_address>
         <run_address>0x5228</run_address>
         <size>0x34</size>
         <input_file_ref idref="fl-a"/>
      </object_component>
      <object_component id="oc-250">
         <name>.text:moveRightFoward</name>
         <load_address>0x525c</load_address>
         <run_address>0x525c</run_address>
         <size>0x34</size>
         <input_file_ref idref="fl-a"/>
      </object_component>
      <object_component id="oc-4c8">
         <name>.text:strstr</name>
         <load_address>0x5290</load_address>
         <run_address>0x5290</run_address>
         <size>0x34</size>
         <input_file_ref idref="fl-102"/>
      </object_component>
      <object_component id="oc-26e">
         <name>.text:GPIO_getInputPinValue</name>
         <load_address>0x52c4</load_address>
         <run_address>0x52c4</run_address>
         <size>0x30</size>
         <input_file_ref idref="fl-1d"/>
      </object_component>
      <object_component id="oc-10c">
         <name>.text:UART_receiveData</name>
         <load_address>0x52f4</load_address>
         <run_address>0x52f4</run_address>
         <size>0x30</size>
         <input_file_ref idref="fl-24"/>
      </object_component>
      <object_component id="oc-781">
         <name>.text:finddevice</name>
         <load_address>0x5324</load_address>
         <run_address>0x5324</run_address>
         <size>0x30</size>
         <input_file_ref idref="fl-11b"/>
      </object_component>
      <object_component id="oc-e4">
         <name>.text</name>
         <load_address>0x5354</load_address>
         <run_address>0x5354</run_address>
         <size>0x2e</size>
         <input_file_ref idref="fl-ef"/>
      </object_component>
      <object_component id="oc-ee">
         <name>.text:Timer_A_clearCaptureCompareInterrupt</name>
         <load_address>0x5384</load_address>
         <run_address>0x5384</run_address>
         <size>0x2c</size>
         <input_file_ref idref="fl-23"/>
      </object_component>
      <object_component id="oc-3d7">
         <name>.text:Timer_A_disableCaptureCompareInterrupt</name>
         <load_address>0x53b0</load_address>
         <run_address>0x53b0</run_address>
         <size>0x2c</size>
         <input_file_ref idref="fl-23"/>
      </object_component>
      <object_component id="oc-732">
         <name>.text:unlink</name>
         <load_address>0x53dc</load_address>
         <run_address>0x53dc</run_address>
         <size>0x2c</size>
         <input_file_ref idref="fl-11f"/>
      </object_component>
      <object_component id="oc-127">
         <name>.text:GPIO_clearInterruptFlag</name>
         <load_address>0x5408</load_address>
         <run_address>0x5408</run_address>
         <size>0x28</size>
         <input_file_ref idref="fl-1d"/>
      </object_component>
      <object_component id="oc-2f1">
         <name>.text:GPIO_enableInterrupt</name>
         <load_address>0x5430</load_address>
         <run_address>0x5430</run_address>
         <size>0x28</size>
         <input_file_ref idref="fl-1d"/>
      </object_component>
      <object_component id="oc-154">
         <name>.text:GPIO_setOutputHighOnPin</name>
         <load_address>0x5458</load_address>
         <run_address>0x5458</run_address>
         <size>0x28</size>
         <input_file_ref idref="fl-1d"/>
      </object_component>
      <object_component id="oc-184">
         <name>.text:GPIO_setOutputLowOnPin</name>
         <load_address>0x5480</load_address>
         <run_address>0x5480</run_address>
         <size>0x28</size>
         <input_file_ref idref="fl-1d"/>
      </object_component>
      <object_component id="oc-352">
         <name>.text:GPIO_toggleOutputOnPin</name>
         <load_address>0x54a8</load_address>
         <run_address>0x54a8</run_address>
         <size>0x28</size>
         <input_file_ref idref="fl-1d"/>
      </object_component>
      <object_component id="oc-5fd">
         <name>.text:free_list_insert</name>
         <load_address>0x54d0</load_address>
         <run_address>0x54d0</run_address>
         <size>0x28</size>
         <input_file_ref idref="fl-fd"/>
      </object_component>
      <object_component id="oc-6ab">
         <name>.text:lseek</name>
         <load_address>0x54f8</load_address>
         <run_address>0x54f8</run_address>
         <size>0x28</size>
         <input_file_ref idref="fl-119"/>
      </object_component>
      <object_component id="oc-396">
         <name>.text:rotate</name>
         <load_address>0x5520</load_address>
         <run_address>0x5520</run_address>
         <size>0x28</size>
         <input_file_ref idref="fl-a"/>
      </object_component>
      <object_component id="oc-5aa">
         <name>.text:write</name>
         <load_address>0x5548</load_address>
         <run_address>0x5548</run_address>
         <size>0x28</size>
         <input_file_ref idref="fl-105"/>
      </object_component>
      <object_component id="oc-1b4">
         <name>.text:Delay</name>
         <load_address>0x5570</load_address>
         <run_address>0x5570</run_address>
         <size>0x24</size>
         <input_file_ref idref="fl-f"/>
      </object_component>
      <object_component id="oc-261">
         <name>.text:GPIO_getInterruptStatus</name>
         <load_address>0x5594</load_address>
         <run_address>0x5594</run_address>
         <size>0x24</size>
         <input_file_ref idref="fl-1d"/>
      </object_component>
      <object_component id="oc-31c">
         <name>.text:CS_Init</name>
         <load_address>0x55b8</load_address>
         <run_address>0x55b8</run_address>
         <size>0x22</size>
         <input_file_ref idref="fl-7"/>
      </object_component>
      <object_component id="oc-328">
         <name>.text:ESP8266_HardReset</name>
         <load_address>0x55da</load_address>
         <run_address>0x55da</run_address>
         <size>0x22</size>
         <input_file_ref idref="fl-4"/>
      </object_component>
      <object_component id="oc-4af">
         <name>.text:PrintString</name>
         <load_address>0x55fc</load_address>
         <run_address>0x55fc</run_address>
         <size>0x22</size>
         <input_file_ref idref="fl-5"/>
      </object_component>
      <object_component id="oc-49b">
         <name>.text:GPIO_High</name>
         <load_address>0x5620</load_address>
         <run_address>0x5620</run_address>
         <size>0x20</size>
         <input_file_ref idref="fl-8"/>
      </object_component>
      <object_component id="oc-495">
         <name>.text:GPIO_Low</name>
         <load_address>0x5640</load_address>
         <run_address>0x5640</run_address>
         <size>0x20</size>
         <input_file_ref idref="fl-8"/>
      </object_component>
      <object_component id="oc-59e">
         <name>.text:memchr</name>
         <load_address>0x5660</load_address>
         <run_address>0x5660</run_address>
         <size>0x20</size>
         <input_file_ref idref="fl-fc"/>
      </object_component>
      <object_component id="oc-112">
         <name>.text:moveForward</name>
         <load_address>0x5680</load_address>
         <run_address>0x5680</run_address>
         <size>0x20</size>
         <input_file_ref idref="fl-a"/>
      </object_component>
      <object_component id="oc-5f7">
         <name>.text:free_list_remove</name>
         <load_address>0x56a0</load_address>
         <run_address>0x56a0</run_address>
         <size>0x1c</size>
         <input_file_ref idref="fl-fd"/>
      </object_component>
      <object_component id="oc-41d">
         <name>.text:memccpy</name>
         <load_address>0x56bc</load_address>
         <run_address>0x56bc</run_address>
         <size>0x1c</size>
         <input_file_ref idref="fl-fb"/>
      </object_component>
      <object_component id="oc-63b">
         <name>.text:copysign</name>
         <load_address>0x56d8</load_address>
         <run_address>0x56d8</run_address>
         <size>0x1a</size>
         <input_file_ref idref="fl-e5"/>
      </object_component>
      <object_component id="oc-3e3">
         <name>.text:Timer_A_clearTimer</name>
         <load_address>0x56f4</load_address>
         <run_address>0x56f4</run_address>
         <size>0x18</size>
         <input_file_ref idref="fl-23"/>
      </object_component>
      <object_component id="oc-2e5">
         <name>.text:Timer_A_disableInterrupt</name>
         <load_address>0x570c</load_address>
         <run_address>0x570c</run_address>
         <size>0x18</size>
         <input_file_ref idref="fl-23"/>
      </object_component>
      <object_component id="oc-227">
         <name>.text:UART_getInterruptStatus</name>
         <load_address>0x5724</load_address>
         <run_address>0x5724</run_address>
         <size>0x18</size>
         <input_file_ref idref="fl-24"/>
      </object_component>
      <object_component id="oc-37e">
         <name>.text:strcmp</name>
         <load_address>0x573c</load_address>
         <run_address>0x573c</run_address>
         <size>0x18</size>
         <input_file_ref idref="fl-ff"/>
      </object_component>
      <object_component id="oc-2d9">
         <name>.text:Timer_A_startCounter</name>
         <load_address>0x5754</load_address>
         <run_address>0x5754</run_address>
         <size>0x16</size>
         <input_file_ref idref="fl-23"/>
      </object_component>
      <object_component id="oc-56d">
         <name>.text:strchr</name>
         <load_address>0x576a</load_address>
         <run_address>0x576a</run_address>
         <size>0x16</size>
         <input_file_ref idref="fl-fe"/>
      </object_component>
      <object_component id="oc-680">
         <name>.text:PCM_getPowerState</name>
         <load_address>0x5780</load_address>
         <run_address>0x5780</run_address>
         <size>0x14</size>
         <input_file_ref idref="fl-1f"/>
      </object_component>
      <object_component id="oc-4a9">
         <name>.text:PrintChar</name>
         <load_address>0x5794</load_address>
         <run_address>0x5794</run_address>
         <size>0x14</size>
         <input_file_ref idref="fl-5"/>
      </object_component>
      <object_component id="oc-3dd">
         <name>.text:Timer_A_stopTimer</name>
         <load_address>0x57a8</load_address>
         <run_address>0x57a8</run_address>
         <size>0x14</size>
         <input_file_ref idref="fl-23"/>
      </object_component>
      <object_component id="oc-5ea">
         <name>.text:strcpy</name>
         <load_address>0x57bc</load_address>
         <run_address>0x57bc</run_address>
         <size>0x14</size>
         <input_file_ref idref="fl-100"/>
      </object_component>
      <object_component id="oc-3f4">
         <name>.text:strlen</name>
         <load_address>0x57d0</load_address>
         <run_address>0x57d0</run_address>
         <size>0x14</size>
         <input_file_ref idref="fl-101"/>
      </object_component>
      <object_component id="oc-423">
         <name>.text:wcslen</name>
         <load_address>0x57e4</load_address>
         <run_address>0x57e4</run_address>
         <size>0x12</size>
         <input_file_ref idref="fl-107"/>
      </object_component>
      <object_component id="oc-1a2">
         <name>.text:Interrupt_enableMaster</name>
         <load_address>0x57f6</load_address>
         <run_address>0x57f6</run_address>
         <size>0x10</size>
         <input_file_ref idref="fl-1e"/>
      </object_component>
      <object_component id="oc-486">
         <name>.text:PCM_setCoreVoltageLevel</name>
         <load_address>0x5806</load_address>
         <run_address>0x5806</run_address>
         <size>0x10</size>
         <input_file_ref idref="fl-1f"/>
      </object_component>
      <object_component id="oc-686">
         <name>.text:PCM_setPowerMode</name>
         <load_address>0x5816</load_address>
         <run_address>0x5816</run_address>
         <size>0x10</size>
         <input_file_ref idref="fl-1f"/>
      </object_component>
      <object_component id="oc-1d">
         <name>.text:decompress:none:__TI_decompress_none</name>
         <load_address>0x5826</load_address>
         <run_address>0x5826</run_address>
         <size>0xe</size>
         <input_file_ref idref="fl-f2"/>
      </object_component>
      <object_component id="oc-315">
         <name>.text:CPU_cpsie</name>
         <load_address>0x5834</load_address>
         <run_address>0x5834</run_address>
         <size>0xc</size>
         <input_file_ref idref="fl-26"/>
      </object_component>
      <object_component id="oc-6a">
         <name>.text:Reset_Handler</name>
         <load_address>0x5840</load_address>
         <run_address>0x5840</run_address>
         <size>0xc</size>
         <input_file_ref idref="fl-10"/>
      </object_component>
      <object_component id="oc-4c">
         <name>.text:decompress:ZI:__TI_zero_init</name>
         <load_address>0x584c</load_address>
         <run_address>0x584c</run_address>
         <size>0xc</size>
         <input_file_ref idref="fl-f1"/>
      </object_component>
      <object_component id="oc-33a">
         <name>.text:ESP8266_GetBuffer</name>
         <load_address>0x5858</load_address>
         <run_address>0x5858</run_address>
         <size>0x8</size>
         <input_file_ref idref="fl-4"/>
      </object_component>
      <object_component id="oc-429">
         <name>.text:__aeabi_errno_addr</name>
         <load_address>0x5860</load_address>
         <run_address>0x5860</run_address>
         <size>0x8</size>
         <input_file_ref idref="fl-103"/>
      </object_component>
      <object_component id="oc-377">
         <name>.text:malloc</name>
         <load_address>0x5868</load_address>
         <run_address>0x5868</run_address>
         <size>0x8</size>
         <input_file_ref idref="fl-fd"/>
      </object_component>
      <object_component id="oc-29a">
         <name>.text:_outc</name>
         <load_address>0x5870</load_address>
         <run_address>0x5870</run_address>
         <size>0x4</size>
         <input_file_ref idref="fl-dc"/>
      </object_component>
      <object_component id="oc-294">
         <name>.text:_outs</name>
         <load_address>0x5874</load_address>
         <run_address>0x5874</run_address>
         <size>0x4</size>
         <input_file_ref idref="fl-dc"/>
      </object_component>
      <object_component id="oc-c4">
         <name>.text:_system_pre_init</name>
         <load_address>0x5878</load_address>
         <run_address>0x5878</run_address>
         <size>0x4</size>
         <input_file_ref idref="fl-10d"/>
      </object_component>
      <object_component id="oc-1d6">
         <name>.text:abort:abort</name>
         <load_address>0x587c</load_address>
         <run_address>0x587c</run_address>
         <size>0x4</size>
         <input_file_ref idref="fl-f4"/>
      </object_component>
      <object_component id="oc-4e0">
         <name>.const:.string:_ctypes_</name>
         <load_address>0x5880</load_address>
         <run_address>0x5880</run_address>
         <size>0x101</size>
         <input_file_ref idref="fl-f8"/>
      </object_component>
      <object_component id="oc-25d">
         <name>.const:GPIO_PORT_TO_BASE</name>
         <load_address>0x5984</load_address>
         <run_address>0x5984</run_address>
         <size>0x30</size>
         <input_file_ref idref="fl-1d"/>
      </object_component>
      <object_component id="oc-30a">
         <name>.const:samplePeriodforSpeed</name>
         <load_address>0x59b4</load_address>
         <run_address>0x59b4</run_address>
         <size>0x18</size>
         <input_file_ref idref="fl-d"/>
      </object_component>
      <object_component id="oc-306">
         <name>.const:CCR3Config</name>
         <load_address>0x59cc</load_address>
         <run_address>0x59cc</run_address>
         <size>0x10</size>
         <input_file_ref idref="fl-e"/>
      </object_component>
      <object_component id="oc-303">
         <name>.const:contmConfig</name>
         <load_address>0x59dc</load_address>
         <run_address>0x59dc</run_address>
         <size>0x10</size>
         <input_file_ref idref="fl-e"/>
      </object_component>
      <object_component id="oc-473">
         <name>.const:g_pulEnRegs</name>
         <load_address>0x59ec</load_address>
         <run_address>0x59ec</run_address>
         <size>0x8</size>
         <input_file_ref idref="fl-1e"/>
      </object_component>
      <object_component id="oc-7cc">
         <name>.cinit..data.load</name>
         <load_address>0x59f8</load_address>
         <run_address>0x59f8</run_address>
         <size>0x10b</size>
      </object_component>
      <object_component id="oc-7ca">
         <name>__TI_handler_table</name>
         <load_address>0x5b04</load_address>
         <run_address>0x5b04</run_address>
         <size>0xc</size>
      </object_component>
      <object_component id="oc-7cd">
         <name>.cinit..bss.load</name>
         <load_address>0x5b10</load_address>
         <run_address>0x5b10</run_address>
         <size>0x8</size>
      </object_component>
      <object_component id="oc-7cb">
         <name>__TI_cinit_table</name>
         <load_address>0x5b18</load_address>
         <run_address>0x5b18</run_address>
         <size>0x10</size>
      </object_component>
      <object_component id="oc-79e">
         <name>.binit</name>
         <load_address>0x0</load_address>
         <run_address>0x0</run_address>
         <size>0x0</size>
      </object_component>
      <object_component id="oc-146">
         <name>.data</name>
         <load_address>0x20002368</load_address>
         <run_address>0x20002368</run_address>
         <size>0x54</size>
         <input_file_ref idref="fl-2"/>
      </object_component>
      <object_component id="oc-1d2">
         <name>.data:http_req_feedback_black</name>
         <load_address>0x20002493</load_address>
         <run_address>0x20002493</run_address>
         <size>0x3e</size>
         <input_file_ref idref="fl-2"/>
      </object_component>
      <object_component id="oc-1cf">
         <name>.data:http_req_feedback_obstacle</name>
         <load_address>0x20002452</load_address>
         <run_address>0x20002452</run_address>
         <size>0x41</size>
         <input_file_ref idref="fl-2"/>
      </object_component>
      <object_component id="oc-1cc">
         <name>.data:http_req_feedback_black_obstacle</name>
         <load_address>0x2000240c</load_address>
         <run_address>0x2000240c</run_address>
         <size>0x46</size>
         <input_file_ref idref="fl-2"/>
      </object_component>
      <object_component id="oc-2b5">
         <name>.data:pwmConfig</name>
         <load_address>0x20002590</load_address>
         <run_address>0x20002590</run_address>
         <size>0x18</size>
         <input_file_ref idref="fl-a"/>
      </object_component>
      <object_component id="oc-2b8">
         <name>.data:pwmConfig2</name>
         <load_address>0x20002578</load_address>
         <run_address>0x20002578</run_address>
         <size>0x18</size>
         <input_file_ref idref="fl-a"/>
      </object_component>
      <object_component id="oc-140">
         <name>.data</name>
         <load_address>0x20002560</load_address>
         <run_address>0x20002560</run_address>
         <size>0x18</size>
         <input_file_ref idref="fl-c"/>
      </object_component>
      <object_component id="oc-f4">
         <name>.data</name>
         <load_address>0x200024d8</load_address>
         <run_address>0x200024d8</run_address>
         <size>0x38</size>
         <input_file_ref idref="fl-d"/>
      </object_component>
      <object_component id="oc-358">
         <name>.data:UART0Config</name>
         <load_address>0x20002510</load_address>
         <run_address>0x20002510</run_address>
         <size>0x28</size>
         <input_file_ref idref="fl-f"/>
      </object_component>
      <object_component id="oc-35b">
         <name>.data:UART2Config</name>
         <load_address>0x20002538</load_address>
         <run_address>0x20002538</run_address>
         <size>0x28</size>
         <input_file_ref idref="fl-f"/>
      </object_component>
      <object_component id="oc-3a4">
         <name>.data:$O1$$</name>
         <load_address>0x200025b8</load_address>
         <run_address>0x200025b8</run_address>
         <size>0xc</size>
         <input_file_ref idref="fl-f4"/>
      </object_component>
      <object_component id="oc-28e">
         <name>.data:$O1$$</name>
         <load_address>0x200025c4</load_address>
         <run_address>0x200025c4</run_address>
         <size>0x8</size>
         <input_file_ref idref="fl-f5"/>
      </object_component>
      <object_component id="oc-291">
         <name>.data:_ftable</name>
         <load_address>0x20002200</load_address>
         <run_address>0x20002200</run_address>
         <size>0xf0</size>
         <input_file_ref idref="fl-f9"/>
      </object_component>
      <object_component id="oc-6f5">
         <name>.data</name>
         <load_address>0x200025a8</load_address>
         <run_address>0x200025a8</run_address>
         <size>0x10</size>
         <input_file_ref idref="fl-f9"/>
      </object_component>
      <object_component id="oc-609">
         <name>.data:$O1$$</name>
         <load_address>0x200025cc</load_address>
         <run_address>0x200025cc</run_address>
         <size>0x8</size>
         <input_file_ref idref="fl-fd"/>
      </object_component>
      <object_component id="oc-57d">
         <name>.data</name>
         <load_address>0x200024d4</load_address>
         <run_address>0x200024d4</run_address>
         <size>0x4</size>
         <input_file_ref idref="fl-103"/>
      </object_component>
      <object_component id="oc-6cc">
         <name>.data:_device</name>
         <load_address>0x200022f0</load_address>
         <run_address>0x200022f0</run_address>
         <size>0x78</size>
         <input_file_ref idref="fl-106"/>
      </object_component>
      <object_component id="oc-669">
         <name>.data:_stream</name>
         <load_address>0x200023bc</load_address>
         <run_address>0x200023bc</run_address>
         <size>0x50</size>
         <input_file_ref idref="fl-106"/>
      </object_component>
      <object_component id="oc-283">
         <name>.bss</name>
         <uninitialized>true</uninitialized>
         <run_address>0x200019c0</run_address>
         <size>0xc</size>
         <input_file_ref idref="fl-c"/>
      </object_component>
      <object_component id="oc-765">
         <name>.bss:_CIOBUF_</name>
         <uninitialized>true</uninitialized>
         <run_address>0x20001800</run_address>
         <size>0x120</size>
         <input_file_ref idref="fl-117"/>
      </object_component>
      <object_component id="oc-2b3">
         <name>.common:leftPIDOutput</name>
         <uninitialized>true</uninitialized>
         <run_address>0x200019f0</run_address>
         <size>0x4</size>
      </object_component>
      <object_component id="oc-2b4">
         <name>.common:rightPIDOutput</name>
         <uninitialized>true</uninitialized>
         <run_address>0x200019f8</run_address>
         <size>0x4</size>
      </object_component>
      <object_component id="oc-150">
         <name>.common:isTurning</name>
         <uninitialized>true</uninitialized>
         <run_address>0x200019fc</run_address>
         <size>0x1</size>
      </object_component>
      <object_component id="oc-35e">
         <name>.common:ESP8266_Data</name>
         <uninitialized>true</uninitialized>
         <run_address>0x200019d4</run_address>
         <size>0x4</size>
      </object_component>
      <object_component id="oc-4be">
         <name>.common:ESP8266_Buffer</name>
         <uninitialized>true</uninitialized>
         <run_address>0x20000000</run_address>
         <size>0x800</size>
      </object_component>
      <object_component id="oc-105">
         <name>.common:UARTA0Data</name>
         <uninitialized>true</uninitialized>
         <run_address>0x20000800</run_address>
         <size>0x800</size>
      </object_component>
      <object_component id="oc-104">
         <name>.common:UARTA0ReadIndex</name>
         <uninitialized>true</uninitialized>
         <run_address>0x200019d8</run_address>
         <size>0x4</size>
      </object_component>
      <object_component id="oc-101">
         <name>.common:UARTA0WriteIndex</name>
         <uninitialized>true</uninitialized>
         <run_address>0x200019dc</run_address>
         <size>0x4</size>
      </object_component>
      <object_component id="oc-11a">
         <name>.common:UARTA2Data</name>
         <uninitialized>true</uninitialized>
         <run_address>0x20001000</run_address>
         <size>0x800</size>
      </object_component>
      <object_component id="oc-119">
         <name>.common:UARTA2ReadIndex</name>
         <uninitialized>true</uninitialized>
         <run_address>0x200019e0</run_address>
         <size>0x4</size>
      </object_component>
      <object_component id="oc-118">
         <name>.common:UARTA2WriteIndex</name>
         <uninitialized>true</uninitialized>
         <run_address>0x200019e4</run_address>
         <size>0x4</size>
      </object_component>
      <object_component id="oc-256">
         <name>.common:pulsetarget</name>
         <uninitialized>true</uninitialized>
         <run_address>0x200019f4</run_address>
         <size>0x4</size>
      </object_component>
      <object_component id="oc-286">
         <name>.common:dist</name>
         <uninitialized>true</uninitialized>
         <run_address>0x200019e8</run_address>
         <size>0x4</size>
      </object_component>
      <object_component id="oc-143">
         <name>.common:distance</name>
         <uninitialized>true</uninitialized>
         <run_address>0x200019ec</run_address>
         <size>0x4</size>
      </object_component>
      <object_component id="oc-738">
         <name>.common:__TI_tmpnams</name>
         <uninitialized>true</uninitialized>
         <run_address>0x20001920</run_address>
         <size>0xa0</size>
      </object_component>
      <object_component id="oc-749">
         <name>.common:parmbuf</name>
         <uninitialized>true</uninitialized>
         <run_address>0x200019cc</run_address>
         <size>0x8</size>
      </object_component>
      <object_component id="oc-29">
         <name>.sysmem</name>
         <uninitialized>true</uninitialized>
         <run_address>0x20001a00</run_address>
         <size>0x10</size>
         <input_file_ref idref="fl-fd"/>
      </object_component>
      <object_component id="oc-7d0">
         <name>.sysmem</name>
         <uninitialized>true</uninitialized>
         <run_address>0x20001a00</run_address>
         <size>0x0</size>
      </object_component>
      <object_component id="oc-2c">
         <name>.stack</name>
         <uninitialized>true</uninitialized>
         <run_address>0x2000fe00</run_address>
         <size>0x4</size>
         <input_file_ref idref="fl-104"/>
      </object_component>
      <object_component id="oc-7cf">
         <name>.stack</name>
         <uninitialized>true</uninitialized>
         <run_address>0x2000fe00</run_address>
         <size>0x0</size>
      </object_component>
      <object_component id="oc-151">
[...]
         <object_component_ref idref="oc-be"/>
      </symbol>
      <symbol id="sm-9fa">
         <name>memset</name>
         <value>0x3e65</value>
         <object_component_ref idref="oc-be"/>
      </symbol>
      <symbol id="sm-9fb">
         <name>__aeabi_memset8</name>
         <value>0x3e5f</value>
         <object_component_ref idref="oc-be"/>
      </symbol>
      <symbol id="sm-9fc">
         <name>__aeabi_memset4</name>
         <value>0x3e5f</value>
         <object_component_ref idref="oc-be"/>
      </symbol>
      <symbol id="sm-9fd">
         <name>__aeabi_memclr8</name>
         <value>0x3e5d</value>
         <object_component_ref idref="oc-be"/>
      </symbol>
      <symbol id="sm-9fe">
         <name>__aeabi_memclr4</name>
         <value>0x3e5d</value>
         <object_component_ref idref="oc-be"/>
      </symbol>
      <symbol id="sm-9ff">
         <name>__aeabi_memclr</name>
         <value>0x3e5d</value>
         <object_component_ref idref="oc-be"/>
      </symbol>
      <symbol id="sm-a16">
         <name>__aeabi_dsub</name>
         <value>0x1861</value>
         <object_component_ref idref="oc-3d2"/>
      </symbol>
      <symbol id="sm-a17">
         <name>__aeabi_dadd</name>
         <value>0x186b</value>
         <object_component_ref idref="oc-3d2"/>
      </symbol>
      <symbol id="sm-a39">
         <name>__aeabi_cdcmpeq</name>
         <value>0x3acd</value>
         <object_component_ref idref="oc-400"/>
      </symbol>
      <symbol id="sm-a3a">
         <name>__aeabi_cdcmple</name>
         <value>0x3acd</value>
         <object_component_ref idref="oc-400"/>
      </symbol>
      <symbol id="sm-a3b">
         <name>__aeabi_cdrcmple</name>
         <value>0x3b53</value>
         <object_component_ref idref="oc-536"/>
      </symbol>
      <symbol id="sm-a4f">
         <name>__aeabi_ddiv</name>
         <value>0x1f41</value>
         <object_component_ref idref="oc-e9"/>
      </symbol>
      <symbol id="sm-a5a">
         <name>__aeabi_dmul</name>
         <value>0x290d</value>
         <object_component_ref idref="oc-279"/>
      </symbol>
      <symbol id="sm-a64">
         <name>__aeabi_d2iz</name>
         <value>0x4d19</value>
         <object_component_ref idref="oc-53b"/>
      </symbol>
      <symbol id="sm-a70">
         <name>__aeabi_d2f</name>
         <value>0x41ff</value>
         <object_component_ref idref="oc-27e"/>
      </symbol>
      <symbol id="sm-a7b">
         <name>__aeabi_f2d</name>
         <value>0x5019</value>
         <object_component_ref idref="oc-274"/>
      </symbol>
      <symbol id="sm-a85">
         <name>__aeabi_i2d</name>
         <value>0x5355</value>
         <object_component_ref idref="oc-e4"/>
      </symbol>
      <symbol id="sm-aa0">
         <name>memcpy</name>
         <value>0x365d</value>
         <object_component_ref idref="oc-3a"/>
      </symbol>
      <symbol id="sm-aa1">
         <name>__aeabi_memcpy</name>
         <value>0x365d</value>
         <object_component_ref idref="oc-3a"/>
      </symbol>
      <symbol id="sm-aa2">
         <name>__aeabi_memcpy8</name>
         <value>0x365d</value>
         <object_component_ref idref="oc-3a"/>
      </symbol>
      <symbol id="sm-aa3">
         <name>__aeabi_memcpy4</name>
         <value>0x365d</value>
         <object_component_ref idref="oc-3a"/>
      </symbol>
      <symbol id="sm-ab5">
         <name>__TI_zero_init</name>
         <value>0x584d</value>
         <object_component_ref idref="oc-4c"/>
      </symbol>
      <symbol id="sm-acc">
         <name>__TI_decompress_none</name>
         <value>0x5827</value>
         <object_component_ref idref="oc-1d"/>
      </symbol>
      <symbol id="sm-aef">
         <name>__TI_decompress_lzss</name>
         <value>0x43ad</value>
         <object_component_ref idref="oc-17"/>
      </symbol>
      <symbol id="sm-b15">
         <name>C$$EXIT</name>
         <value>0x587d</value>
         <object_component_ref idref="oc-1d6"/>
      </symbol>
      <symbol id="sm-b16">
         <name>abort</name>
         <value>0x587d</value>
         <object_component_ref idref="oc-1d6"/>
      </symbol>
      <symbol id="sm-b17">
         <name>__TI_dtors_ptr</name>
         <value>0x200025bc</value>
         <object_component_ref idref="oc-3a4"/>
      </symbol>
      <symbol id="sm-b18">
         <name>__TI_cleanup_ptr</name>
         <value>0x200025b8</value>
         <object_component_ref idref="oc-3a4"/>
      </symbol>
      <symbol id="sm-b19">
         <name>__TI_enable_exit_profile_output</name>
         <value>0x200025c0</value>
         <object_component_ref idref="oc-3a4"/>
      </symbol>
      <symbol id="sm-b1a">
         <name>exit</name>
         <value>0x4cd1</value>
         <object_component_ref idref="oc-1dc"/>
      </symbol>
      <symbol id="sm-b2f">
         <name>_nop</name>
         <value>0x1a17</value>
         <object_component_ref idref="oc-43b"/>
      </symbol>
      <symbol id="sm-b30">
         <name>_lock</name>
         <value>0x200025c4</value>
         <object_component_ref idref="oc-28e"/>
      </symbol>
      <symbol id="sm-b31">
         <name>_unlock</name>
         <value>0x200025c8</value>
         <object_component_ref idref="oc-28e"/>
      </symbol>
      <symbol id="sm-b40">
         <name>__TI_ltoa</name>
         <value>0x48e3</value>
         <object_component_ref idref="oc-540"/>
      </symbol>
      <symbol id="sm-b56">
         <name>atoi</name>
         <value>0x4ba9</value>
         <object_component_ref idref="oc-371"/>
      </symbol>
      <symbol id="sm-b61">
         <name>_ctypes_</name>
         <value>0x5880</value>
         <object_component_ref idref="oc-4e0"/>
      </symbol>
      <symbol id="sm-b76">
         <name>__TI_tmpnams</name>
         <value>0x20001920</value>
      </symbol>
      <symbol id="sm-b77">
         <name>__aeabi_stdout</name>
         <value>0x200025b0</value>
         <object_component_ref idref="oc-6f5"/>
      </symbol>
      <symbol id="sm-b78">
         <name>__aeabi_stderr</name>
         <value>0x200025b4</value>
         <object_component_ref idref="oc-6f5"/>
      </symbol>
      <symbol id="sm-b79">
         <name>__aeabi_stdin</name>
         <value>0x200025ac</value>
         <object_component_ref idref="oc-6f5"/>
      </symbol>
      <symbol id="sm-b7a">
         <name>_ftable</name>
         <value>0x20002200</value>
         <object_component_ref idref="oc-291"/>
      </symbol>
      <symbol id="sm-b7b">
         <name>__TI_ft_end</name>
         <value>0x200025a8</value>
         <object_component_ref idref="oc-6f5"/>
      </symbol>
      <symbol id="sm-b8c">
         <name>ltoa</name>
         <value>0x4191</value>
         <object_component_ref idref="oc-4d9"/>
      </symbol>
      <symbol id="sm-b9c">
         <name>memccpy</name>
         <value>0x56bd</value>
         <object_component_ref idref="oc-41d"/>
      </symbol>
      <symbol id="sm-bac">
         <name>memchr</name>
         <value>0x5661</value>
         <object_component_ref idref="oc-59e"/>
      </symbol>
      <symbol id="sm-c35">
         <name>_sys_memory</name>
         <value>0x20001a00</value>
         <object_component_ref idref="oc-29"/>
      </symbol>
      <symbol id="sm-c36">
         <name>free</name>
         <value>0x2af5</value>
         <object_component_ref idref="oc-6b3"/>
      </symbol>
      <symbol id="sm-c37">
         <name>memalign</name>
         <value>0x280d</value>
         <object_component_ref idref="oc-4e5"/>
      </symbol>
      <symbol id="sm-c38">
         <name>malloc</name>
         <value>0x5869</value>
         <object_component_ref idref="oc-377"/>
      </symbol>
      <symbol id="sm-c39">
         <name>aligned_alloc</name>
         <value>0x280d</value>
         <object_component_ref idref="oc-4e5"/>
      </symbol>
      <symbol id="sm-c49">
         <name>strchr</name>
         <value>0x576b</value>
         <object_component_ref idref="oc-56d"/>
      </symbol>
      <symbol id="sm-c58">
         <name>strcmp</name>
         <value>0x573d</value>
         <object_component_ref idref="oc-37e"/>
      </symbol>
      <symbol id="sm-c66">
         <name>strcpy</name>
         <value>0x57bd</value>
         <object_component_ref idref="oc-5ea"/>
      </symbol>
      <symbol id="sm-c74">
         <name>strlen</name>
         <value>0x57d1</value>
         <object_component_ref idref="oc-3f4"/>
      </symbol>
      <symbol id="sm-c87">
         <name>strstr</name>
         <value>0x5291</value>
         <object_component_ref idref="oc-4c8"/>
      </symbol>
      <symbol id="sm-c9d">
         <name>__aeabi_errno_addr</name>
         <value>0x5861</value>
         <object_component_ref idref="oc-429"/>
      </symbol>
      <symbol id="sm-c9e">
         <name>errno</name>
         <value>0x200024d4</value>
         <object_component_ref idref="oc-57d"/>
      </symbol>
      <symbol id="sm-cb1">
         <name>__stack</name>
         <value>0x2000fe00</value>
         <object_component_ref idref="oc-2c"/>
      </symbol>
      <symbol id="sm-cb2">
         <name>_c_int00_noargs</name>
         <value>0x518d</value>
         <object_component_ref idref="oc-58"/>
      </symbol>
      <symbol id="sm-ccc">
         <name>write</name>
         <value>0x5549</value>
         <object_component_ref idref="oc-5aa"/>
      </symbol>
      <symbol id="sm-cdd">
         <name>_stream</name>
         <value>0x200023bc</value>
         <object_component_ref idref="oc-669"/>
      </symbol>
      <symbol id="sm-cde">
         <name>_device</name>
         <value>0x200022f0</value>
         <object_component_ref idref="oc-6cc"/>
      </symbol>
      <symbol id="sm-cf7">
         <name>wcslen</name>
         <value>0x57e5</value>
         <object_component_ref idref="oc-423"/>
      </symbol>
      <symbol id="sm-d07">
         <name>__TI_doflush</name>
         <value>0x4b5d</value>
         <object_component_ref idref="oc-5a4"/>
      </symbol>
      <symbol id="sm-d17">
         <name>__TI_cleanup</name>
         <value>0x5125</value>
         <object_component_ref idref="oc-6b9"/>
      </symbol>
      <symbol id="sm-d29">
         <name>fseek</name>
         <value>0x4545</value>
         <object_component_ref idref="oc-657"/>
      </symbol>
      <symbol id="sm-d33">
         <name>__aeabi_idiv0</name>
         <value>0x2077</value>
         <object_component_ref idref="oc-626"/>
      </symbol>
      <symbol id="sm-d34">
         <name>__aeabi_ldiv0</name>
         <value>0x2077</value>
         <object_component_ref idref="oc-626"/>
      </symbol>
      <symbol id="sm-d5c">
         <name>__TI_auto_init_nobinit_nopinit</name>
         <value>0x4de9</value>
         <object_component_ref idref="oc-1e2"/>
      </symbol>
      <symbol id="sm-d66">
         <name>_system_pre_init</name>
         <value>0x5879</value>
         <object_component_ref idref="oc-c4"/>
      </symbol>
      <symbol id="sm-d79">
         <name>HOSTclose</name>
         <value>0x4d61</value>
         <object_component_ref idref="oc-701"/>
      </symbol>
      <symbol id="sm-d8a">
         <name>HOSTlseek</name>
         <value>0x4345</value>
         <object_component_ref idref="oc-713"/>
      </symbol>
      <symbol id="sm-d9c">
         <name>parmbuf</name>
         <value>0x200019cc</value>
      </symbol>
      <symbol id="sm-d9d">
         <name>HOSTopen</name>
         <value>0x460d</value>
         <object_component_ref idref="oc-6fb"/>
      </symbol>
      <symbol id="sm-dae">
         <name>HOSTread</name>
         <value>0x47dd</value>
         <object_component_ref idref="oc-707"/>
      </symbol>
      <symbol id="sm-dbf">
         <name>HOSTrename</name>
         <value>0x42d9</value>
         <object_component_ref idref="oc-71f"/>
      </symbol>
      <symbol id="sm-dd0">
         <name>HOSTunlink</name>
         <value>0x4da5</value>
         <object_component_ref idref="oc-719"/>
      </symbol>
      <symbol id="sm-de1">
         <name>HOSTwrite</name>
         <value>0x4835</value>
         <object_component_ref idref="oc-70d"/>
      </symbol>
      <symbol id="sm-e05">
         <name>__TI_readmsg</name>
         <value>0x5159</value>
         <object_component_ref idref="oc-743"/>
      </symbol>
      <symbol id="sm-e06">
         <name>C$$IO$$</name>
         <value>0x4fd7</value>
         <object_component_ref idref="oc-73d"/>
      </symbol>
      <symbol id="sm-e07">
         <name>__CIOBUF_</name>
         <value>0x20001800</value>
         <object_component_ref idref="oc-765"/>
      </symbol>
      <symbol id="sm-e08">
         <name>__TI_writemsg</name>
         <value>0x4fa9</value>
         <object_component_ref idref="oc-73d"/>
      </symbol>
      <symbol id="sm-e19">
         <name>lseek</name>
         <value>0x54f9</value>
         <object_component_ref idref="oc-6ab"/>
      </symbol>
      <symbol id="sm-e2e">
         <name>__TI_closefile</name>
         <value>0x403d</value>
         <object_component_ref idref="oc-6ef"/>
      </symbol>
      <symbol id="sm-e51">
         <name>finddevice</name>
         <value>0x5325</value>
         <object_component_ref idref="oc-781"/>
      </symbol>
      <symbol id="sm-e52">
         <name>getdevice</name>
         <value>0x4e2d</value>
         <object_component_ref idref="oc-75b"/>
      </symbol>
      <symbol id="sm-e62">
         <name>strncpy</name>
         <value>0x5051</value>
         <object_component_ref idref="oc-77b"/>
      </symbol>
      <symbol id="sm-e77">
         <name>close</name>
         <value>0x46cd</value>
         <object_component_ref idref="oc-72c"/>
      </symbol>
      <symbol id="sm-e87">
         <name>unlink</name>
         <value>0x53dd</value>
         <object_component_ref idref="oc-732"/>
      </symbol>
      <symbol id="sm-e88">
         <name>__TI_static_base__</name>
         <value>0x0</value>
      </symbol>
      <symbol id="sm-e8b">
         <name>__mpu_init</name>
         <value>0x0</value>
      </symbol>
      <symbol id="sm-e8c">
         <name>_system_post_cinit</name>
         <value>0x0</value>
      </symbol>
      <symbol id="sm-e8d">
         <name>NMI_Handler</name>
         <value>0xb33</value>
      </symbol>
      <symbol id="sm-e8e">
         <name>HardFault_Handler</name>
         <value>0xb33</value>
      </symbol>
      <symbol id="sm-e8f">
         <name>MemManage_Handler</name>
         <value>0xb33</value>
      </symbol>
      <symbol id="sm-e90">
         <name>BusFault_Handler</name>
         <value>0xb33</value>
      </symbol>
      <symbol id="sm-e91">
         <name>UsageFault_Handler</name>
         <value>0xb33</value>
      </symbol>
      <symbol id="sm-e92">
         <name>SVC_Handler</name>
         <value>0xb33</value>
      </symbol>
      <symbol id="sm-e93">
         <name>DebugMon_Handler</name>
         <value>0xb33</value>
      </symbol>
      <symbol id="sm-e94">
         <name>PendSV_Handler</name>
         <value>0xb33</value>
      </symbol>
      <symbol id="sm-e95">
         <name>SysTick_Handler</name>
         <value>0xb33</value>
      </symbol>
      <symbol id="sm-e96">
         <name>PSS_IRQHandler</name>
         <value>0xb33</value>
      </symbol>
      <symbol id="sm-e97">
         <name>CS_IRQHandler</name>
         <value>0xb33</value>
      </symbol>
      <symbol id="sm-e98">
         <name>PCM_IRQHandler</name>
         <value>0xb33</value>
      </symbol>
      <symbol id="sm-e99">
         <name>WDT_A_IRQHandler</name>
         <value>0xb33</value>
      </symbol>
      <symbol id="sm-e9a">
         <name>FPU_IRQHandler</name>
         <value>0xb33</value>
      </symbol>
      <symbol id="sm-e9b">
         <name>FLCTL_IRQHandler</name>
         <value>0xb33</value>
      </symbol>
      <symbol id="sm-e9c">
         <name>COMP_E0_IRQHandler</name>
         <value>0xb33</value>
      </symbol>
      <symbol id="sm-e9d">
         <name>COMP_E1_IRQHandler</name>
         <value>0xb33</value>
      </symbol>
      <symbol id="sm-e9e">
         <name>TA0_0_IRQHandler</name>
         <value>0xb33</value>
      </symbol>
      <symbol id="sm-e9f">
         <name>TA0_N_IRQHandler</name>
         <value>0xb33</value>
      </symbol>
      <symbol id="sm-ea0">
         <name>TA1_0_IRQHandler</name>
         <value>0xb33</value>
      </symbol>
      <symbol id="sm-ea1">
         <name>TA1_N_IRQHandler</name>
         <value>0xb33</value>
      </symbol>
      <symbol id="sm-ea2">
         <name>TA2_0_IRQHandler</name>
         <value>0xb33</value>
      </symbol>
      <symbol id="sm-ea3">
         <name>TA2_N_IRQHandler</name>
         <value>0xb33</value>
      </symbol>
      <symbol id="sm-ea4">
         <name>TA3_0_IRQHandler</name>
         <value>0x3f51</value>
      </symbol>
      <symbol id="sm-ea5">
         <name>TA3_N_IRQHandler</name>
         <value>0xb33</value>
      </symbol>
      <symbol id="sm-ea6">
         <name>EUSCIA0_IRQHandler</name>
         <value>0x3935</value>
      </symbol>
      <symbol id="sm-ea7">
         <name>EUSCIA1_IRQHandler</name>
         <value>0xb33</value>
      </symbol>
      <symbol id="sm-ea8">
         <name>EUSCIA2_IRQHandler</name>
         <value>0x35b9</value>
      </symbol>
      <symbol id="sm-ea9">
         <name>EUSCIA3_IRQHandler</name>
         <value>0xb33</value>
      </symbol>
      <symbol id="sm-eaa">
         <name>EUSCIB0_IRQHandler</name>
         <value>0xb33</value>
      </symbol>
      <symbol id="sm-eab">
         <name>EUSCIB1_IRQHandler</name>
         <value>0xb33</value>
      </symbol>
      <symbol id="sm-eac">
         <name>EUSCIB2_IRQHandler</name>
         <value>0xb33</value>
      </symbol>
      <symbol id="sm-ead">
         <name>EUSCIB3_IRQHandler</name>
         <value>0xb33</value>
      </symbol>
      <symbol id="sm-eae">
         <name>ADC14_IRQHandler</name>
         <value>0xb33</value>
      </symbol>
      <symbol id="sm-eaf">
         <name>T32_INT1_IRQHandler</name>
         <value>0xb33</value>
      </symbol>
      <symbol id="sm-eb0">
         <name>T32_INT2_IRQHandler</name>
         <value>0xb33</value>
      </symbol>
      <symbol id="sm-eb1">
         <name>T32_INTC_IRQHandler</name>
         <value>0xb33</value>
      </symbol>
      <symbol id="sm-eb2">
         <name>AES256_IRQHandler</name>
         <value>0xb33</value>
      </symbol>
      <symbol id="sm-eb3">
         <name>RTC_C_IRQHandler</name>
         <value>0xb33</value>
      </symbol>
      <symbol id="sm-eb4">
         <name>DMA_ERR_IRQHandler</name>
         <value>0xb33</value>
      </symbol>
      <symbol id="sm-eb5">
         <name>DMA_INT3_IRQHandler</name>
         <value>0xb33</value>
      </symbol>
      <symbol id="sm-eb6">
         <name>DMA_INT2_IRQHandler</name>
         <value>0xb33</value>
      </symbol>
      <symbol id="sm-eb7">
         <name>DMA_INT1_IRQHandler</name>
         <value>0xb33</value>
      </symbol>
      <symbol id="sm-eb8">
         <name>DMA_INT0_IRQHandler</name>
         <value>0xb33</value>
      </symbol>
      <symbol id="sm-eb9">
         <name>PORT1_IRQHandler</name>
         <value>0x50bd</value>
      </symbol>
      <symbol id="sm-eba">
         <name>PORT2_IRQHandler</name>
         <value>0xb33</value>
      </symbol>
      <symbol id="sm-ebb">
         <name>PORT3_IRQHandler</name>
         <value>0x3c5d</value>
      </symbol>
      <symbol id="sm-ebc">
         <name>PORT4_IRQHandler</name>
         <value>0xb33</value>
      </symbol>
      <symbol id="sm-ebd">
         <name>PORT5_IRQHandler</name>
         <value>0x1b75</value>
      </symbol>
      <symbol id="sm-ebe">
         <name>PORT6_IRQHandler</name>
         <value>0x3511</value>
      </symbol>
      <symbol id="sm-ebf">
         <name>remove</name>
         <value>0x53dd</value>
      </symbol>
   </symbol_table>
   <title>Link successful</title>
</link_info>
