******************************************************************************
                  TI ARM Linker PC v20.2.4                     
******************************************************************************
>> Linked Fri Dec 10 02:10:26 2021

OUTPUT FILE NAME:   <ProjectV8.out>
ENTRY POINT SYMBOL: "_c_int00_noargs"  address: 0000518d


MEMORY CONFIGURATION

         name            origin    length      used     unused   attr    fill
----------------------  --------  ---------  --------  --------  ----  --------
  MAIN                  00000000   00040000  00005b24  0003a4dc  R  X
  INFO                  00200000   00004000  00000000  00004000  R  X
  SRAM_CODE             01000000   00010000  000027d1  0000d82f  RW X
  SRAM_DATA             20000000   00010000  000027d1  0000d82f  RW  


SEGMENT ALLOCATION MAP

run origin  load origin   length   init length attrs members
----------  ----------- ---------- ----------- ----- -------
00000000    00000000    00005b28   00005b28    r-x
  00000000    00000000    000000e4   000000e4    r-- .intvecs
  000000e4    000000e4    0000579c   0000579c    r-x .text
  00005880    00005880    00000174   00000174    r-- .const
  000059f8    000059f8    00000130   00000130    r-- .cinit
20000000    20000000    000025d4   00000000    rw-
  20000000    20000000    000019fd   00000000    rw- .bss
  20001a00    20001a00    00000800   00000000    rw- .sysmem
  20002200    20002200    000003d4   00000000    rw- .data
2000fe00    2000fe00    00000200   00000000    rw-
  2000fe00    2000fe00    00000200   00000000    rw- .stack


SECTION ALLOCATION MAP

 output                                  attributes/
section   page    origin      length       input sections
--------  ----  ----------  ----------   ----------------
.intvecs   0    00000000    000000e4     
                  00000000    000000e4     startup_msp432p401r_ccs.obj (.intvecs:retain)

.text      0    000000e4    0000579c     
                  000000e4    00000a4e     rtsv7M4_T_le_v4SPD16_eabi.lib : _printfi.c.obj (.text:__TI_printfi)
                  00000b32    00000002     startup_msp432p401r_ccs.obj (.text:Default_Handler)
                  00000b34    00000404     Motor.obj (.text:CarPID)
                  00000f38    0000027c     main.obj (.text:main)
                  000011b4    00000270     rtsv7M4_T_le_v4SPD16_eabi.lib : _printfi.c.obj (.text:_pconv_a)
                  00001424    0000026c     Wifi.obj (.text:initiate_wifi)
                  00001690    000001d0     rtsv7M4_T_le_v4SPD16_eabi.lib : _printfi.c.obj (.text:_pconv_g)
                  00001860    000001b6                                   : fd_add_t2.asm.obj (.text)
                  00001a16    00000002                                   : _lock.c.obj (.text:_nop)
                  00001a18    0000015c     msp432p4xx_driverlib.lib : pcm.o (.text:__PCM_setPowerModeAdvanced)
                  00001b74    0000014c     encoder.obj (.text:PORT5_IRQHandler)
                  00001cc0    00000144     msp432p4xx_driverlib.lib : timer_a.o (.text:privateTimer_AProcessClockSourceDivider)
                  00001e04    0000013c     rtsv7M4_T_le_v4SPD16_eabi.lib : _printfi.c.obj (.text:_pconv_e)
                  00001f40    00000136                                   : fd_div_t2.asm.obj (.text)
                  00002076    00000002                                   : div0.asm.obj (.text)
                  00002078    00000124                                   : _printfi.c.obj (.text:fcvt)
                  0000219c    0000011c     msp432p4xx_driverlib.lib : uart.o (.text:UART_initModule)
                  000022b8    00000118     UART_Driver.obj (.text:UART_Read)
                  000023d0    00000114     rtsv7M4_T_le_v4SPD16_eabi.lib : fputs.c.obj (.text:fputs)
                  000024e4    00000110     Ultrasonic.obj (.text:detectObstacle)
                  000025f4    00000110     rtsv7M4_T_le_v4SPD16_eabi.lib : s_scalbn.c.obj (.text:scalbn)
                  00002704    00000108     msp432p4xx_driverlib.lib : pcm.o (.text:__PCM_setCoreVoltageLevelAdvanced)
                  0000280c    00000100     rtsv7M4_T_le_v4SPD16_eabi.lib : memory.c.obj (.text:aligned_alloc)
                  0000290c    000000fc                                   : fd_mul_t2.asm.obj (.text)
                  00002a08    000000ec     encoder.obj (.text:Initalise_Enconder)
                  00002af4    000000e4     rtsv7M4_T_le_v4SPD16_eabi.lib : memory.c.obj (.text:free)
                  00002bd8    000000e4     Wifi.obj (.text:parseData)
                  00002cbc    000000dc     Motor.obj (.text:checkCommand)
                  00002d98    000000dc     rtsv7M4_T_le_v4SPD16_eabi.lib : setvbuf.c.obj (.text:setvbuf)
                  00002e74    000000d8     Wifi.obj (.text:setup_connection)
                  00002f4c    000000cc     Wifi.obj (.text:get_api)
                  00003018    000000c0     ESP8266.obj (.text:ESP8266_EstablishConnection)
                  000030d8    000000ba     MSPIO.obj (.text:MSPrintf)
                  00003192    00000002     --HOLE-- [fill = 0]
                  00003194    000000b8     Linetracker.obj (.text:init_line_tracker)
                  0000324c    000000b4     encoder.obj (.text:stopTimer)
                  00003300    000000b1     rtsv7M4_T_le_v4SPD16_eabi.lib : _printfi.c.obj (.text:_ltostr)
                  000033b1    00000003     --HOLE-- [fill = 0]
                  000033b4    000000b0     ESP8266.obj (.text:ESP8266_SendData)
                  00003464    000000ac     Motor.obj (.text:Initalise_Motor)
                  00003510    000000a8     Linetracker.obj (.text:PORT6_IRQHandler)
                  000035b8    000000a4     UART_Driver.obj (.text:EUSCIA2_IRQHandler)
                  0000365c    0000009c     rtsv7M4_T_le_v4SPD16_eabi.lib : memcpy_t2.asm.obj (.text)
                  000036f8    00000096                                   : ull_div_t2.asm.obj (.text)
                  0000378e    0000008c     MSPIO.obj (.text:PrintInteger)
                  0000381a    00000002     --HOLE-- [fill = 0]
                  0000381c    0000008c     rtsv7M4_T_le_v4SPD16_eabi.lib : fputc.c.obj (.text:fputc)
                  000038a8    0000008c     Motor.obj (.text:turnright)
                  00003934    00000088     UART_Driver.obj (.text:EUSCIA0_IRQHandler)
                  000039bc    00000088     msp432p4xx_driverlib.lib : gpio.o (.text:GPIO_setAsPeripheralModuleFunctionOutputPin)
                  00003a44    00000088     init_Ultrasonic.obj (.text:Initalise_HCSR04_New)
                  00003acc    00000086     rtsv7M4_T_le_v4SPD16_eabi.lib : fd_cmp_t2.asm.obj (.text:__aeabi_cdcmple)
                  00003b52    00000086                                   : fd_cmp_t2.asm.obj (.text:__aeabi_cdrcmple)
                  00003bd8    00000084     msp432p4xx_driverlib.lib : gpio.o (.text:GPIO_getEnabledInterruptStatus)
                  00003c5c    00000084     Ultrasonic.obj (.text:PORT3_IRQHandler)
                  00003ce0    00000080     ESP8266.obj (.text:ESP8266_EnableMultipleConnections)
                  00003d60    00000080     msp432p4xx_driverlib.lib : interrupt.o (.text:Interrupt_enableInterrupt)
                  00003de0    0000007c     ESP8266.obj (.text:ESP8266_WaitForAnswer)
                  00003e5c    0000007a     rtsv7M4_T_le_v4SPD16_eabi.lib : memset_t2.asm.obj (.text)
                  00003ed6    00000002     --HOLE-- [fill = 0]
                  00003ed8    00000078     system_msp432p401r.obj (.text:SystemInit)
                  00003f50    00000078     encoder.obj (.text:TA3_0_IRQHandler)
                  00003fc8    00000074     msp432p4xx_driverlib.lib : timer_a.o (.text:Timer_A_generatePWM)
                  0000403c    00000074     rtsv7M4_T_le_v4SPD16_eabi.lib : fclose.c.obj (.text:__TI_closefile)
                  000040b0    00000070                                   : memory.c.obj (.text:split)
                  00004120    0000006e                                   : _printfi.c.obj (.text:_mcpy)
                  0000418e    00000002     --HOLE-- [fill = 0]
                  00004190    0000006e                                   : ltoa.c.obj (.text:ltoa)
                  000041fe    0000006e                                   : fd_tos_t2.asm.obj (.text)
                  0000426c    0000006c     ESP8266.obj (.text:ESP8266_ConnectToAP)
                  000042d8    0000006c     rtsv7M4_T_le_v4SPD16_eabi.lib : hostrename.c.obj (.text:HOSTrename)
                  00004344    00000068                                   : hostlseek.c.obj (.text:HOSTlseek)
                  000043ac    00000068                                   : copy_decompress_lzss.c.obj (.text:decompress:lzss:__TI_decompress_lzss)
                  00004414    00000068                                   : printf.c.obj (.text:printf)
                  0000447c    00000064     msp432p4xx_driverlib.lib : uart.o (.text:UART_getEnabledInterruptStatus)
                  000044e0    00000064     rtsv7M4_T_le_v4SPD16_eabi.lib : s_frexp.c.obj (.text:frexp)
                  00004544    00000064                                   : fseek.c.obj (.text:fseek)
                  000045a8    00000062                                   : _io_perm.c.obj (.text:__TI_wrt_ok)
                  0000460a    00000002     --HOLE-- [fill = 0]
                  0000460c    00000060                                   : hostopen.c.obj (.text:HOSTopen)
                  0000466c    0000005e     msp432p4xx_driverlib.lib : pcm.o (.text:PCM_getCoreVoltageLevel)
                  000046ca    00000002     --HOLE-- [fill = 0]
                  000046cc    0000005c     rtsv7M4_T_le_v4SPD16_eabi.lib : close.c.obj (.text:close)
                  00004728    0000005a     msp432p4xx_driverlib.lib : pcm.o (.text:PCM_getPowerMode)
                  00004782    00000002     --HOLE-- [fill = 0]
                  00004784    00000058                              : gpio.o (.text:GPIO_setAsInputPinWithPullUpResistor)
                  000047dc    00000058     rtsv7M4_T_le_v4SPD16_eabi.lib : hostread.c.obj (.text:HOSTread)
                  00004834    00000058                                   : hostwrite.c.obj (.text:HOSTwrite)
                  0000488c    00000056                                   : _printfi.c.obj (.text:_pconv_f)
                  000048e2    00000054                                   : _ltoa.c.obj (.text:__TI_ltoa)
                  00004936    00000002     --HOLE-- [fill = 0]
                  00004938    00000054     Motor.obj (.text:turnleft)
                  0000498c    00000052     rtsv7M4_T_le_v4SPD16_eabi.lib : _printfi.c.obj (.text:_ecpy)
                  000049de    0000004e     msp432p4xx_driverlib.lib : timer_a.o (.text:Timer_A_initCompare)
                  00004a2c    0000004c     ESP8266.obj (.text:ESP8266_CheckConnection)
                  00004a78    0000004c     msp432p4xx_driverlib.lib : gpio.o (.text:GPIO_setAsInputPin)
                  00004ac4    0000004c                              : timer_a.o (.text:Timer_A_getCounterValue)
                  00004b10    0000004c     UART_Driver.obj (.text:UART_Available)
                  00004b5c    0000004c     rtsv7M4_T_le_v4SPD16_eabi.lib : fflush.c.obj (.text:__TI_doflush)
                  00004ba8    0000004c                                   : atoi.c.obj (.text:atoi)
                  00004bf4    0000004c     Motor.obj (.text:moveBackward)
                  00004c40    00000048     msp432p4xx_driverlib.lib : flash.o (.text:FlashCtl_setWaitState)
                  00004c88    00000048     UART_Driver.obj (.text:UART_Flush)
                  00004cd0    00000048     rtsv7M4_T_le_v4SPD16_eabi.lib : exit.c.obj (.text:exit)
                  00004d18    00000048                                   : fd_toi_t2.asm.obj (.text)
                  00004d60    00000044                                   : hostclose.c.obj (.text:HOSTclose)
                  00004da4    00000044                                   : hostunlink.c.obj (.text:HOSTunlink)
                  00004de8    00000044                                   : autoinit.c.obj (.text:__TI_auto_init_nobinit_nopinit:__TI_auto_init_nobinit_nopinit)
                  00004e2c    00000044                                   : getdevice.c.obj (.text:getdevice)
                  00004e70    00000040     msp432p4xx_driverlib.lib : gpio.o (.text:GPIO_setAsOutputPin)
                  00004eb0    00000040     UART_Driver.obj (.text:UART_Write)
                  00004ef0    0000003e     rtsv7M4_T_le_v4SPD16_eabi.lib : _printfi.c.obj (.text:_fcpy)
                  00004f2e    00000002     --HOLE-- [fill = 0]
                  00004f30    0000003c     msp432p4xx_driverlib.lib : gpio.o (.text:GPIO_interruptEdgeSelect)
                  00004f6c    0000003c     Motor.obj (.text:stop)
                  00004fa8    00000038     rtsv7M4_T_le_v4SPD16_eabi.lib : trgmsg.c.obj (.text:__TI_writemsg)
                  00004fe0    00000038     Motor.obj (.text:generatePWM)
                  00005018    00000038     rtsv7M4_T_le_v4SPD16_eabi.lib : fs_tod_t2.asm.obj (.text)
                  00005050    00000036                                   : strncpy.c.obj (.text:strncpy)
                  00005086    00000002     --HOLE-- [fill = 0]
                  00005088    00000034     msp432p4xx_driverlib.lib : cs.o (.text:CS_setDCOCenteredFrequency)
                  000050bc    00000034     Motor.obj (.text:PORT1_IRQHandler)
                  000050f0    00000034     msp432p4xx_driverlib.lib : timer_a.o (.text:Timer_A_configureContinuousMode)
                  00005124    00000034     rtsv7M4_T_le_v4SPD16_eabi.lib : fopen.c.obj (.text:__TI_cleanup)
                  00005158    00000034                                   : trgmsg.c.obj (.text:__TI_readmsg)
                  0000518c    00000034                                   : boot_cortex_m.c.obj (.text:_c_int00_noargs:_c_int00_noargs)
                  000051c0    00000034     Motor.obj (.text:moveLeftBackward)
                  000051f4    00000034     Motor.obj (.text:moveLeftFoward)
                  00005228    00000034     Motor.obj (.text:moveRightBackward)
                  0000525c    00000034     Motor.obj (.text:moveRightFoward)
                  00005290    00000034     rtsv7M4_T_le_v4SPD16_eabi.lib : strstr.c.obj (.text:strstr)
                  000052c4    00000030     msp432p4xx_driverlib.lib : gpio.o (.text:GPIO_getInputPinValue)
                  000052f4    00000030                              : uart.o (.text:UART_receiveData)
                  00005324    00000030     rtsv7M4_T_le_v4SPD16_eabi.lib : getdevice.c.obj (.text:finddevice)
                  00005354    0000002e                                   : i_tofd_t2.asm.obj (.text)
                  00005382    00000002     --HOLE-- [fill = 0]
                  00005384    0000002c     msp432p4xx_driverlib.lib : timer_a.o (.text:Timer_A_clearCaptureCompareInterrupt)
                  000053b0    0000002c                              : timer_a.o (.text:Timer_A_disableCaptureCompareInterrupt)
                  000053dc    0000002c     rtsv7M4_T_le_v4SPD16_eabi.lib : unlink.c.obj (.text:unlink)
                  00005408    00000028     msp432p4xx_driverlib.lib : gpio.o (.text:GPIO_clearInterruptFlag)
                  00005430    00000028                              : gpio.o (.text:GPIO_enableInterrupt)
                  00005458    00000028                              : gpio.o (.text:GPIO_setOutputHighOnPin)
                  00005480    00000028                              : gpio.o (.text:GPIO_setOutputLowOnPin)
                  000054a8    00000028                              : gpio.o (.text:GPIO_toggleOutputOnPin)
                  000054d0    00000028     rtsv7M4_T_le_v4SPD16_eabi.lib : memory.c.obj (.text:free_list_insert)
                  000054f8    00000028                                   : lseek.c.obj (.text:lseek)
                  00005520    00000028     Motor.obj (.text:rotate)
                  00005548    00000028     rtsv7M4_T_le_v4SPD16_eabi.lib : write.c.obj (.text:write)
                  00005570    00000024     Wifi.obj (.text:Delay)
                  00005594    00000024     msp432p4xx_driverlib.lib : gpio.o (.text:GPIO_getInterruptStatus)
                  000055b8    00000022     CS_Driver.obj (.text:CS_Init)
                  000055da    00000022     ESP8266.obj (.text:ESP8266_HardReset)
                  000055fc    00000022     MSPIO.obj (.text:PrintString)
                  0000561e    00000002     --HOLE-- [fill = 0]
                  00005620    00000020     GPIO_Driver.obj (.text:GPIO_High)
                  00005640    00000020     GPIO_Driver.obj (.text:GPIO_Low)
                  00005660    00000020     rtsv7M4_T_le_v4SPD16_eabi.lib : memchr.c.obj (.text:memchr)
                  00005680    00000020     Motor.obj (.text:moveForward)
                  000056a0    0000001c     rtsv7M4_T_le_v4SPD16_eabi.lib : memory.c.obj (.text:free_list_remove)
                  000056bc    0000001c                                   : memccpy.c.obj (.text:memccpy)
                  000056d8    0000001a                                   : s_copysign.c.obj (.text:copysign)
                  000056f2    00000002     --HOLE-- [fill = 0]
                  000056f4    00000018     msp432p4xx_driverlib.lib : timer_a.o (.text:Timer_A_clearTimer)
                  0000570c    00000018                              : timer_a.o (.text:Timer_A_disableInterrupt)
                  00005724    00000018                              : uart.o (.text:UART_getInterruptStatus)
                  0000573c    00000018     rtsv7M4_T_le_v4SPD16_eabi.lib : strcmp.c.obj (.text:strcmp)
                  00005754    00000016     msp432p4xx_driverlib.lib : timer_a.o (.text:Timer_A_startCounter)
                  0000576a    00000016     rtsv7M4_T_le_v4SPD16_eabi.lib : strchr.c.obj (.text:strchr)
                  00005780    00000014     msp432p4xx_driverlib.lib : pcm.o (.text:PCM_getPowerState)
                  00005794    00000014     MSPIO.obj (.text:PrintChar)
                  000057a8    00000014     msp432p4xx_driverlib.lib : timer_a.o (.text:Timer_A_stopTimer)
                  000057bc    00000014     rtsv7M4_T_le_v4SPD16_eabi.lib : strcpy.c.obj (.text:strcpy)
                  000057d0    00000014                                   : strlen.c.obj (.text:strlen)
                  000057e4    00000012                                   : wcslen.c.obj (.text:wcslen)
                  000057f6    00000010     msp432p4xx_driverlib.lib : interrupt.o (.text:Interrupt_enableMaster)
                  00005806    00000010                              : pcm.o (.text:PCM_setCoreVoltageLevel)
                  00005816    00000010                              : pcm.o (.text:PCM_setPowerMode)
                  00005826    0000000e     rtsv7M4_T_le_v4SPD16_eabi.lib : copy_decompress_none.c.obj (.text:decompress:none:__TI_decompress_none)
                  00005834    0000000c     msp432p4xx_driverlib.lib : cpu.o (.text:CPU_cpsie)
                  00005840    0000000c     startup_msp432p401r_ccs.obj (.text:Reset_Handler)
                  0000584c    0000000c     rtsv7M4_T_le_v4SPD16_eabi.lib : copy_zero_init.c.obj (.text:decompress:ZI:__TI_zero_init)
                  00005858    00000008     ESP8266.obj (.text:ESP8266_GetBuffer)
                  00005860    00000008     rtsv7M4_T_le_v4SPD16_eabi.lib : errno.c.obj (.text:__aeabi_errno_addr)
                  00005868    00000008                                   : memory.c.obj (.text:malloc)
                  00005870    00000004                                   : printf.c.obj (.text:_outc)
                  00005874    00000004                                   : printf.c.obj (.text:_outs)
                  00005878    00000004                                   : pre_init.c.obj (.text:_system_pre_init)
                  0000587c    00000004                                   : exit.c.obj (.text:abort:abort)

.const     0    00005880    00000174     
                  00005880    00000101     rtsv7M4_T_le_v4SPD16_eabi.lib : ctype.c.obj (.const:.string:_ctypes_)
                  00005981    00000003     --HOLE-- [fill = 0]
                  00005984    00000030     msp432p4xx_driverlib.lib : gpio.o (.const:GPIO_PORT_TO_BASE)
                  000059b4    00000018     encoder.obj (.const:samplePeriodforSpeed)
                  000059cc    00000010     init_Ultrasonic.obj (.const:CCR3Config)
                  000059dc    00000010     init_Ultrasonic.obj (.const:contmConfig)
                  000059ec    00000008     msp432p4xx_driverlib.lib : interrupt.o (.const:g_pulEnRegs)

.cinit     0    000059f8    00000130     
                  000059f8    0000010b     (.cinit..data.load) [load image, compression = lzss]
                  00005b03    00000001     --HOLE-- [fill = 0]
                  00005b04    0000000c     (__TI_handler_table)
                  00005b10    00000008     (.cinit..bss.load) [load image, compression = zero_init]
                  00005b18    00000010     (__TI_cinit_table)

.init_array 
*          0    00000000    00000000     UNINITIALIZED

.binit     0    00000000    00000000     

.bss       0    20000000    000019fd     UNINITIALIZED
                  20000000    00000800     (.common:ESP8266_Buffer)
                  20000800    00000800     (.common:UARTA0Data)
                  20001000    00000800     (.common:UARTA2Data)
                  20001800    00000120     rtsv7M4_T_le_v4SPD16_eabi.lib : trgmsg.c.obj (.bss:_CIOBUF_)
                  20001920    000000a0     (.common:__TI_tmpnams)
                  200019c0    0000000c     Ultrasonic.obj (.bss)
                  200019cc    00000008     (.common:parmbuf)
                  200019d4    00000004     (.common:ESP8266_Data)
                  200019d8    00000004     (.common:UARTA0ReadIndex)
                  200019dc    00000004     (.common:UARTA0WriteIndex)
                  200019e0    00000004     (.common:UARTA2ReadIndex)
                  200019e4    00000004     (.common:UARTA2WriteIndex)
                  200019e8    00000004     (.common:dist)
                  200019ec    00000004     (.common:distance)
                  200019f0    00000004     (.common:leftPIDOutput)
                  200019f4    00000004     (.common:pulsetarget)
                  200019f8    00000004     (.common:rightPIDOutput)
                  200019fc    00000001     (.common:isTurning)

.sysmem    0    20001a00    00000800     UNINITIALIZED
                  20001a00    00000010     rtsv7M4_T_le_v4SPD16_eabi.lib : memory.c.obj (.sysmem)
                  20001a10    000007f0     --HOLE--

.data      0    20002200    000003d4     UNINITIALIZED
                  20002200    000000f0     rtsv7M4_T_le_v4SPD16_eabi.lib : defs.c.obj (.data:_ftable)
                  200022f0    00000078                                   : host_device.c.obj (.data:_device)
                  20002368    00000054     main.obj (.data)
                  200023bc    00000050     rtsv7M4_T_le_v4SPD16_eabi.lib : host_device.c.obj (.data:_stream)
                  2000240c    00000046     main.obj (.data:http_req_feedback_black_obstacle)
                  20002452    00000041     main.obj (.data:http_req_feedback_obstacle)
                  20002493    0000003e     main.obj (.data:http_req_feedback_black)
                  200024d1    00000003     --HOLE--
                  200024d4    00000004     rtsv7M4_T_le_v4SPD16_eabi.lib : errno.c.obj (.data)
                  200024d8    00000038     encoder.obj (.data)
                  20002510    00000028     Wifi.obj (.data:UART0Config)
                  20002538    00000028     Wifi.obj (.data:UART2Config)
                  20002560    00000018     Ultrasonic.obj (.data)
                  20002578    00000018     Motor.obj (.data:pwmConfig2)
                  20002590    00000018     Motor.obj (.data:pwmConfig)
                  200025a8    00000010     rtsv7M4_T_le_v4SPD16_eabi.lib : defs.c.obj (.data)
                  200025b8    0000000c                                   : exit.c.obj (.data:$O1$$)
                  200025c4    00000008                                   : _lock.c.obj (.data:$O1$$)
                  200025cc    00000008                                   : memory.c.obj (.data:$O1$$)

.stack     0    2000fe00    00000200     UNINITIALIZED
                  2000fe00    00000004     rtsv7M4_T_le_v4SPD16_eabi.lib : boot_cortex_m.c.obj (.stack)
                  2000fe04    000001fc     --HOLE--

__llvm_prf_cnts 
*          0    20000000    00000000     UNINITIALIZED

MODULE SUMMARY

       Module                        code    ro data   rw data
       ------                        ----    -------   -------
    .\
       main.obj                      636     0         588    
       system_msp432p401r.obj        120     0         0      
    +--+-----------------------------+-------+---------+---------+
       Total:                        756     0         588    
                                                              
    .\Devices\
       ESP8266.obj                   846     0         4096   
       MSPIO.obj                     380     0         0      
    +--+-----------------------------+-------+---------+---------+
       Total:                        1226    0         4096   
                                                              
    .\Hardware\
       UART_Driver.obj               792     0         8224   
       GPIO_Driver.obj               64      0         0      
       CS_Driver.obj                 34      0         0      
    +--+-----------------------------+-------+---------+---------+
       Total:                        890     0         8224   
                                                              
    .\Motor\
       Motor.obj                     2168    0         104    
    +--+-----------------------------+-------+---------+---------+
       Total:                        2168    0         104    
                                                              
    .\Sensor\
       encoder.obj                   868     24        112    
       Ultrasonic.obj                404     0         88     
       Linetracker.obj               352     0         0      
       init_Ultrasonic.obj           136     32        0      
    +--+-----------------------------+-------+---------+---------+
       Total:                        1760    56        200    
                                                              
    .\Wifi\
       Wifi.obj                      1304    0         160    
    +--+-----------------------------+-------+---------+---------+
       Total:                        1304    0         160    
                                                              
    .\ccs\
       startup_msp432p401r_ccs.obj   14      228       0      
    +--+-----------------------------+-------+---------+---------+
       Total:                        14      228       0      
                                                              
    C:/ti/simplelink_msp432p4_sdk_3_40_01_02/source/ti/devices/msp432p4xx/driverlib/ccs/msp432p4xx_driverlib.lib
       gpio.o                        840     48        0      
       pcm.o                         848     0         0      
       timer_a.o                     824     0         0      
       uart.o                        456     0         0      
       interrupt.o                   144     8         0      
       flash.o                       72      0         0      
       cs.o                          52      0         0      
       cpu.o                         12      0         0      
    +--+-----------------------------+-------+---------+---------+
       Total:                        3248    56        0      
                                                              
    C:\ti\ti-cgt-arm_20.2.4.LTS\lib\rtsv7M4_T_le_v4SPD16_eabi.lib
       _printfi.c.obj                4851    0         0      
       defs.c.obj                    0       0         832    
       memory.c.obj                  672     0         16     
       trgmsg.c.obj                  108     0         576    
       fd_add_t2.asm.obj             438     0         0      
       host_device.c.obj             0       0         400    
       fd_div_t2.asm.obj             310     0         0      
       fputs.c.obj                   276     0         0      
       s_scalbn.c.obj                272     0         0      
       fd_cmp_t2.asm.obj             268     0         0      
       ctype.c.obj                   0       257       0      
       fd_mul_t2.asm.obj             252     0         0      
       setvbuf.c.obj                 220     0         0      
       memcpy_t2.asm.obj             156     0         0      
       ull_div_t2.asm.obj            150     0         0      
       fputc.c.obj                   140     0         0      
       memset_t2.asm.obj             122     0         0      
       fclose.c.obj                  116     0         0      
       getdevice.c.obj               116     0         0      
       hostopen.c.obj                96      0         16     
       printf.c.obj                  112     0         0      
       fd_tos_t2.asm.obj             110     0         0      
       ltoa.c.obj                    110     0         0      
       hostrename.c.obj              108     0         0      
       copy_decompress_lzss.c.obj    104     0         0      
       hostlseek.c.obj               104     0         0      
       exit.c.obj                    76      0         24     
       fseek.c.obj                   100     0         0      
       s_frexp.c.obj                 100     0         0      
       _io_perm.c.obj                98      0         0      
       close.c.obj                   92      0         0      
       hostread.c.obj                88      0         0      
       hostwrite.c.obj               88      0         0      
       _ltoa.c.obj                   84      0         0      
       atoi.c.obj                    76      0         0      
       fflush.c.obj                  76      0         0      
       fd_toi_t2.asm.obj             72      0         0      
       autoinit.c.obj                68      0         0      
       hostclose.c.obj               68      0         0      
       hostunlink.c.obj              68      0         0      
       fs_tod_t2.asm.obj             56      0         0      
       strncpy.c.obj                 54      0         0      
       boot_cortex_m.c.obj           52      0         0      
       fopen.c.obj                   52      0         0      
       strstr.c.obj                  52      0         0      
       i_tofd_t2.asm.obj             46      0         0      
       unlink.c.obj                  44      0         0      
       lseek.c.obj                   40      0         0      
       write.c.obj                   40      0         0      
       memchr.c.obj                  32      0         0      
       memccpy.c.obj                 28      0         0      
       s_copysign.c.obj              26      0         0      
       strcmp.c.obj                  24      0         0      
       strchr.c.obj                  22      0         0      
       strcpy.c.obj                  20      0         0      
       strlen.c.obj                  20      0         0      
       _lock.c.obj                   2       0         16     
       wcslen.c.obj                  18      0         0      
       errno.c.obj                   8       0         8      
       copy_decompress_none.c.obj    14      0         0      
       copy_zero_init.c.obj          12      0         0      
       pre_init.c.obj                4       0         0      
       div0.asm.obj                  2       0         0      
    +--+-----------------------------+-------+---------+---------+
       Total:                        11033   257       1888   
                                                              
       Heap:                         0       0         4096   
       Stack:                        0       0         1024   
       Linker Generated:             0       303       0      
    +--+-----------------------------+-------+---------+---------+
       Grand Total:                  22399   900       20380  


LINKER GENERATED COPY TABLES

__TI_cinit_table @ 00005b18 records: 2, size/record: 8, table size: 16
	.data: load addr=000059f8, load size=0000010b bytes, run addr=20002200, run size=000003d4 bytes, compression=lzss
	.bss: load addr=00005b10, load size=00000008 bytes, run addr=20000000, run size=000019fd bytes, compression=zero_init


LINKER GENERATED HANDLER TABLE

__TI_handler_table @ 00005b04 records: 3, size/record: 4, table size: 12
	index: 0, handler: __TI_decompress_lzss
	index: 1, handler: __TI_decompress_none
	index: 2, handler: __TI_zero_init


GLOBAL SYMBOLS: SORTED ALPHABETICALLY BY Name 

address   name                                       
-------   ----                                       
00000b33  ADC14_IRQHandler                           
00000b33  AES256_IRQHandler                          
00000b33  BusFault_Handler                           
0000587d  C$$EXIT                                    
00004fd7  C$$IO$$                                    
000059cc  CCR3Config                                 
00000b33  COMP_E0_IRQHandler                         
00000b33  COMP_E1_IRQHandler                         
00005835  CPU_cpsie                                  
00000b33  CS_IRQHandler                              
000055b9  CS_Init                                    
00005089  CS_setDCOCenteredFrequency                 
00000b35  CarPID                                     
00000b33  DMA_ERR_IRQHandler                         
00000b33  DMA_INT0_IRQHandler                        
00000b33  DMA_INT1_IRQHandler                        
00000b33  DMA_INT2_IRQHandler                        
00000b33  DMA_INT3_IRQHandler                        
00000b33  DebugMon_Handler                           
00000b33  Default_Handler                            
00005571  Delay                                      
20000000  ESP8266_Buffer                             
00004a2d  ESP8266_CheckConnection                    
0000426d  ESP8266_ConnectToAP                        
200019d4  ESP8266_Data                               
00003ce1  ESP8266_EnableMultipleConnections          
00003019  ESP8266_EstablishConnection                
00005859  ESP8266_GetBuffer                          
000055db  ESP8266_HardReset                          
000033b5  ESP8266_SendData                           
00003de1  ESP8266_WaitForAnswer                      
00003935  EUSCIA0_IRQHandler                         
00003935  EUSCIA0_IRQHandler                         
00000b33  EUSCIA1_IRQHandler                         
000035b9  EUSCIA2_IRQHandler                         
000035b9  EUSCIA2_IRQHandler                         
00000b33  EUSCIA3_IRQHandler                         
00000b33  EUSCIB0_IRQHandler                         
00000b33  EUSCIB1_IRQHandler                         
00000b33  EUSCIB2_IRQHandler                         
00000b33  EUSCIB3_IRQHandler                         
00000b33  FLCTL_IRQHandler                           
00000b33  FPU_IRQHandler                             
00004c41  FlashCtl_setWaitState                      
00005621  GPIO_High                                  
00005641  GPIO_Low                                   
00005409  GPIO_clearInterruptFlag                    
00005431  GPIO_enableInterrupt                       
00003bd9  GPIO_getEnabledInterruptStatus             
000052c5  GPIO_getInputPinValue                      
00005595  GPIO_getInterruptStatus                    
00004f31  GPIO_interruptEdgeSelect                   
00004a79  GPIO_setAsInputPin                         
00004785  GPIO_setAsInputPinWithPullUpResistor       
00004e71  GPIO_setAsOutputPin                        
000039bd  GPIO_setAsPeripheralModuleFunctionOutputPin
00005459  GPIO_setOutputHighOnPin                    
00005481  GPIO_setOutputLowOnPin                     
000054a9  GPIO_toggleOutputOnPin                     
00004d61  HOSTclose                                  
00004345  HOSTlseek                                  
0000460d  HOSTopen                                   
000047dd  HOSTread                                   
000042d9  HOSTrename                                 
00004da5  HOSTunlink                                 
00004835  HOSTwrite                                  
00000b33  HardFault_Handler                          
00002a09  Initalise_Enconder                         
00003a45  Initalise_HCSR04_New                       
00003465  Initalise_Motor                            
00003d61  Interrupt_enableInterrupt                  
000057f7  Interrupt_enableMaster                     
000030d9  MSPrintf                                   
00000b33  MemManage_Handler                          
00000b33  NMI_Handler                                
00000b33  PCM_IRQHandler                             
0000466d  PCM_getCoreVoltageLevel                    
00004729  PCM_getPowerMode                           
00005781  PCM_getPowerState                          
00005807  PCM_setCoreVoltageLevel                    
00005817  PCM_setPowerMode                           
000050bd  PORT1_IRQHandler                           
000050bd  PORT1_IRQHandler                           
00000b33  PORT2_IRQHandler                           
00003c5d  PORT3_IRQHandler                           
00003c5d  PORT3_IRQHandler                           
00000b33  PORT4_IRQHandler                           
00001b75  PORT5_IRQHandler                           
00001b75  PORT5_IRQHandler                           
00003511  PORT6_IRQHandler                           
00003511  PORT6_IRQHandler                           
00000b33  PSS_IRQHandler                             
20002370  PWML                                       
20002374  PWMR                                       
00000b33  PendSV_Handler                             
00005795  PrintChar                                  
0000378f  PrintInteger                               
000055fd  PrintString                                
00000b33  RTC_C_IRQHandler                           
00005841  Reset_Handler                              
00000b33  SVC_Handler                                
00000b33  SysTick_Handler                            
00003ed9  SystemInit                                 
00000b33  T32_INT1_IRQHandler                        
00000b33  T32_INT2_IRQHandler                        
00000b33  T32_INTC_IRQHandler                        
00000b33  TA0_0_IRQHandler                           
00000b33  TA0_N_IRQHandler                           
00000b33  TA1_0_IRQHandler                           
00000b33  TA1_N_IRQHandler                           
00000b33  TA2_0_IRQHandler                           
00000b33  TA2_N_IRQHandler                           
00003f51  TA3_0_IRQHandler                           
00003f51  TA3_0_IRQHandler                           
00000b33  TA3_N_IRQHandler                           
00005385  Timer_A_clearCaptureCompareInterrupt       
000056f5  Timer_A_clearTimer                         
000050f1  Timer_A_configureContinuousMode            
000053b1  Timer_A_disableCaptureCompareInterrupt     
0000570d  Timer_A_disableInterrupt                   
00003fc9  Timer_A_generatePWM                        
00004ac5  Timer_A_getCounterValue                    
000049df  Timer_A_initCompare                        
00005755  Timer_A_startCounter                       
000057a9  Timer_A_stopTimer                          
20002510  UART0Config                                
20002538  UART2Config                                
20000800  UARTA0Data                                 
200019d8  UARTA0ReadIndex                            
200019dc  UARTA0WriteIndex                           
20001000  UARTA2Data                                 
200019e0  UARTA2ReadIndex                            
200019e4  UARTA2WriteIndex                           
00004b11  UART_Available                             
00004c89  UART_Flush                                 
000022b9  UART_Read                                  
00004eb1  UART_Write                                 
0000447d  UART_getEnabledInterruptStatus             
00005725  UART_getInterruptStatus                    
0000219d  UART_initModule                            
000052f5  UART_receiveData                           
00000b33  UsageFault_Handler                         
4000480c  WDTCTL_SYM                                 
00000b33  WDT_A_IRQHandler                           
20001800  __CIOBUF_                                  
20010000  __STACK_END                                
00000200  __STACK_SIZE                               
00000800  __SYSMEM_SIZE                              
00005b18  __TI_CINIT_Base                            
00005b28  __TI_CINIT_Limit                           
00005b04  __TI_Handler_Table_Base                    
00005b10  __TI_Handler_Table_Limit                   
00004de9  __TI_auto_init_nobinit_nopinit             
00005125  __TI_cleanup                               
200025b8  __TI_cleanup_ptr                           
0000403d  __TI_closefile                             
000043ad  __TI_decompress_lzss                       
00005827  __TI_decompress_none                       
00004b5d  __TI_doflush                               
200025bc  __TI_dtors_ptr                             
200025c0  __TI_enable_exit_profile_output            
200025a8  __TI_ft_end                                
000048e3  __TI_ltoa                                  
ffffffff  __TI_pprof_out_hndl                        
000000e5  __TI_printfi                               
ffffffff  __TI_prof_data_size                        
ffffffff  __TI_prof_data_start                       
00005159  __TI_readmsg                               
00000000  __TI_static_base__                         
20001920  __TI_tmpnams                               
00004fa9  __TI_writemsg                              
000045a9  __TI_wrt_ok                                
0000584d  __TI_zero_init                             
00003acd  __aeabi_cdcmpeq                            
00003acd  __aeabi_cdcmple                            
00003b53  __aeabi_cdrcmple                           
000041ff  __aeabi_d2f                                
00004d19  __aeabi_d2iz                               
0000186b  __aeabi_dadd                               
00001f41  __aeabi_ddiv                               
0000290d  __aeabi_dmul                               
00001861  __aeabi_dsub                               
00005861  __aeabi_errno_addr                         
00005019  __aeabi_f2d                                
00005355  __aeabi_i2d                                
00002077  __aeabi_idiv0                              
00002077  __aeabi_ldiv0                              
00003e5d  __aeabi_memclr                             
00003e5d  __aeabi_memclr4                            
00003e5d  __aeabi_memclr8                            
0000365d  __aeabi_memcpy                             
0000365d  __aeabi_memcpy4                            
0000365d  __aeabi_memcpy8                            
00003e5f  __aeabi_memset                             
00003e5f  __aeabi_memset4                            
00003e5f  __aeabi_memset8                            
200025b4  __aeabi_stderr                             
200025ac  __aeabi_stdin                              
200025b0  __aeabi_stdout                             
000036f9  __aeabi_uldivmod                           
ffffffff  __binit__                                  
ffffffff  __c_args__                                 
UNDEFED   __mpu_init                                 
2000fe00  __stack                                    
20000000  __start___llvm_prf_cnts                    
20000000  __stop___llvm_prf_cnts                     
0000518d  _c_int00_noargs                            
00005880  _ctypes_                                   
200022f0  _device                                    
20002200  _ftable                                    
200025c4  _lock                                      
00001a17  _nop                                       
200023bc  _stream                                    
20001a00  _sys_memory                                
UNDEFED   _system_post_cinit                         
00005879  _system_pre_init                           
200025c8  _unlock                                    
0000587d  abort                                      
0000280d  aligned_alloc                              
00004ba9  atoi                                       
ffffffff  binit                                      
200023a1  blackTiles                                 
00002cbd  checkCommand                               
000046cd  close                                      
000059dc  contmConfig                                
000056d9  copysign                                   
000056d9  copysignl                                  
20002380  countTrigger                               
000024e5  detectObstacle                             
200019e8  dist                                       
200019ec  distance                                   
200024d4  errno                                      
00004cd1  exit                                       
00005325  finddevice                                 
0000381d  fputc                                      
000023d1  fputs                                      
00002af5  free                                       
000044e1  frexp                                      
000044e1  frexpl                                     
00004545  fseek                                      
00004fe1  generatePWM                                
00002f4d  get_api                                    
00004e2d  getdevice                                  
20002378  grid_pulse_left                            
2000237c  grid_pulse_right                           
20002493  http_req_feedback_black                    
2000240c  http_req_feedback_black_obstacle           
20002452  http_req_feedback_obstacle                 
200023a8  http_req_size_dequeue                      
200023ac  http_req_size_feedback_black               
200023b4  http_req_size_feedback_black_obstacle      
200023b0  http_req_size_feedback_obstacle            
200023b8  http_req_size_getallcommands               
200023a4  http_req_size_getfirstcommand              
00003195  init_line_tracker                          
00001425  initiate_wifi                              
00000000  interruptVectors                           
200019fc  isTurning                                  
000025f5  ldexp                                      
000025f5  ldexpl                                     
200019f0  leftPIDOutput                              
20002368  leftcount                                  
000054f9  lseek                                      
00004191  ltoa                                       
00000f39  main                                       
00005869  malloc                                     
0000280d  memalign                                   
000056bd  memccpy                                    
00005661  memchr                                     
0000365d  memcpy                                     
00003e65  memset                                     
00004bf5  moveBackward                               
00005681  moveForward                                
000051c1  moveLeftBackward                           
000051f5  moveLeftFoward                             
00005229  moveRightBackward                          
0000525d  moveRightFoward                            
200023a2  obstacle                                   
200019cc  parmbuf                                    
00002bd9  parseData                                  
200023a0  pooling                                    
00004415  printf                                     
20002390  pulseCountL                                
20002394  pulseCountR                                
20002384  pulseTrigger                               
200019f4  pulsetarget                                
0000381d  putc                                       
20002590  pwmConfig                                  
20002578  pwmConfig2                                 
000053dd  remove                                     
200019f8  rightPIDOutput                             
2000236c  rightcount                                 
00005521  rotate                                     
000059b4  samplePeriodforSpeed                       
000025f5  scalbn                                     
000025f5  scalbnl                                    
00002e75  setup_connection                           
00002d99  setvbuf                                    
20002388  speedL                                     
2000238c  speedR                                     
00004f6d  stop                                       
0000324d  stopTimer                                  
0000576b  strchr                                     
0000573d  strcmp                                     
000057bd  strcpy                                     
000057d1  strlen                                     
00005051  strncpy                                    
00005291  strstr                                     
20002398  totalErrorLeft                             
2000239c  totalErrorRight                            
00004939  turnleft                                   
000038a9  turnright                                  
000053dd  unlink                                     
000057e5  wcslen                                     
00005549  write                                      


GLOBAL SYMBOLS: SORTED BY Symbol Address 

address   name                                       
-------   ----                                       
00000000  __TI_static_base__                         
00000000  interruptVectors                           
000000e5  __TI_printfi                               
00000200  __STACK_SIZE                               
00000800  __SYSMEM_SIZE                              
00000b33  ADC14_IRQHandler                           
00000b33  AES256_IRQHandler                          
00000b33  BusFault_Handler                           
00000b33  COMP_E0_IRQHandler                         
00000b33  COMP_E1_IRQHandler                         
00000b33  CS_IRQHandler                              
00000b33  DMA_ERR_IRQHandler                         
00000b33  DMA_INT0_IRQHandler                        
00000b33  DMA_INT1_IRQHandler                        
00000b33  DMA_INT2_IRQHandler                        
00000b33  DMA_INT3_IRQHandler                        
00000b33  DebugMon_Handler                           
00000b33  Default_Handler                            
00000b33  EUSCIA1_IRQHandler                         
00000b33  EUSCIA3_IRQHandler                         
00000b33  EUSCIB0_IRQHandler                         
00000b33  EUSCIB1_IRQHandler                         
00000b33  EUSCIB2_IRQHandler                         
00000b33  EUSCIB3_IRQHandler                         
00000b33  FLCTL_IRQHandler                           
00000b33  FPU_IRQHandler                             
00000b33  HardFault_Handler                          
00000b33  MemManage_Handler                          
00000b33  NMI_Handler                                
00000b33  PCM_IRQHandler                             
00000b33  PORT2_IRQHandler                           
00000b33  PORT4_IRQHandler                           
00000b33  PSS_IRQHandler                             
00000b33  PendSV_Handler                             
00000b33  RTC_C_IRQHandler                           
00000b33  SVC_Handler                                
00000b33  SysTick_Handler                            
00000b33  T32_INT1_IRQHandler                        
00000b33  T32_INT2_IRQHandler                        
00000b33  T32_INTC_IRQHandler                        
00000b33  TA0_0_IRQHandler                           
00000b33  TA0_N_IRQHandler                           
00000b33  TA1_0_IRQHandler                           
00000b33  TA1_N_IRQHandler                           
00000b33  TA2_0_IRQHandler                           
00000b33  TA2_N_IRQHandler                           
00000b33  TA3_N_IRQHandler                           
00000b33  UsageFault_Handler                         
00000b33  WDT_A_IRQHandler                           
00000b35  CarPID                                     
00000f39  main                                       
00001425  initiate_wifi                              
00001861  __aeabi_dsub                               
0000186b  __aeabi_dadd                               
00001a17  _nop                                       
00001b75  PORT5_IRQHandler                           
00001b75  PORT5_IRQHandler                           
00001f41  __aeabi_ddiv                               
00002077  __aeabi_idiv0                              
00002077  __aeabi_ldiv0                              
0000219d  UART_initModule                            
000022b9  UART_Read                                  
000023d1  fputs                                      
000024e5  detectObstacle                             
000025f5  ldexp                                      
000025f5  ldexpl                                     
000025f5  scalbn                                     
000025f5  scalbnl                                    
0000280d  aligned_alloc                              
0000280d  memalign                                   
0000290d  __aeabi_dmul                               
00002a09  Initalise_Enconder                         
00002af5  free                                       
00002bd9  parseData                                  
00002cbd  checkCommand                               
00002d99  setvbuf                                    
00002e75  setup_connection                           
00002f4d  get_api                                    
00003019  ESP8266_EstablishConnection                
000030d9  MSPrintf                                   
00003195  init_line_tracker                          
0000324d  stopTimer                                  
000033b5  ESP8266_SendData                           
00003465  Initalise_Motor                            
00003511  PORT6_IRQHandler                           
00003511  PORT6_IRQHandler                           
000035b9  EUSCIA2_IRQHandler                         
000035b9  EUSCIA2_IRQHandler                         
0000365d  __aeabi_memcpy                             
0000365d  __aeabi_memcpy4                            
0000365d  __aeabi_memcpy8                            
0000365d  memcpy                                     
000036f9  __aeabi_uldivmod                           
0000378f  PrintInteger                               
0000381d  fputc                                      
0000381d  putc                                       
000038a9  turnright                                  
00003935  EUSCIA0_IRQHandler                         
00003935  EUSCIA0_IRQHandler                         
000039bd  GPIO_setAsPeripheralModuleFunctionOutputPin
00003a45  Initalise_HCSR04_New                       
00003acd  __aeabi_cdcmpeq                            
00003acd  __aeabi_cdcmple                            
00003b53  __aeabi_cdrcmple                           
00003bd9  GPIO_getEnabledInterruptStatus             
00003c5d  PORT3_IRQHandler                           
00003c5d  PORT3_IRQHandler                           
00003ce1  ESP8266_EnableMultipleConnections          
00003d61  Interrupt_enableInterrupt                  
00003de1  ESP8266_WaitForAnswer                      
00003e5d  __aeabi_memclr                             
00003e5d  __aeabi_memclr4                            
00003e5d  __aeabi_memclr8                            
00003e5f  __aeabi_memset                             
00003e5f  __aeabi_memset4                            
00003e5f  __aeabi_memset8                            
00003e65  memset                                     
00003ed9  SystemInit                                 
00003f51  TA3_0_IRQHandler                           
00003f51  TA3_0_IRQHandler                           
00003fc9  Timer_A_generatePWM                        
0000403d  __TI_closefile                             
00004191  ltoa                                       
000041ff  __aeabi_d2f                                
0000426d  ESP8266_ConnectToAP                        
000042d9  HOSTrename                                 
00004345  HOSTlseek                                  
000043ad  __TI_decompress_lzss                       
00004415  printf                                     
0000447d  UART_getEnabledInterruptStatus             
000044e1  frexp                                      
000044e1  frexpl                                     
00004545  fseek                                      
000045a9  __TI_wrt_ok                                
0000460d  HOSTopen                                   
0000466d  PCM_getCoreVoltageLevel                    
000046cd  close                                      
00004729  PCM_getPowerMode                           
00004785  GPIO_setAsInputPinWithPullUpResistor       
000047dd  HOSTread                                   
00004835  HOSTwrite                                  
000048e3  __TI_ltoa                                  
00004939  turnleft                                   
000049df  Timer_A_initCompare                        
00004a2d  ESP8266_CheckConnection                    
00004a79  GPIO_setAsInputPin                         
00004ac5  Timer_A_getCounterValue                    
00004b11  UART_Available                             
00004b5d  __TI_doflush                               
00004ba9  atoi                                       
00004bf5  moveBackward                               
00004c41  FlashCtl_setWaitState                      
00004c89  UART_Flush                                 
00004cd1  exit                                       
00004d19  __aeabi_d2iz                               
00004d61  HOSTclose                                  
00004da5  HOSTunlink                                 
00004de9  __TI_auto_init_nobinit_nopinit             
00004e2d  getdevice                                  
00004e71  GPIO_setAsOutputPin                        
00004eb1  UART_Write                                 
00004f31  GPIO_interruptEdgeSelect                   
00004f6d  stop                                       
00004fa9  __TI_writemsg                              
00004fd7  C$$IO$$                                    
00004fe1  generatePWM                                
00005019  __aeabi_f2d                                
00005051  strncpy                                    
00005089  CS_setDCOCenteredFrequency                 
000050bd  PORT1_IRQHandler                           
000050bd  PORT1_IRQHandler                           
000050f1  Timer_A_configureContinuousMode            
00005125  __TI_cleanup                               
00005159  __TI_readmsg                               
0000518d  _c_int00_noargs                            
000051c1  moveLeftBackward                           
000051f5  moveLeftFoward                             
00005229  moveRightBackward                          
0000525d  moveRightFoward                            
00005291  strstr                                     
000052c5  GPIO_getInputPinValue                      
000052f5  UART_receiveData                           
00005325  finddevice                                 
00005355  __aeabi_i2d                                
00005385  Timer_A_clearCaptureCompareInterrupt       
000053b1  Timer_A_disableCaptureCompareInterrupt     
000053dd  remove                                     
000053dd  unlink                                     
00005409  GPIO_clearInterruptFlag                    
00005431  GPIO_enableInterrupt                       
00005459  GPIO_setOutputHighOnPin                    
00005481  GPIO_setOutputLowOnPin                     
000054a9  GPIO_toggleOutputOnPin                     
000054f9  lseek                                      
00005521  rotate                                     
00005549  write                                      
00005571  Delay                                      
00005595  GPIO_getInterruptStatus                    
000055b9  CS_Init                                    
000055db  ESP8266_HardReset                          
000055fd  PrintString                                
00005621  GPIO_High                                  
00005641  GPIO_Low                                   
00005661  memchr                                     
00005681  moveForward                                
000056bd  memccpy                                    
000056d9  copysign                                   
000056d9  copysignl                                  
000056f5  Timer_A_clearTimer                         
0000570d  Timer_A_disableInterrupt                   
00005725  UART_getInterruptStatus                    
0000573d  strcmp                                     
00005755  Timer_A_startCounter                       
0000576b  strchr                                     
00005781  PCM_getPowerState                          
00005795  PrintChar                                  
000057a9  Timer_A_stopTimer                          
000057bd  strcpy                                     
000057d1  strlen                                     
000057e5  wcslen                                     
000057f7  Interrupt_enableMaster                     
00005807  PCM_setCoreVoltageLevel                    
00005817  PCM_setPowerMode                           
00005827  __TI_decompress_none                       
00005835  CPU_cpsie                                  
00005841  Reset_Handler                              
0000584d  __TI_zero_init                             
00005859  ESP8266_GetBuffer                          
00005861  __aeabi_errno_addr                         
00005869  malloc                                     
00005879  _system_pre_init                           
0000587d  C$$EXIT                                    
0000587d  abort                                      
00005880  _ctypes_                                   
000059b4  samplePeriodforSpeed                       
000059cc  CCR3Config                                 
000059dc  contmConfig                                
00005b04  __TI_Handler_Table_Base                    
00005b10  __TI_Handler_Table_Limit                   
00005b18  __TI_CINIT_Base                            
00005b28  __TI_CINIT_Limit                           
20000000  ESP8266_Buffer                             
20000000  __start___llvm_prf_cnts                    
20000000  __stop___llvm_prf_cnts                     
20000800  UARTA0Data                                 
20001000  UARTA2Data                                 
20001800  __CIOBUF_                                  
20001920  __TI_tmpnams                               
200019cc  parmbuf                                    
200019d4  ESP8266_Data                               
200019d8  UARTA0ReadIndex                            
200019dc  UARTA0WriteIndex                           
200019e0  UARTA2ReadIndex                            
200019e4  UARTA2WriteIndex                           
200019e8  dist                                       
200019ec  distance                                   
200019f0  leftPIDOutput                              
200019f4  pulsetarget                                
200019f8  rightPIDOutput                             
200019fc  isTurning                                  
20001a00  _sys_memory                                
20002200  _ftable                                    
200022f0  _device                                    
20002368  leftcount                                  
2000236c  rightcount                                 
20002370  PWML                                       
20002374  PWMR                                       
20002378  grid_pulse_left                            
2000237c  grid_pulse_right                           
20002380  countTrigger                               
20002384  pulseTrigger                               
20002388  speedL                                     
2000238c  speedR                                     
20002390  pulseCountL                                
20002394  pulseCountR                                
20002398  totalErrorLeft                             
2000239c  totalErrorRight                            
200023a0  pooling                                    
200023a1  blackTiles                                 
200023a2  obstacle                                   
200023a4  http_req_size_getfirstcommand              
200023a8  http_req_size_dequeue                      
200023ac  http_req_size_feedback_black               
200023b0  http_req_size_feedback_obstacle            
200023b4  http_req_size_feedback_black_obstacle      
200023b8  http_req_size_getallcommands               
200023bc  _stream                                    
2000240c  http_req_feedback_black_obstacle           
20002452  http_req_feedback_obstacle                 
20002493  http_req_feedback_black                    
200024d4  errno                                      
20002510  UART0Config                                
20002538  UART2Config                                
20002578  pwmConfig2                                 
20002590  pwmConfig                                  
200025a8  __TI_ft_end                                
200025ac  __aeabi_stdin                              
200025b0  __aeabi_stdout                             
200025b4  __aeabi_stderr                             
200025b8  __TI_cleanup_ptr                           
200025bc  __TI_dtors_ptr                             
200025c0  __TI_enable_exit_profile_output            
200025c4  _lock                                      
200025c8  _unlock                                    
2000fe00  __stack                                    
20010000  __STACK_END                                
4000480c  WDTCTL_SYM                                 
ffffffff  __TI_pprof_out_hndl                        
ffffffff  __TI_prof_data_size                        
ffffffff  __TI_prof_data_start                       
ffffffff  __binit__                                  
ffffffff  __c_args__                                 
ffffffff  binit                                      
UNDEFED   __mpu_init                                 
UNDEFED   _system_post_cinit                         

[315 symbols]
