******************************************************************************
                  TI ARM Linker PC v20.2.4                     
******************************************************************************
>> Linked Sat Dec  4 13:08:49 2021

OUTPUT FILE NAME:   <ProjectV4.out>
ENTRY POINT SYMBOL: "_c_int00_noargs"  address: 00004b3d


MEMORY CONFIGURATION

         name            origin    length      used     unused   attr    fill
----------------------  --------  ---------  --------  --------  ----  --------
  MAIN                  00000000   00040000  000053c4  0003ac3c  R  X
  INFO                  00200000   00004000  00000000  00004000  R  X
  SRAM_CODE             01000000   00010000  00002731  0000d8cf  RW X
  SRAM_DATA             20000000   00010000  00002731  0000d8cf  RW  


SEGMENT ALLOCATION MAP

run origin  load origin   length   init length attrs members
----------  ----------- ---------- ----------- ----- -------
00000000    00000000    000053c8   000053c8    r-x
  00000000    00000000    000000e4   000000e4    r-- .intvecs
  000000e4    000000e4    0000508c   0000508c    r-x .text
  00005170    00005170    00000154   00000154    r-- .const
  000052c8    000052c8    00000100   00000100    r-- .cinit
20000000    20000000    00002538   00000000    rw-
  20000000    20000000    00001a01   00000000    rw- .bss
  20001a08    20001a08    00000800   00000000    rw- .sysmem
  20002208    20002208    00000330   00000000    rw- .data
2000fe00    2000fe00    00000200   00000000    rw-
  2000fe00    2000fe00    00000200   00000000    rw- .stack


SECTION ALLOCATION MAP

 output                                  attributes/
section   page    origin      length       input sections
--------  ----  ----------  ----------   ----------------
.intvecs   0    00000000    000000e4     
                  00000000    000000e4     startup_msp432p401r_ccs.obj (.intvecs:retain)

.text      0    000000e4    0000508c     
                  000000e4    00000a4e     rtsv7M4_T_le_v4SPD16_eabi.lib : _printfi.c.obj (.text:__TI_printfi)
                  00000b32    00000002     startup_msp432p401r_ccs.obj (.text:Default_Handler)
                  00000b34    00000404     Motor.obj (.text:CarPID)
                  00000f38    000002dc     Wifi.obj (.text:initiate_wifi)
                  00001214    00000270     rtsv7M4_T_le_v4SPD16_eabi.lib : _printfi.c.obj (.text:_pconv_a)
                  00001484    000001d0                                   : _printfi.c.obj (.text:_pconv_g)
                  00001654    000001b6                                   : fd_add_t2.asm.obj (.text)
                  0000180a    00000002                                   : _lock.c.obj (.text:_nop)
                  0000180c    0000015c     msp432p4xx_driverlib.lib : pcm.o (.text:__PCM_setPowerModeAdvanced)
                  00001968    0000014c     encoder.obj (.text:PORT5_IRQHandler)
                  00001ab4    00000144     msp432p4xx_driverlib.lib : timer_a.o (.text:privateTimer_AProcessClockSourceDivider)
                  00001bf8    0000013c     rtsv7M4_T_le_v4SPD16_eabi.lib : _printfi.c.obj (.text:_pconv_e)
                  00001d34    00000136                                   : fd_div_t2.asm.obj (.text)
                  00001e6a    00000002                                   : div0.asm.obj (.text)
                  00001e6c    0000012c     Ultrasonic.obj (.text:detectObstacle)
                  00001f98    00000124     rtsv7M4_T_le_v4SPD16_eabi.lib : _printfi.c.obj (.text:fcvt)
                  000020bc    0000011c     msp432p4xx_driverlib.lib : uart.o (.text:UART_initModule)
                  000021d8    00000118     UART_Driver.obj (.text:UART_Read)
                  000022f0    00000114     rtsv7M4_T_le_v4SPD16_eabi.lib : fputs.c.obj (.text:fputs)
                  00002404    00000110                                   : s_scalbn.c.obj (.text:scalbn)
                  00002514    00000108     msp432p4xx_driverlib.lib : pcm.o (.text:__PCM_setCoreVoltageLevelAdvanced)
                  0000261c    00000100     rtsv7M4_T_le_v4SPD16_eabi.lib : memory.c.obj (.text:aligned_alloc)
                  0000271c    000000fc                                   : fd_mul_t2.asm.obj (.text)
                  00002818    000000f8     Linetracker.obj (.text:PORT6_IRQHandler)
                  00002910    000000ec     encoder.obj (.text:Initalise_Enconder)
                  000029fc    000000e4     rtsv7M4_T_le_v4SPD16_eabi.lib : memory.c.obj (.text:free)
                  00002ae0    000000dc                                   : setvbuf.c.obj (.text:setvbuf)
                  00002bbc    000000cc     Wifi.obj (.text:get_api)
                  00002c88    000000c0     ESP8266.obj (.text:ESP8266_EstablishConnection)
                  00002d48    000000ba     MSPIO.obj (.text:MSPrintf)
                  00002e02    00000002     --HOLE-- [fill = 0]
                  00002e04    000000b8     UART_Driver.obj (.text:EUSCIA2_IRQHandler)
                  00002ebc    000000b4     encoder.obj (.text:stopTimer)
                  00002f70    000000b1     rtsv7M4_T_le_v4SPD16_eabi.lib : _printfi.c.obj (.text:_ltostr)
                  00003021    00000003     --HOLE-- [fill = 0]
                  00003024    000000b0     ESP8266.obj (.text:ESP8266_SendData)
                  000030d4    000000ac     Motor.obj (.text:Initalise_Motor)
                  00003180    0000009c     rtsv7M4_T_le_v4SPD16_eabi.lib : memcpy_t2.asm.obj (.text)
                  0000321c    00000096                                   : ull_div_t2.asm.obj (.text)
                  000032b2    0000008c     MSPIO.obj (.text:PrintInteger)
                  0000333e    00000002     --HOLE-- [fill = 0]
                  00003340    0000008c     rtsv7M4_T_le_v4SPD16_eabi.lib : fputc.c.obj (.text:fputc)
                  000033cc    00000088     UART_Driver.obj (.text:EUSCIA0_IRQHandler)
                  00003454    00000088     msp432p4xx_driverlib.lib : gpio.o (.text:GPIO_setAsPeripheralModuleFunctionOutputPin)
                  000034dc    00000086     rtsv7M4_T_le_v4SPD16_eabi.lib : fd_cmp_t2.asm.obj (.text:__aeabi_cdcmple)
                  00003562    00000086                                   : fd_cmp_t2.asm.obj (.text:__aeabi_cdrcmple)
                  000035e8    00000084     msp432p4xx_driverlib.lib : gpio.o (.text:GPIO_getEnabledInterruptStatus)
                  0000366c    00000080     ESP8266.obj (.text:ESP8266_EnableMultipleConnections)
                  000036ec    00000080     msp432p4xx_driverlib.lib : interrupt.o (.text:Interrupt_enableInterrupt)
                  0000376c    0000007c     ESP8266.obj (.text:ESP8266_WaitForAnswer)
                  000037e8    0000007a     rtsv7M4_T_le_v4SPD16_eabi.lib : memset_t2.asm.obj (.text)
                  00003862    00000002     --HOLE-- [fill = 0]
                  00003864    00000078     system_msp432p401r.obj (.text:SystemInit)
                  000038dc    00000078     encoder.obj (.text:TA3_0_IRQHandler)
                  00003954    00000074     msp432p4xx_driverlib.lib : timer_a.o (.text:Timer_A_generatePWM)
                  000039c8    00000074     rtsv7M4_T_le_v4SPD16_eabi.lib : fclose.c.obj (.text:__TI_closefile)
                  00003a3c    00000070                                   : memory.c.obj (.text:split)
                  00003aac    0000006e                                   : _printfi.c.obj (.text:_mcpy)
                  00003b1a    00000002     --HOLE-- [fill = 0]
                  00003b1c    0000006e                                   : ltoa.c.obj (.text:ltoa)
                  00003b8a    0000006e                                   : fd_tos_t2.asm.obj (.text)
                  00003bf8    0000006c     ESP8266.obj (.text:ESP8266_ConnectToAP)
                  00003c64    0000006c     rtsv7M4_T_le_v4SPD16_eabi.lib : hostrename.c.obj (.text:HOSTrename)
                  00003cd0    00000068                                   : hostlseek.c.obj (.text:HOSTlseek)
                  00003d38    00000068     Ultrasonic.obj (.text:PORT3_IRQHandler)
                  00003da0    00000068     rtsv7M4_T_le_v4SPD16_eabi.lib : copy_decompress_lzss.c.obj (.text:decompress:lzss:__TI_decompress_lzss)
                  00003e08    00000068     Linetracker.obj (.text:getEachCharacter)
                  00003e70    00000068     rtsv7M4_T_le_v4SPD16_eabi.lib : printf.c.obj (.text:printf)
                  00003ed8    00000064     msp432p4xx_driverlib.lib : uart.o (.text:UART_getEnabledInterruptStatus)
                  00003f3c    00000064     rtsv7M4_T_le_v4SPD16_eabi.lib : s_frexp.c.obj (.text:frexp)
                  00003fa0    00000064                                   : fseek.c.obj (.text:fseek)
                  00004004    00000062                                   : _io_perm.c.obj (.text:__TI_wrt_ok)
                  00004066    00000002     --HOLE-- [fill = 0]
                  00004068    00000060                                   : hostopen.c.obj (.text:HOSTopen)
                  000040c8    00000060     main.obj (.text:main)
                  00004128    0000005e     msp432p4xx_driverlib.lib : pcm.o (.text:PCM_getCoreVoltageLevel)
                  00004186    00000002     --HOLE-- [fill = 0]
                  00004188    0000005c     rtsv7M4_T_le_v4SPD16_eabi.lib : close.c.obj (.text:close)
                  000041e4    0000005a     msp432p4xx_driverlib.lib : pcm.o (.text:PCM_getPowerMode)
                  0000423e    00000002     --HOLE-- [fill = 0]
                  00004240    00000058                              : gpio.o (.text:GPIO_setAsInputPinWithPullUpResistor)
                  00004298    00000058     rtsv7M4_T_le_v4SPD16_eabi.lib : hostread.c.obj (.text:HOSTread)
                  000042f0    00000058                                   : hostwrite.c.obj (.text:HOSTwrite)
                  00004348    00000056                                   : _printfi.c.obj (.text:_pconv_f)
                  0000439e    00000054                                   : _ltoa.c.obj (.text:__TI_ltoa)
                  000043f2    00000052                                   : _printfi.c.obj (.text:_ecpy)
                  00004444    00000050     Motor.obj (.text:moveBackward)
                  00004494    00000050     Motor.obj (.text:moveForward)
                  000044e4    0000004c     ESP8266.obj (.text:ESP8266_CheckConnection)
                  00004530    0000004c     msp432p4xx_driverlib.lib : timer_a.o (.text:Timer_A_getCounterValue)
                  0000457c    0000004c     UART_Driver.obj (.text:UART_Available)
                  000045c8    0000004c     rtsv7M4_T_le_v4SPD16_eabi.lib : fflush.c.obj (.text:__TI_doflush)
                  00004614    0000004c                                   : atoi.c.obj (.text:atoi)
                  00004660    00000048     msp432p4xx_driverlib.lib : flash.o (.text:FlashCtl_setWaitState)
                  000046a8    00000048     UART_Driver.obj (.text:UART_Flush)
                  000046f0    00000048     rtsv7M4_T_le_v4SPD16_eabi.lib : exit.c.obj (.text:exit)
                  00004738    00000048                                   : fd_toi_t2.asm.obj (.text)
                  00004780    00000044                                   : hostclose.c.obj (.text:HOSTclose)
                  000047c4    00000044                                   : hostunlink.c.obj (.text:HOSTunlink)
                  00004808    00000044                                   : autoinit.c.obj (.text:__TI_auto_init_nobinit_nopinit:__TI_auto_init_nobinit_nopinit)
                  0000484c    00000044                                   : getdevice.c.obj (.text:getdevice)
                  00004890    00000040     msp432p4xx_driverlib.lib : gpio.o (.text:GPIO_setAsOutputPin)
                  000048d0    00000040     UART_Driver.obj (.text:UART_Write)
                  00004910    0000003e     rtsv7M4_T_le_v4SPD16_eabi.lib : _printfi.c.obj (.text:_fcpy)
                  0000494e    00000002     --HOLE-- [fill = 0]
                  00004950    0000003c     Motor.obj (.text:stop)
                  0000498c    00000038     rtsv7M4_T_le_v4SPD16_eabi.lib : trgmsg.c.obj (.text:__TI_writemsg)
                  000049c4    00000038     Motor.obj (.text:generatePWM)
                  000049fc    00000038     rtsv7M4_T_le_v4SPD16_eabi.lib : fs_tod_t2.asm.obj (.text)
                  00004a34    00000036                                   : strncpy.c.obj (.text:strncpy)
                  00004a6a    00000002     --HOLE-- [fill = 0]
                  00004a6c    00000034     msp432p4xx_driverlib.lib : cs.o (.text:CS_setDCOCenteredFrequency)
                  00004aa0    00000034     Motor.obj (.text:PORT1_IRQHandler)
                  00004ad4    00000034     rtsv7M4_T_le_v4SPD16_eabi.lib : fopen.c.obj (.text:__TI_cleanup)
                  00004b08    00000034                                   : trgmsg.c.obj (.text:__TI_readmsg)
                  00004b3c    00000034                                   : boot_cortex_m.c.obj (.text:_c_int00_noargs:_c_int00_noargs)
                  00004b70    00000034     Motor.obj (.text:moveLeftBackward)
                  00004ba4    00000034     Motor.obj (.text:moveLeftFoward)
                  00004bd8    00000034     Motor.obj (.text:moveRightBackward)
                  00004c0c    00000034     Motor.obj (.text:moveRightFoward)
                  00004c40    00000034     rtsv7M4_T_le_v4SPD16_eabi.lib : strstr.c.obj (.text:strstr)
                  00004c74    00000030     msp432p4xx_driverlib.lib : gpio.o (.text:GPIO_getInputPinValue)
                  00004ca4    00000030     rtsv7M4_T_le_v4SPD16_eabi.lib : getdevice.c.obj (.text:finddevice)
                  00004cd4    0000002e                                   : i_tofd_t2.asm.obj (.text)
                  00004d02    00000002     --HOLE-- [fill = 0]
                  00004d04    0000002c     msp432p4xx_driverlib.lib : timer_a.o (.text:Timer_A_clearCaptureCompareInterrupt)
                  00004d30    0000002c                              : timer_a.o (.text:Timer_A_disableCaptureCompareInterrupt)
                  00004d5c    0000002c     rtsv7M4_T_le_v4SPD16_eabi.lib : unlink.c.obj (.text:unlink)
                  00004d88    00000028     msp432p4xx_driverlib.lib : gpio.o (.text:GPIO_clearInterruptFlag)
                  00004db0    00000028                              : gpio.o (.text:GPIO_enableInterrupt)
                  00004dd8    00000028                              : gpio.o (.text:GPIO_setOutputHighOnPin)
                  00004e00    00000028                              : gpio.o (.text:GPIO_setOutputLowOnPin)
                  00004e28    00000028                              : gpio.o (.text:GPIO_toggleOutputOnPin)
                  00004e50    00000028     rtsv7M4_T_le_v4SPD16_eabi.lib : memory.c.obj (.text:free_list_insert)
                  00004e78    00000028                                   : lseek.c.obj (.text:lseek)
                  00004ea0    00000028                                   : write.c.obj (.text:write)
                  00004ec8    00000024     Wifi.obj (.text:Delay)
                  00004eec    00000024     msp432p4xx_driverlib.lib : gpio.o (.text:GPIO_getInterruptStatus)
                  00004f10    00000022     CS_Driver.obj (.text:CS_Init)
                  00004f32    00000022     ESP8266.obj (.text:ESP8266_HardReset)
                  00004f54    00000022     MSPIO.obj (.text:PrintString)
                  00004f76    00000002     --HOLE-- [fill = 0]
                  00004f78    00000020     GPIO_Driver.obj (.text:GPIO_High)
                  00004f98    00000020     GPIO_Driver.obj (.text:GPIO_Low)
                  00004fb8    00000020     rtsv7M4_T_le_v4SPD16_eabi.lib : memchr.c.obj (.text:memchr)
                  00004fd8    0000001c                                   : memory.c.obj (.text:free_list_remove)
                  00004ff4    0000001c                                   : memccpy.c.obj (.text:memccpy)
                  00005010    0000001a                                   : s_copysign.c.obj (.text:copysign)
                  0000502a    00000002     --HOLE-- [fill = 0]
                  0000502c    00000018     msp432p4xx_driverlib.lib : timer_a.o (.text:Timer_A_clearTimer)
                  00005044    00000018                              : uart.o (.text:UART_getInterruptStatus)
                  0000505c    00000018     rtsv7M4_T_le_v4SPD16_eabi.lib : strcmp.c.obj (.text:strcmp)
                  00005074    00000016                                   : strchr.c.obj (.text:strchr)
                  0000508a    00000002     --HOLE-- [fill = 0]
                  0000508c    00000014     msp432p4xx_driverlib.lib : pcm.o (.text:PCM_getPowerState)
                  000050a0    00000014     MSPIO.obj (.text:PrintChar)
                  000050b4    00000014     msp432p4xx_driverlib.lib : timer_a.o (.text:Timer_A_stopTimer)
                  000050c8    00000014     rtsv7M4_T_le_v4SPD16_eabi.lib : strcpy.c.obj (.text:strcpy)
                  000050dc    00000014                                   : strlen.c.obj (.text:strlen)
                  000050f0    00000012                                   : wcslen.c.obj (.text:wcslen)
                  00005102    00000010     msp432p4xx_driverlib.lib : pcm.o (.text:PCM_setCoreVoltageLevel)
                  00005112    00000010                              : pcm.o (.text:PCM_setPowerMode)
                  00005122    0000000e     rtsv7M4_T_le_v4SPD16_eabi.lib : copy_decompress_none.c.obj (.text:decompress:none:__TI_decompress_none)
                  00005130    0000000c     startup_msp432p401r_ccs.obj (.text:Reset_Handler)
                  0000513c    0000000c     rtsv7M4_T_le_v4SPD16_eabi.lib : copy_zero_init.c.obj (.text:decompress:ZI:__TI_zero_init)
                  00005148    00000008     ESP8266.obj (.text:ESP8266_GetBuffer)
                  00005150    00000008     rtsv7M4_T_le_v4SPD16_eabi.lib : errno.c.obj (.text:__aeabi_errno_addr)
                  00005158    00000008                                   : memory.c.obj (.text:malloc)
                  00005160    00000004                                   : printf.c.obj (.text:_outc)
                  00005164    00000004                                   : printf.c.obj (.text:_outs)
                  00005168    00000004                                   : pre_init.c.obj (.text:_system_pre_init)
                  0000516c    00000004                                   : exit.c.obj (.text:abort:abort)

.const     0    00005170    00000154     
                  00005170    00000101     rtsv7M4_T_le_v4SPD16_eabi.lib : ctype.c.obj (.const:.string:_ctypes_)
                  00005271    00000003     --HOLE-- [fill = 0]
                  00005274    00000030     msp432p4xx_driverlib.lib : gpio.o (.const:GPIO_PORT_TO_BASE)
                  000052a4    00000018     encoder.obj (.const:samplePeriodforSpeed)
                  000052bc    00000008     msp432p4xx_driverlib.lib : interrupt.o (.const:g_pulEnRegs)

.cinit     0    000052c8    00000100     
                  000052c8    000000db     (.cinit..data.load) [load image, compression = lzss]
                  000053a3    00000001     --HOLE-- [fill = 0]
                  000053a4    0000000c     (__TI_handler_table)
                  000053b0    00000008     (.cinit..bss.load) [load image, compression = zero_init]
                  000053b8    00000010     (__TI_cinit_table)

.init_array 
*          0    00000000    00000000     UNINITIALIZED

.binit     0    00000000    00000000     

.bss       0    20000000    00001a01     UNINITIALIZED
                  20000000    00000800     (.common:ESP8266_Buffer)
                  20000800    00000800     (.common:UARTA0Data)
                  20001000    00000800     (.common:UARTA2Data)
                  20001800    00000120     rtsv7M4_T_le_v4SPD16_eabi.lib : trgmsg.c.obj (.bss:_CIOBUF_)
                  20001920    000000a0     (.common:__TI_tmpnams)
                  200019c0    0000000c     Ultrasonic.obj (.bss)
                  200019cc    00000008     (.common:parmbuf)
                  200019d4    00000004     (.common:ESP8266_Data)
                  200019d8    00000004     (.common:UARTA0ReadIndex)
                  200019dc    00000004     (.common:UARTA0WriteIndex)
                  200019e0    00000004     (.common:UARTA2ReadIndex)
                  200019e4    00000004     (.common:UARTA2WriteIndex)
                  200019e8    00000004     (.common:commands_buffer)
                  200019ec    00000004     (.common:dist)
                  200019f0    00000004     (.common:distance)
                  200019f4    00000004     (.common:leftPIDOutput)
                  200019f8    00000004     (.common:pulsetarget)
                  200019fc    00000004     (.common:rightPIDOutput)
                  20001a00    00000001     (.common:isTurning)

.sysmem    0    20001a08    00000800     UNINITIALIZED
                  20001a08    00000010     rtsv7M4_T_le_v4SPD16_eabi.lib : memory.c.obj (.sysmem)
                  20001a18    000007f0     --HOLE--

.data      0    20002208    00000330     UNINITIALIZED
                  20002208    000000f0     rtsv7M4_T_le_v4SPD16_eabi.lib : defs.c.obj (.data:_ftable)
                  200022f8    00000078                                   : host_device.c.obj (.data:_device)
                  20002370    00000050                                   : host_device.c.obj (.data:_stream)
                  200023c0    00000038     encoder.obj (.data)
                  200023f8    00000038     main.obj (.data)
                  20002430    00000028     Wifi.obj (.data:UART0Config)
                  20002458    00000028     Wifi.obj (.data:UART2Config)
                  20002480    00000026     Wifi.obj (.data:http_req_dequeue)
                  200024a6    00000002     --HOLE--
                  200024a8    00000018     Ultrasonic.obj (.data)
                  200024c0    00000018     Motor.obj (.data:pwmConfig2)
                  200024d8    00000018     Motor.obj (.data:pwmConfig)
                  200024f0    00000010     Wifi.obj (.data)
                  20002500    00000010     rtsv7M4_T_le_v4SPD16_eabi.lib : defs.c.obj (.data)
                  20002510    0000000c                                   : exit.c.obj (.data:$O1$$)
                  2000251c    00000008                                   : _lock.c.obj (.data:$O1$$)
                  20002524    00000008                                   : memory.c.obj (.data:$O1$$)
                  2000252c    00000008     Linetracker.obj (.data)
                  20002534    00000004     rtsv7M4_T_le_v4SPD16_eabi.lib : errno.c.obj (.data)

.stack     0    2000fe00    00000200     UNINITIALIZED
                  2000fe00    00000004     rtsv7M4_T_le_v4SPD16_eabi.lib : boot_cortex_m.c.obj (.stack)
                  2000fe04    000001fc     --HOLE--

__llvm_prf_cnts 
*          0    20000000    00000000     UNINITIALIZED

MODULE SUMMARY

       Module                        code    ro data   rw data
       ------                        ----    -------   -------
    .\
       main.obj                      96      0         146    
       system_msp432p401r.obj        120     0         0      
    +--+-----------------------------+-------+---------+---------+
       Total:                        216     0         146    
                                                              
    .\Devices\
       ESP8266.obj                   846     0         4096   
       MSPIO.obj                     380     0         0      
    +--+-----------------------------+-------+---------+---------+
       Total:                        1226    0         4096   
                                                              
    .\Hardware\
       UART_Driver.obj               812     0         8224   
       GPIO_Driver.obj               64      0         0      
       CS_Driver.obj                 34      0         0      
    +--+-----------------------------+-------+---------+---------+
       Total:                        910     0         8224   
                                                              
    .\Motor\
       Motor.obj                     1736    0         104    
    +--+-----------------------------+-------+---------+---------+
       Total:                        1736    0         104    
                                                              
    .\Sensor\
       encoder.obj                   868     24        112    
       Ultrasonic.obj                404     0         88     
       Linetracker.obj               352     0         16     
    +--+-----------------------------+-------+---------+---------+
       Total:                        1624    24        216    
                                                              
    .\Wifi\
       Wifi.obj                      972     0         268    
    +--+-----------------------------+-------+---------+---------+
       Total:                        972     0         268    
                                                              
    .\ccs\
       startup_msp432p401r_ccs.obj   14      228       0      
    +--+-----------------------------+-------+---------+---------+
       Total:                        14      228       0      
                                                              
    C:/ti/simplelink_msp432p4_sdk_3_40_01_02/source/ti/devices/msp432p4xx/driverlib/ccs/msp432p4xx_driverlib.lib
       pcm.o                         848     0         0      
       gpio.o                        704     48        0      
       timer_a.o                     648     0         0      
       uart.o                        408     0         0      
       interrupt.o                   128     8         0      
       flash.o                       72      0         0      
       cs.o                          52      0         0      
    +--+-----------------------------+-------+---------+---------+
       Total:                        2860    56        0      
                                                              
    C:\ti\ti-cgt-arm_20.2.4.LTS\lib\rtsv7M4_T_le_v4SPD16_eabi.lib
       _printfi.c.obj                4851    0         0      
       defs.c.obj                    0       0         832    
       memory.c.obj                  672     0         16     
       trgmsg.c.obj                  108     0         576    
       fd_add_t2.asm.obj             438     0         0      
       host_device.c.obj             0       0         400    
       fd_div_t2.asm.obj             310     0         0      
       fputs.c.obj                   276     0         0      
       s_scalbn.c.obj                272     0         0      
       fd_cmp_t2.asm.obj             268     0         0      
       ctype.c.obj                   0       257       0      
       fd_mul_t2.asm.obj             252     0         0      
       setvbuf.c.obj                 220     0         0      
       memcpy_t2.asm.obj             156     0         0      
       ull_div_t2.asm.obj            150     0         0      
       fputc.c.obj                   140     0         0      
       memset_t2.asm.obj             122     0         0      
       fclose.c.obj                  116     0         0      
       getdevice.c.obj               116     0         0      
       hostopen.c.obj                96      0         16     
       printf.c.obj                  112     0         0      
       fd_tos_t2.asm.obj             110     0         0      
       ltoa.c.obj                    110     0         0      
       hostrename.c.obj              108     0         0      
       copy_decompress_lzss.c.obj    104     0         0      
       hostlseek.c.obj               104     0         0      
       exit.c.obj                    76      0         24     
       fseek.c.obj                   100     0         0      
       s_frexp.c.obj                 100     0         0      
       _io_perm.c.obj                98      0         0      
       close.c.obj                   92      0         0      
       hostread.c.obj                88      0         0      
       hostwrite.c.obj               88      0         0      
       _ltoa.c.obj                   84      0         0      
       atoi.c.obj                    76      0         0      
       fflush.c.obj                  76      0         0      
       fd_toi_t2.asm.obj             72      0         0      
       autoinit.c.obj                68      0         0      
       hostclose.c.obj               68      0         0      
       hostunlink.c.obj              68      0         0      
       fs_tod_t2.asm.obj             56      0         0      
       strncpy.c.obj                 54      0         0      
       boot_cortex_m.c.obj           52      0         0      
       fopen.c.obj                   52      0         0      
       strstr.c.obj                  52      0         0      
       i_tofd_t2.asm.obj             46      0         0      
       unlink.c.obj                  44      0         0      
       lseek.c.obj                   40      0         0      
       write.c.obj                   40      0         0      
       memchr.c.obj                  32      0         0      
       memccpy.c.obj                 28      0         0      
       s_copysign.c.obj              26      0         0      
       strcmp.c.obj                  24      0         0      
       strchr.c.obj                  22      0         0      
       strcpy.c.obj                  20      0         0      
       strlen.c.obj                  20      0         0      
       _lock.c.obj                   2       0         16     
       wcslen.c.obj                  18      0         0      
       errno.c.obj                   8       0         8      
       copy_decompress_none.c.obj    14      0         0      
       copy_zero_init.c.obj          12      0         0      
       pre_init.c.obj                4       0         0      
       div0.asm.obj                  2       0         0      
    +--+-----------------------------+-------+---------+---------+
       Total:                        11033   257       1888   
                                                              
       Heap:                         0       0         4096   
       Stack:                        0       0         1024   
       Linker Generated:             0       255       0      
    +--+-----------------------------+-------+---------+---------+
       Grand Total:                  20591   820       20062  


LINKER GENERATED COPY TABLES

__TI_cinit_table @ 000053b8 records: 2, size/record: 8, table size: 16
	.data: load addr=000052c8, load size=000000db bytes, run addr=20002208, run size=00000330 bytes, compression=lzss
	.bss: load addr=000053b0, load size=00000008 bytes, run addr=20000000, run size=00001a01 bytes, compression=zero_init


LINKER GENERATED HANDLER TABLE

__TI_handler_table @ 000053a4 records: 3, size/record: 4, table size: 12
	index: 0, handler: __TI_decompress_lzss
	index: 1, handler: __TI_decompress_none
	index: 2, handler: __TI_zero_init


GLOBAL SYMBOLS: SORTED ALPHABETICALLY BY Name 

address   name                                       
-------   ----                                       
00000b33  ADC14_IRQHandler                           
00000b33  AES256_IRQHandler                          
00000b33  BusFault_Handler                           
0000516d  C$$EXIT                                    
000049bb  C$$IO$$                                    
00000b33  COMP_E0_IRQHandler                         
00000b33  COMP_E1_IRQHandler                         
00000b33  CS_IRQHandler                              
00004f11  CS_Init                                    
00004a6d  CS_setDCOCenteredFrequency                 
00000b35  CarPID                                     
00000b33  DMA_ERR_IRQHandler                         
00000b33  DMA_INT0_IRQHandler                        
00000b33  DMA_INT1_IRQHandler                        
00000b33  DMA_INT2_IRQHandler                        
00000b33  DMA_INT3_IRQHandler                        
00000b33  DebugMon_Handler                           
00000b33  Default_Handler                            
20000000  ESP8266_Buffer                             
000044e5  ESP8266_CheckConnection                    
00003bf9  ESP8266_ConnectToAP                        
200019d4  ESP8266_Data                               
0000366d  ESP8266_EnableMultipleConnections          
00002c89  ESP8266_EstablishConnection                
00005149  ESP8266_GetBuffer                          
00004f33  ESP8266_HardReset                          
00003025  ESP8266_SendData                           
0000376d  ESP8266_WaitForAnswer                      
000033cd  EUSCIA0_IRQHandler                         
000033cd  EUSCIA0_IRQHandler                         
00000b33  EUSCIA1_IRQHandler                         
00002e05  EUSCIA2_IRQHandler                         
00002e05  EUSCIA2_IRQHandler                         
00000b33  EUSCIA3_IRQHandler                         
00000b33  EUSCIB0_IRQHandler                         
00000b33  EUSCIB1_IRQHandler                         
00000b33  EUSCIB2_IRQHandler                         
00000b33  EUSCIB3_IRQHandler                         
00000b33  FLCTL_IRQHandler                           
00000b33  FPU_IRQHandler                             
00004661  FlashCtl_setWaitState                      
00004f79  GPIO_High                                  
00004f99  GPIO_Low                                   
00004d89  GPIO_clearInterruptFlag                    
00004db1  GPIO_enableInterrupt                       
000035e9  GPIO_getEnabledInterruptStatus             
00004c75  GPIO_getInputPinValue                      
00004eed  GPIO_getInterruptStatus                    
00004241  GPIO_setAsInputPinWithPullUpResistor       
00004891  GPIO_setAsOutputPin                        
00003455  GPIO_setAsPeripheralModuleFunctionOutputPin
00004dd9  GPIO_setOutputHighOnPin                    
00004e01  GPIO_setOutputLowOnPin                     
00004e29  GPIO_toggleOutputOnPin                     
00004781  HOSTclose                                  
00003cd1  HOSTlseek                                  
00004069  HOSTopen                                   
00004299  HOSTread                                   
00003c65  HOSTrename                                 
000047c5  HOSTunlink                                 
000042f1  HOSTwrite                                  
00000b33  HardFault_Handler                          
00002911  Initalise_Enconder                         
000030d5  Initalise_Motor                            
000036ed  Interrupt_enableInterrupt                  
00002d49  MSPrintf                                   
00000b33  MemManage_Handler                          
00000b33  NMI_Handler                                
00000b33  PCM_IRQHandler                             
00004129  PCM_getCoreVoltageLevel                    
000041e5  PCM_getPowerMode                           
0000508d  PCM_getPowerState                          
00005103  PCM_setCoreVoltageLevel                    
00005113  PCM_setPowerMode                           
00004aa1  PORT1_IRQHandler                           
00004aa1  PORT1_IRQHandler                           
00000b33  PORT2_IRQHandler                           
00003d39  PORT3_IRQHandler                           
00003d39  PORT3_IRQHandler                           
00000b33  PORT4_IRQHandler                           
00001969  PORT5_IRQHandler                           
00001969  PORT5_IRQHandler                           
00002819  PORT6_IRQHandler                           
00002819  PORT6_IRQHandler                           
00000b33  PSS_IRQHandler                             
20002400  PWML                                       
20002404  PWMR                                       
00000b33  PendSV_Handler                             
000050a1  PrintChar                                  
000032b3  PrintInteger                               
00004f55  PrintString                                
00000b33  RTC_C_IRQHandler                           
00005131  Reset_Handler                              
00000b33  SVC_Handler                                
00000b33  SysTick_Handler                            
00003865  SystemInit                                 
00000b33  T32_INT1_IRQHandler                        
00000b33  T32_INT2_IRQHandler                        
00000b33  T32_INTC_IRQHandler                        
00000b33  TA0_0_IRQHandler                           
00000b33  TA0_N_IRQHandler                           
00000b33  TA1_0_IRQHandler                           
00000b33  TA1_N_IRQHandler                           
00000b33  TA2_0_IRQHandler                           
00000b33  TA2_N_IRQHandler                           
000038dd  TA3_0_IRQHandler                           
000038dd  TA3_0_IRQHandler                           
00000b33  TA3_N_IRQHandler                           
00004d05  Timer_A_clearCaptureCompareInterrupt       
0000502d  Timer_A_clearTimer                         
00004d31  Timer_A_disableCaptureCompareInterrupt     
00003955  Timer_A_generatePWM                        
00004531  Timer_A_getCounterValue                    
000050b5  Timer_A_stopTimer                          
20002430  UART0Config                                
20002458  UART2Config                                
20000800  UARTA0Data                                 
200019d8  UARTA0ReadIndex                            
200019dc  UARTA0WriteIndex                           
20001000  UARTA2Data                                 
200019e0  UARTA2ReadIndex                            
200019e4  UARTA2WriteIndex                           
0000457d  UART_Available                             
000046a9  UART_Flush                                 
000021d9  UART_Read                                  
000048d1  UART_Write                                 
00003ed9  UART_getEnabledInterruptStatus             
00005045  UART_getInterruptStatus                    
000020bd  UART_initModule                            
00000b33  UsageFault_Handler                         
4000480c  WDTCTL_SYM                                 
00000b33  WDT_A_IRQHandler                           
20001800  __CIOBUF_                                  
20010000  __STACK_END                                
00000200  __STACK_SIZE                               
00000800  __SYSMEM_SIZE                              
000053b8  __TI_CINIT_Base                            
000053c8  __TI_CINIT_Limit                           
000053a4  __TI_Handler_Table_Base                    
000053b0  __TI_Handler_Table_Limit                   
00004809  __TI_auto_init_nobinit_nopinit             
00004ad5  __TI_cleanup                               
20002510  __TI_cleanup_ptr                           
000039c9  __TI_closefile                             
00003da1  __TI_decompress_lzss                       
00005123  __TI_decompress_none                       
000045c9  __TI_doflush                               
20002514  __TI_dtors_ptr                             
20002518  __TI_enable_exit_profile_output            
20002500  __TI_ft_end                                
0000439f  __TI_ltoa                                  
ffffffff  __TI_pprof_out_hndl                        
000000e5  __TI_printfi                               
ffffffff  __TI_prof_data_size                        
ffffffff  __TI_prof_data_start                       
00004b09  __TI_readmsg                               
00000000  __TI_static_base__                         
20001920  __TI_tmpnams                               
0000498d  __TI_writemsg                              
00004005  __TI_wrt_ok                                
0000513d  __TI_zero_init                             
000034dd  __aeabi_cdcmpeq                            
000034dd  __aeabi_cdcmple                            
00003563  __aeabi_cdrcmple                           
00003b8b  __aeabi_d2f                                
00004739  __aeabi_d2iz                               
0000165f  __aeabi_dadd                               
00001d35  __aeabi_ddiv                               
0000271d  __aeabi_dmul                               
00001655  __aeabi_dsub                               
00005151  __aeabi_errno_addr                         
000049fd  __aeabi_f2d                                
00004cd5  __aeabi_i2d                                
00001e6b  __aeabi_idiv0                              
00001e6b  __aeabi_ldiv0                              
000037e9  __aeabi_memclr                             
000037e9  __aeabi_memclr4                            
000037e9  __aeabi_memclr8                            
00003181  __aeabi_memcpy                             
00003181  __aeabi_memcpy4                            
00003181  __aeabi_memcpy8                            
000037eb  __aeabi_memset                             
000037eb  __aeabi_memset4                            
000037eb  __aeabi_memset8                            
2000250c  __aeabi_stderr                             
20002504  __aeabi_stdin                              
20002508  __aeabi_stdout                             
0000321d  __aeabi_uldivmod                           
ffffffff  __binit__                                  
ffffffff  __c_args__                                 
UNDEFED   __mpu_init                                 
2000fe00  __stack                                    
20000000  __start___llvm_prf_cnts                    
20000000  __stop___llvm_prf_cnts                     
00004b3d  _c_int00_noargs                            
00005170  _ctypes_                                   
200022f8  _device                                    
20002208  _ftable                                    
2000251c  _lock                                      
0000180b  _nop                                       
20002370  _stream                                    
20001a08  _sys_memory                                
UNDEFED   _system_post_cinit                         
00005169  _system_pre_init                           
20002520  _unlock                                    
0000516d  abort                                      
0000261d  aligned_alloc                              
00004615  atoi                                       
ffffffff  binit                                      
00004189  close                                      
200019e8  commands_buffer                            
00005011  copysign                                   
00005011  copysignl                                  
20002410  countTrigger                               
00001e6d  detectObstacle                             
200019ec  dist                                       
200019f0  distance                                   
20002534  errno                                      
000046f1  exit                                       
00004ca5  finddevice                                 
00003341  fputc                                      
000022f1  fputs                                      
000029fd  free                                       
00003f3d  frexp                                      
00003f3d  frexpl                                     
00003fa1  fseek                                      
000049c5  generatePWM                                
00003e09  getEachCharacter                           
00002bbd  get_api                                    
0000484d  getdevice                                  
20002408  grid_pulse_left                            
2000240c  grid_pulse_right                           
20002480  http_req_dequeue                           
200024f4  http_req_size_dequeue                      
200024fc  http_req_size_getallcommands               
200024f0  http_req_size_getfirstcommand              
200024f8  http_req_size_sendtest                     
00000f39  initiate_wifi                              
00000000  interruptVectors                           
20001a00  isTurning                                  
00002405  ldexp                                      
00002405  ldexpl                                     
200019f4  leftPIDOutput                              
200023f8  leftcount                                  
00004e79  lseek                                      
00003b1d  ltoa                                       
000040c9  main                                       
00005159  malloc                                     
0000261d  memalign                                   
00004ff5  memccpy                                    
00004fb9  memchr                                     
00003181  memcpy                                     
000037f1  memset                                     
00004445  moveBackward                               
00004495  moveForward                                
00004b71  moveLeftBackward                           
00004ba5  moveLeftFoward                             
00004bd9  moveRightBackward                          
00004c0d  moveRightFoward                            
200019cc  parmbuf                                    
00003e71  printf                                     
20002420  pulseCountL                                
20002424  pulseCountR                                
20002414  pulseTrigger                               
200019f8  pulsetarget                                
00003341  putc                                       
200024d8  pwmConfig                                  
200024c0  pwmConfig2                                 
00004d5d  remove                                     
200019fc  rightPIDOutput                             
200023fc  rightcount                                 
000052a4  samplePeriodforSpeed                       
00002405  scalbn                                     
00002405  scalbnl                                    
00002ae1  setvbuf                                    
20002418  speedL                                     
2000241c  speedR                                     
00004951  stop                                       
00002ebd  stopTimer                                  
00005075  strchr                                     
0000505d  strcmp                                     
000050c9  strcpy                                     
000050dd  strlen                                     
00004a35  strncpy                                    
00004c41  strstr                                     
20002428  totalErrorLeft                             
2000242c  totalErrorRight                            
00004d5d  unlink                                     
000050f1  wcslen                                     
00004ea1  write                                      


GLOBAL SYMBOLS: SORTED BY Symbol Address 

address   name                                       
-------   ----                                       
00000000  __TI_static_base__                         
00000000  interruptVectors                           
000000e5  __TI_printfi                               
00000200  __STACK_SIZE                               
00000800  __SYSMEM_SIZE                              
00000b33  ADC14_IRQHandler                           
00000b33  AES256_IRQHandler                          
00000b33  BusFault_Handler                           
00000b33  COMP_E0_IRQHandler                         
00000b33  COMP_E1_IRQHandler                         
00000b33  CS_IRQHandler                              
00000b33  DMA_ERR_IRQHandler                         
00000b33  DMA_INT0_IRQHandler                        
00000b33  DMA_INT1_IRQHandler                        
00000b33  DMA_INT2_IRQHandler                        
00000b33  DMA_INT3_IRQHandler                        
00000b33  DebugMon_Handler                           
00000b33  Default_Handler                            
00000b33  EUSCIA1_IRQHandler                         
00000b33  EUSCIA3_IRQHandler                         
00000b33  EUSCIB0_IRQHandler                         
00000b33  EUSCIB1_IRQHandler                         
00000b33  EUSCIB2_IRQHandler                         
00000b33  EUSCIB3_IRQHandler                         
00000b33  FLCTL_IRQHandler                           
00000b33  FPU_IRQHandler                             
00000b33  HardFault_Handler                          
00000b33  MemManage_Handler                          
00000b33  NMI_Handler                                
00000b33  PCM_IRQHandler                             
00000b33  PORT2_IRQHandler                           
00000b33  PORT4_IRQHandler                           
00000b33  PSS_IRQHandler                             
00000b33  PendSV_Handler                             
00000b33  RTC_C_IRQHandler                           
00000b33  SVC_Handler                                
00000b33  SysTick_Handler                            
00000b33  T32_INT1_IRQHandler                        
00000b33  T32_INT2_IRQHandler                        
00000b33  T32_INTC_IRQHandler                        
00000b33  TA0_0_IRQHandler                           
00000b33  TA0_N_IRQHandler                           
00000b33  TA1_0_IRQHandler                           
00000b33  TA1_N_IRQHandler                           
00000b33  TA2_0_IRQHandler                           
00000b33  TA2_N_IRQHandler                           
00000b33  TA3_N_IRQHandler                           
00000b33  UsageFault_Handler                         
00000b33  WDT_A_IRQHandler                           
00000b35  CarPID                                     
00000f39  initiate_wifi                              
00001655  __aeabi_dsub                               
0000165f  __aeabi_dadd                               
0000180b  _nop                                       
00001969  PORT5_IRQHandler                           
00001969  PORT5_IRQHandler                           
00001d35  __aeabi_ddiv                               
00001e6b  __aeabi_idiv0                              
00001e6b  __aeabi_ldiv0                              
00001e6d  detectObstacle                             
000020bd  UART_initModule                            
000021d9  UART_Read                                  
000022f1  fputs                                      
00002405  ldexp                                      
00002405  ldexpl                                     
00002405  scalbn                                     
00002405  scalbnl                                    
0000261d  aligned_alloc                              
0000261d  memalign                                   
0000271d  __aeabi_dmul                               
00002819  PORT6_IRQHandler                           
00002819  PORT6_IRQHandler                           
00002911  Initalise_Enconder                         
000029fd  free                                       
00002ae1  setvbuf                                    
00002bbd  get_api                                    
00002c89  ESP8266_EstablishConnection                
00002d49  MSPrintf                                   
00002e05  EUSCIA2_IRQHandler                         
00002e05  EUSCIA2_IRQHandler                         
00002ebd  stopTimer                                  
00003025  ESP8266_SendData                           
000030d5  Initalise_Motor                            
00003181  __aeabi_memcpy                             
00003181  __aeabi_memcpy4                            
00003181  __aeabi_memcpy8                            
00003181  memcpy                                     
0000321d  __aeabi_uldivmod                           
000032b3  PrintInteger                               
00003341  fputc                                      
00003341  putc                                       
000033cd  EUSCIA0_IRQHandler                         
000033cd  EUSCIA0_IRQHandler                         
00003455  GPIO_setAsPeripheralModuleFunctionOutputPin
000034dd  __aeabi_cdcmpeq                            
000034dd  __aeabi_cdcmple                            
00003563  __aeabi_cdrcmple                           
000035e9  GPIO_getEnabledInterruptStatus             
0000366d  ESP8266_EnableMultipleConnections          
000036ed  Interrupt_enableInterrupt                  
0000376d  ESP8266_WaitForAnswer                      
000037e9  __aeabi_memclr                             
000037e9  __aeabi_memclr4                            
000037e9  __aeabi_memclr8                            
000037eb  __aeabi_memset                             
000037eb  __aeabi_memset4                            
000037eb  __aeabi_memset8                            
000037f1  memset                                     
00003865  SystemInit                                 
000038dd  TA3_0_IRQHandler                           
000038dd  TA3_0_IRQHandler                           
00003955  Timer_A_generatePWM                        
000039c9  __TI_closefile                             
00003b1d  ltoa                                       
00003b8b  __aeabi_d2f                                
00003bf9  ESP8266_ConnectToAP                        
00003c65  HOSTrename                                 
00003cd1  HOSTlseek                                  
00003d39  PORT3_IRQHandler                           
00003d39  PORT3_IRQHandler                           
00003da1  __TI_decompress_lzss                       
00003e09  getEachCharacter                           
00003e71  printf                                     
00003ed9  UART_getEnabledInterruptStatus             
00003f3d  frexp                                      
00003f3d  frexpl                                     
00003fa1  fseek                                      
00004005  __TI_wrt_ok                                
00004069  HOSTopen                                   
000040c9  main                                       
00004129  PCM_getCoreVoltageLevel                    
00004189  close                                      
000041e5  PCM_getPowerMode                           
00004241  GPIO_setAsInputPinWithPullUpResistor       
00004299  HOSTread                                   
000042f1  HOSTwrite                                  
0000439f  __TI_ltoa                                  
00004445  moveBackward                               
00004495  moveForward                                
000044e5  ESP8266_CheckConnection                    
00004531  Timer_A_getCounterValue                    
0000457d  UART_Available                             
000045c9  __TI_doflush                               
00004615  atoi                                       
00004661  FlashCtl_setWaitState                      
000046a9  UART_Flush                                 
000046f1  exit                                       
00004739  __aeabi_d2iz                               
00004781  HOSTclose                                  
000047c5  HOSTunlink                                 
00004809  __TI_auto_init_nobinit_nopinit             
0000484d  getdevice                                  
00004891  GPIO_setAsOutputPin                        
000048d1  UART_Write                                 
00004951  stop                                       
0000498d  __TI_writemsg                              
000049bb  C$$IO$$                                    
000049c5  generatePWM                                
000049fd  __aeabi_f2d                                
00004a35  strncpy                                    
00004a6d  CS_setDCOCenteredFrequency                 
00004aa1  PORT1_IRQHandler                           
00004aa1  PORT1_IRQHandler                           
00004ad5  __TI_cleanup                               
00004b09  __TI_readmsg                               
00004b3d  _c_int00_noargs                            
00004b71  moveLeftBackward                           
00004ba5  moveLeftFoward                             
00004bd9  moveRightBackward                          
00004c0d  moveRightFoward                            
00004c41  strstr                                     
00004c75  GPIO_getInputPinValue                      
00004ca5  finddevice                                 
00004cd5  __aeabi_i2d                                
00004d05  Timer_A_clearCaptureCompareInterrupt       
00004d31  Timer_A_disableCaptureCompareInterrupt     
00004d5d  remove                                     
00004d5d  unlink                                     
00004d89  GPIO_clearInterruptFlag                    
00004db1  GPIO_enableInterrupt                       
00004dd9  GPIO_setOutputHighOnPin                    
00004e01  GPIO_setOutputLowOnPin                     
00004e29  GPIO_toggleOutputOnPin                     
00004e79  lseek                                      
00004ea1  write                                      
00004eed  GPIO_getInterruptStatus                    
00004f11  CS_Init                                    
00004f33  ESP8266_HardReset                          
00004f55  PrintString                                
00004f79  GPIO_High                                  
00004f99  GPIO_Low                                   
00004fb9  memchr                                     
00004ff5  memccpy                                    
00005011  copysign                                   
00005011  copysignl                                  
0000502d  Timer_A_clearTimer                         
00005045  UART_getInterruptStatus                    
0000505d  strcmp                                     
00005075  strchr                                     
0000508d  PCM_getPowerState                          
000050a1  PrintChar                                  
000050b5  Timer_A_stopTimer                          
000050c9  strcpy                                     
000050dd  strlen                                     
000050f1  wcslen                                     
00005103  PCM_setCoreVoltageLevel                    
00005113  PCM_setPowerMode                           
00005123  __TI_decompress_none                       
00005131  Reset_Handler                              
0000513d  __TI_zero_init                             
00005149  ESP8266_GetBuffer                          
00005151  __aeabi_errno_addr                         
00005159  malloc                                     
00005169  _system_pre_init                           
0000516d  C$$EXIT                                    
0000516d  abort                                      
00005170  _ctypes_                                   
000052a4  samplePeriodforSpeed                       
000053a4  __TI_Handler_Table_Base                    
000053b0  __TI_Handler_Table_Limit                   
000053b8  __TI_CINIT_Base                            
000053c8  __TI_CINIT_Limit                           
20000000  ESP8266_Buffer                             
20000000  __start___llvm_prf_cnts                    
20000000  __stop___llvm_prf_cnts                     
20000800  UARTA0Data                                 
20001000  UARTA2Data                                 
20001800  __CIOBUF_                                  
20001920  __TI_tmpnams                               
200019cc  parmbuf                                    
200019d4  ESP8266_Data                               
200019d8  UARTA0ReadIndex                            
200019dc  UARTA0WriteIndex                           
200019e0  UARTA2ReadIndex                            
200019e4  UARTA2WriteIndex                           
200019e8  commands_buffer                            
200019ec  dist                                       
200019f0  distance                                   
200019f4  leftPIDOutput                              
200019f8  pulsetarget                                
200019fc  rightPIDOutput                             
20001a00  isTurning                                  
20001a08  _sys_memory                                
20002208  _ftable                                    
200022f8  _device                                    
20002370  _stream                                    
200023f8  leftcount                                  
200023fc  rightcount                                 
20002400  PWML                                       
20002404  PWMR                                       
20002408  grid_pulse_left                            
2000240c  grid_pulse_right                           
20002410  countTrigger                               
20002414  pulseTrigger                               
20002418  speedL                                     
2000241c  speedR                                     
20002420  pulseCountL                                
20002424  pulseCountR                                
20002428  totalErrorLeft                             
2000242c  totalErrorRight                            
20002430  UART0Config                                
20002458  UART2Config                                
20002480  http_req_dequeue                           
200024c0  pwmConfig2                                 
200024d8  pwmConfig                                  
200024f0  http_req_size_getfirstcommand              
200024f4  http_req_size_dequeue                      
200024f8  http_req_size_sendtest                     
200024fc  http_req_size_getallcommands               
20002500  __TI_ft_end                                
20002504  __aeabi_stdin                              
20002508  __aeabi_stdout                             
2000250c  __aeabi_stderr                             
20002510  __TI_cleanup_ptr                           
20002514  __TI_dtors_ptr                             
20002518  __TI_enable_exit_profile_output            
2000251c  _lock                                      
20002520  _unlock                                    
20002534  errno                                      
2000fe00  __stack                                    
20010000  __STACK_END                                
4000480c  WDTCTL_SYM                                 
ffffffff  __TI_pprof_out_hndl                        
ffffffff  __TI_prof_data_size                        
ffffffff  __TI_prof_data_start                       
ffffffff  __binit__                                  
ffffffff  __c_args__                                 
ffffffff  binit                                      
UNDEFED   __mpu_init                                 
UNDEFED   _system_post_cinit                         

[290 symbols]
