******************************************************************************
                  TI ARM Linker PC v20.2.4                     
******************************************************************************
>> Linked Fri Dec 10 04:05:16 2021

OUTPUT FILE NAME:   <ProjectFINAL.out>
ENTRY POINT SYMBOL: "_c_int00_noargs"  address: 000052bd


MEMORY CONFIGURATION

         name            origin    length      used     unused   attr    fill
----------------------  --------  ---------  --------  --------  ----  --------
  MAIN                  00000000   00040000  00005ce4  0003a31c  R  X
  INFO                  00200000   00004000  00000000  00004000  R  X
  SRAM_CODE             01000000   00010000  000027d9  0000d827  RW X
  SRAM_DATA             20000000   00010000  000027d9  0000d827  RW  


SEGMENT ALLOCATION MAP

run origin  load origin   length   init length attrs members
----------  ----------- ---------- ----------- ----- -------
00000000    00000000    00005ce8   00005ce8    r-x
  00000000    00000000    000000e4   000000e4    r-- .intvecs
  000000e4    000000e4    00005924   00005924    r-x .text
  00005a08    00005a08    000001ac   000001ac    r-- .const
  00005bb8    00005bb8    00000130   00000130    r-- .cinit
20000000    20000000    000025dc   00000000    rw-
  20000000    20000000    000019fd   00000000    rw- .bss
  20001a00    20001a00    00000800   00000000    rw- .sysmem
  20002200    20002200    000003dc   00000000    rw- .data
2000fe00    2000fe00    00000200   00000000    rw-
  2000fe00    2000fe00    00000200   00000000    rw- .stack


SECTION ALLOCATION MAP

 output                                  attributes/
section   page    origin      length       input sections
--------  ----  ----------  ----------   ----------------
.intvecs   0    00000000    000000e4     
                  00000000    000000e4     startup_msp432p401r_ccs.obj (.intvecs:retain)

.text      0    000000e4    00005924     
                  000000e4    00000a4e     rtsv7M4_T_le_v4SPD16_eabi.lib : _printfi.c.obj (.text:__TI_printfi)
                  00000b32    00000002     startup_msp432p401r_ccs.obj (.text:Default_Handler)
                  00000b34    00000404     Motor.obj (.text:CarPID)
                  00000f38    000002a0     main.obj (.text:main)
                  000011d8    00000270     rtsv7M4_T_le_v4SPD16_eabi.lib : _printfi.c.obj (.text:_pconv_a)
                  00001448    0000026c     Wifi.obj (.text:initiate_wifi)
                  000016b4    000001d0     rtsv7M4_T_le_v4SPD16_eabi.lib : _printfi.c.obj (.text:_pconv_g)
                  00001884    000001b6                                   : fd_add_t2.asm.obj (.text)
                  00001a3a    00000002                                   : _lock.c.obj (.text:_nop)
                  00001a3c    0000015c     msp432p4xx_driverlib.lib : pcm.o (.text:__PCM_setPowerModeAdvanced)
                  00001b98    0000014c     encoder.obj (.text:PORT5_IRQHandler)
                  00001ce4    00000144     msp432p4xx_driverlib.lib : timer_a.o (.text:privateTimer_AProcessClockSourceDivider)
                  00001e28    0000013c     rtsv7M4_T_le_v4SPD16_eabi.lib : _printfi.c.obj (.text:_pconv_e)
                  00001f64    00000136                                   : fd_div_t2.asm.obj (.text)
                  0000209a    00000002                                   : div0.asm.obj (.text)
                  0000209c    00000124                                   : _printfi.c.obj (.text:fcvt)
                  000021c0    0000011c     msp432p4xx_driverlib.lib : uart.o (.text:UART_initModule)
                  000022dc    00000118     UART_Driver.obj (.text:UART_Read)
                  000023f4    00000114     encoder.obj (.text:TA3_0_IRQHandler)
                  00002508    00000114     rtsv7M4_T_le_v4SPD16_eabi.lib : fputs.c.obj (.text:fputs)
                  0000261c    00000110     Ultrasonic.obj (.text:detectObstacle)
                  0000272c    00000110     rtsv7M4_T_le_v4SPD16_eabi.lib : s_scalbn.c.obj (.text:scalbn)
                  0000283c    00000108     msp432p4xx_driverlib.lib : pcm.o (.text:__PCM_setCoreVoltageLevelAdvanced)
                  00002944    00000100     rtsv7M4_T_le_v4SPD16_eabi.lib : memory.c.obj (.text:aligned_alloc)
                  00002a44    000000fc                                   : fd_mul_t2.asm.obj (.text)
                  00002b40    000000ec     encoder.obj (.text:Initalise_Enconder)
                  00002c2c    000000e4     rtsv7M4_T_le_v4SPD16_eabi.lib : memory.c.obj (.text:free)
                  00002d10    000000e4     Wifi.obj (.text:parseData)
                  00002df4    000000dc     Motor.obj (.text:checkCommand)
                  00002ed0    000000dc     rtsv7M4_T_le_v4SPD16_eabi.lib : setvbuf.c.obj (.text:setvbuf)
                  00002fac    000000d8     Wifi.obj (.text:setup_connection)
                  00003084    000000cc     Wifi.obj (.text:get_api)
                  00003150    000000c0     ESP8266.obj (.text:ESP8266_EstablishConnection)
                  00003210    000000ba     MSPIO.obj (.text:MSPrintf)
                  000032ca    00000002     --HOLE-- [fill = 0]
                  000032cc    000000b8     Linetracker.obj (.text:init_line_tracker)
                  00003384    000000b4     encoder.obj (.text:stopTimer)
                  00003438    000000b1     rtsv7M4_T_le_v4SPD16_eabi.lib : _printfi.c.obj (.text:_ltostr)
                  000034e9    00000003     --HOLE-- [fill = 0]
                  000034ec    000000b0     ESP8266.obj (.text:ESP8266_SendData)
                  0000359c    000000ac     Motor.obj (.text:Initalise_Motor)
                  00003648    000000a8     Linetracker.obj (.text:PORT6_IRQHandler)
                  000036f0    000000a4     UART_Driver.obj (.text:EUSCIA2_IRQHandler)
                  00003794    0000009c     rtsv7M4_T_le_v4SPD16_eabi.lib : memcpy_t2.asm.obj (.text)
                  00003830    00000096                                   : ull_div_t2.asm.obj (.text)
                  000038c6    0000008c     MSPIO.obj (.text:PrintInteger)
                  00003952    00000002     --HOLE-- [fill = 0]
                  00003954    0000008c     rtsv7M4_T_le_v4SPD16_eabi.lib : fputc.c.obj (.text:fputc)
                  000039e0    0000008c     Motor.obj (.text:turnright)
                  00003a6c    00000088     UART_Driver.obj (.text:EUSCIA0_IRQHandler)
                  00003af4    00000088     msp432p4xx_driverlib.lib : gpio.o (.text:GPIO_setAsPeripheralModuleFunctionOutputPin)
                  00003b7c    00000088     init_Ultrasonic.obj (.text:Initalise_HCSR04_New)
                  00003c04    00000086     rtsv7M4_T_le_v4SPD16_eabi.lib : fd_cmp_t2.asm.obj (.text:__aeabi_cdcmple)
                  00003c8a    00000086                                   : fd_cmp_t2.asm.obj (.text:__aeabi_cdrcmple)
                  00003d10    00000084     msp432p4xx_driverlib.lib : gpio.o (.text:GPIO_getEnabledInterruptStatus)
                  00003d94    00000080     ESP8266.obj (.text:ESP8266_EnableMultipleConnections)
                  00003e14    00000080     msp432p4xx_driverlib.lib : interrupt.o (.text:Interrupt_enableInterrupt)
                  00003e94    0000007c     ESP8266.obj (.text:ESP8266_WaitForAnswer)
                  00003f10    0000007a     rtsv7M4_T_le_v4SPD16_eabi.lib : memset_t2.asm.obj (.text)
                  00003f8a    00000002     --HOLE-- [fill = 0]
                  00003f8c    00000078     system_msp432p401r.obj (.text:SystemInit)
                  00004004    00000074     msp432p4xx_driverlib.lib : timer_a.o (.text:Timer_A_generatePWM)
                  00004078    00000074     rtsv7M4_T_le_v4SPD16_eabi.lib : fclose.c.obj (.text:__TI_closefile)
                  000040ec    00000070                                   : memory.c.obj (.text:split)
                  0000415c    0000006e                                   : _printfi.c.obj (.text:_mcpy)
                  000041ca    00000002     --HOLE-- [fill = 0]
                  000041cc    0000006e                                   : ltoa.c.obj (.text:ltoa)
                  0000423a    0000006e                                   : fd_tos_t2.asm.obj (.text)
                  000042a8    0000006c     ESP8266.obj (.text:ESP8266_ConnectToAP)
                  00004314    0000006c     rtsv7M4_T_le_v4SPD16_eabi.lib : hostrename.c.obj (.text:HOSTrename)
                  00004380    00000068                                   : hostlseek.c.obj (.text:HOSTlseek)
                  000043e8    00000068     Ultrasonic.obj (.text:PORT3_IRQHandler)
                  00004450    00000068     rtsv7M4_T_le_v4SPD16_eabi.lib : copy_decompress_lzss.c.obj (.text:decompress:lzss:__TI_decompress_lzss)
                  000044b8    00000068                                   : printf.c.obj (.text:printf)
                  00004520    00000064     msp432p4xx_driverlib.lib : uart.o (.text:UART_getEnabledInterruptStatus)
                  00004584    00000064     rtsv7M4_T_le_v4SPD16_eabi.lib : s_frexp.c.obj (.text:frexp)
                  000045e8    00000064                                   : fseek.c.obj (.text:fseek)
                  0000464c    00000062                                   : _io_perm.c.obj (.text:__TI_wrt_ok)
                  000046ae    00000002     --HOLE-- [fill = 0]
                  000046b0    00000060                                   : hostopen.c.obj (.text:HOSTopen)
                  00004710    0000005e     msp432p4xx_driverlib.lib : pcm.o (.text:PCM_getCoreVoltageLevel)
                  0000476e    00000002     --HOLE-- [fill = 0]
                  00004770    0000005c     rtsv7M4_T_le_v4SPD16_eabi.lib : close.c.obj (.text:close)
                  000047cc    0000005a     msp432p4xx_driverlib.lib : pcm.o (.text:PCM_getPowerMode)
                  00004826    00000002     --HOLE-- [fill = 0]
                  00004828    00000058                              : gpio.o (.text:GPIO_setAsInputPinWithPullUpResistor)
                  00004880    00000058     rtsv7M4_T_le_v4SPD16_eabi.lib : hostread.c.obj (.text:HOSTread)
                  000048d8    00000058                                   : hostwrite.c.obj (.text:HOSTwrite)
                  00004930    00000056                                   : _printfi.c.obj (.text:_pconv_f)
                  00004986    00000054                                   : _ltoa.c.obj (.text:__TI_ltoa)
                  000049da    00000002     --HOLE-- [fill = 0]
                  000049dc    00000054     Motor.obj (.text:turnleft)
                  00004a30    00000052     rtsv7M4_T_le_v4SPD16_eabi.lib : _printfi.c.obj (.text:_ecpy)
                  00004a82    0000004e     msp432p4xx_driverlib.lib : timer_a.o (.text:Timer_A_initCompare)
                  00004ad0    0000004c     ESP8266.obj (.text:ESP8266_CheckConnection)
                  00004b1c    0000004c     msp432p4xx_driverlib.lib : gpio.o (.text:GPIO_setAsInputPin)
                  00004b68    0000004c                              : timer_a.o (.text:Timer_A_getCounterValue)
                  00004bb4    0000004c     UART_Driver.obj (.text:UART_Available)
                  00004c00    0000004c     rtsv7M4_T_le_v4SPD16_eabi.lib : fflush.c.obj (.text:__TI_doflush)
                  00004c4c    0000004c                                   : atoi.c.obj (.text:atoi)
                  00004c98    0000004c     Motor.obj (.text:moveBackward)
                  00004ce4    0000004c     encoder.obj (.text:startTimer)
                  00004d30    00000048     msp432p4xx_driverlib.lib : flash.o (.text:FlashCtl_setWaitState)
                  00004d78    00000048     UART_Driver.obj (.text:UART_Flush)
                  00004dc0    00000048     rtsv7M4_T_le_v4SPD16_eabi.lib : exit.c.obj (.text:exit)
                  00004e08    00000048                                   : fd_toi_t2.asm.obj (.text)
                  00004e50    00000044                                   : hostclose.c.obj (.text:HOSTclose)
                  00004e94    00000044                                   : hostunlink.c.obj (.text:HOSTunlink)
                  00004ed8    00000044                                   : autoinit.c.obj (.text:__TI_auto_init_nobinit_nopinit:__TI_auto_init_nobinit_nopinit)
                  00004f1c    00000044                                   : getdevice.c.obj (.text:getdevice)
                  00004f60    00000040     msp432p4xx_driverlib.lib : gpio.o (.text:GPIO_setAsOutputPin)
                  00004fa0    00000040     UART_Driver.obj (.text:UART_Write)
                  00004fe0    00000040     rtsv7M4_T_le_v4SPD16_eabi.lib : sprintf.c.obj (.text:sprintf)
                  00005020    0000003e                                   : _printfi.c.obj (.text:_fcpy)
                  0000505e    00000002     --HOLE-- [fill = 0]
                  00005060    0000003c     msp432p4xx_driverlib.lib : gpio.o (.text:GPIO_interruptEdgeSelect)
                  0000509c    0000003c     Motor.obj (.text:stop)
                  000050d8    00000038     rtsv7M4_T_le_v4SPD16_eabi.lib : trgmsg.c.obj (.text:__TI_writemsg)
                  00005110    00000038     Motor.obj (.text:generatePWM)
                  00005148    00000038     rtsv7M4_T_le_v4SPD16_eabi.lib : fs_tod_t2.asm.obj (.text)
                  00005180    00000036                                   : strncpy.c.obj (.text:strncpy)
                  000051b6    00000002     --HOLE-- [fill = 0]
                  000051b8    00000034     msp432p4xx_driverlib.lib : cs.o (.text:CS_setDCOCenteredFrequency)
                  000051ec    00000034     Motor.obj (.text:PORT1_IRQHandler)
                  00005220    00000034     msp432p4xx_driverlib.lib : timer_a.o (.text:Timer_A_configureContinuousMode)
                  00005254    00000034     rtsv7M4_T_le_v4SPD16_eabi.lib : fopen.c.obj (.text:__TI_cleanup)
                  00005288    00000034                                   : trgmsg.c.obj (.text:__TI_readmsg)
                  000052bc    00000034                                   : boot_cortex_m.c.obj (.text:_c_int00_noargs:_c_int00_noargs)
                  000052f0    00000034     Motor.obj (.text:moveLeftBackward)
                  00005324    00000034     Motor.obj (.text:moveLeftFoward)
                  00005358    00000034     Motor.obj (.text:moveRightBackward)
                  0000538c    00000034     Motor.obj (.text:moveRightFoward)
                  000053c0    00000034     main.obj (.text:request)
                  000053f4    00000034     rtsv7M4_T_le_v4SPD16_eabi.lib : strstr.c.obj (.text:strstr)
                  00005428    00000030     msp432p4xx_driverlib.lib : gpio.o (.text:GPIO_getInputPinValue)
                  00005458    00000030                              : uart.o (.text:UART_receiveData)
                  00005488    00000030     rtsv7M4_T_le_v4SPD16_eabi.lib : getdevice.c.obj (.text:finddevice)
                  000054b8    0000002e                                   : i_tofd_t2.asm.obj (.text)
                  000054e6    00000002     --HOLE-- [fill = 0]
                  000054e8    0000002c     msp432p4xx_driverlib.lib : timer_a.o (.text:Timer_A_clearCaptureCompareInterrupt)
                  00005514    0000002c                              : timer_a.o (.text:Timer_A_disableCaptureCompareInterrupt)
                  00005540    0000002c     rtsv7M4_T_le_v4SPD16_eabi.lib : unlink.c.obj (.text:unlink)
                  0000556c    00000028     msp432p4xx_driverlib.lib : gpio.o (.text:GPIO_clearInterruptFlag)
                  00005594    00000028                              : gpio.o (.text:GPIO_enableInterrupt)
                  000055bc    00000028                              : gpio.o (.text:GPIO_setOutputHighOnPin)
                  000055e4    00000028                              : gpio.o (.text:GPIO_setOutputLowOnPin)
                  0000560c    00000028                              : gpio.o (.text:GPIO_toggleOutputOnPin)
                  00005634    00000028     rtsv7M4_T_le_v4SPD16_eabi.lib : memory.c.obj (.text:free_list_insert)
                  0000565c    00000028                                   : lseek.c.obj (.text:lseek)
                  00005684    00000028     Motor.obj (.text:rotate)
                  000056ac    00000028     rtsv7M4_T_le_v4SPD16_eabi.lib : write.c.obj (.text:write)
                  000056d4    00000024     Wifi.obj (.text:Delay)
                  000056f8    00000024     msp432p4xx_driverlib.lib : gpio.o (.text:GPIO_getInterruptStatus)
                  0000571c    00000022     CS_Driver.obj (.text:CS_Init)
                  0000573e    00000022     ESP8266.obj (.text:ESP8266_HardReset)
                  00005760    00000022     MSPIO.obj (.text:PrintString)
                  00005782    00000002     --HOLE-- [fill = 0]
                  00005784    00000020     GPIO_Driver.obj (.text:GPIO_High)
                  000057a4    00000020     GPIO_Driver.obj (.text:GPIO_Low)
                  000057c4    00000020     rtsv7M4_T_le_v4SPD16_eabi.lib : memchr.c.obj (.text:memchr)
                  000057e4    00000020     Motor.obj (.text:moveForward)
                  00005804    0000001c     rtsv7M4_T_le_v4SPD16_eabi.lib : memory.c.obj (.text:free_list_remove)
                  00005820    0000001c                                   : memccpy.c.obj (.text:memccpy)
                  0000583c    0000001a                                   : s_copysign.c.obj (.text:copysign)
                  00005856    00000002     --HOLE-- [fill = 0]
                  00005858    00000018     msp432p4xx_driverlib.lib : timer_a.o (.text:Timer_A_clearTimer)
                  00005870    00000018                              : timer_a.o (.text:Timer_A_disableInterrupt)
                  00005888    00000018                              : uart.o (.text:UART_getInterruptStatus)
                  000058a0    00000018     rtsv7M4_T_le_v4SPD16_eabi.lib : sprintf.c.obj (.text:_outs)
                  000058b8    00000018                                   : strcmp.c.obj (.text:strcmp)
                  000058d0    00000016     msp432p4xx_driverlib.lib : timer_a.o (.text:Timer_A_startCounter)
                  000058e6    00000016     rtsv7M4_T_le_v4SPD16_eabi.lib : strchr.c.obj (.text:strchr)
                  000058fc    00000014     msp432p4xx_driverlib.lib : pcm.o (.text:PCM_getPowerState)
                  00005910    00000014     MSPIO.obj (.text:PrintChar)
                  00005924    00000014     msp432p4xx_driverlib.lib : timer_a.o (.text:Timer_A_stopTimer)
                  00005938    00000014     rtsv7M4_T_le_v4SPD16_eabi.lib : strcpy.c.obj (.text:strcpy)
                  0000594c    00000014                                   : strlen.c.obj (.text:strlen)
                  00005960    00000012                                   : wcslen.c.obj (.text:wcslen)
                  00005972    00000010     msp432p4xx_driverlib.lib : interrupt.o (.text:Interrupt_enableMaster)
                  00005982    00000010                              : pcm.o (.text:PCM_setCoreVoltageLevel)
                  00005992    00000010                              : pcm.o (.text:PCM_setPowerMode)
                  000059a2    0000000e     rtsv7M4_T_le_v4SPD16_eabi.lib : copy_decompress_none.c.obj (.text:decompress:none:__TI_decompress_none)
                  000059b0    0000000c     msp432p4xx_driverlib.lib : cpu.o (.text:CPU_cpsie)
                  000059bc    0000000c     startup_msp432p401r_ccs.obj (.text:Reset_Handler)
                  000059c8    0000000c     rtsv7M4_T_le_v4SPD16_eabi.lib : copy_zero_init.c.obj (.text:decompress:ZI:__TI_zero_init)
                  000059d4    0000000a                                   : sprintf.c.obj (.text:_outc)
                  000059de    00000002     --HOLE-- [fill = 0]
                  000059e0    00000008     ESP8266.obj (.text:ESP8266_GetBuffer)
                  000059e8    00000008     rtsv7M4_T_le_v4SPD16_eabi.lib : errno.c.obj (.text:__aeabi_errno_addr)
                  000059f0    00000008                                   : memory.c.obj (.text:malloc)
                  000059f8    00000004                                   : printf.c.obj (.text:_outc)
                  000059fc    00000004                                   : printf.c.obj (.text:_outs)
                  00005a00    00000004                                   : pre_init.c.obj (.text:_system_pre_init)
                  00005a04    00000004                                   : exit.c.obj (.text:abort:abort)

.const     0    00005a08    000001ac     
                  00005a08    00000101     rtsv7M4_T_le_v4SPD16_eabi.lib : ctype.c.obj (.const:.string:_ctypes_)
                  00005b09    0000003a     main.obj (.const:.string:$P$T0$1)
                  00005b43    00000001     --HOLE-- [fill = 0]
                  00005b44    00000030     msp432p4xx_driverlib.lib : gpio.o (.const:GPIO_PORT_TO_BASE)
                  00005b74    00000018     encoder.obj (.const:samplePeriodforSpeed)
                  00005b8c    00000010     init_Ultrasonic.obj (.const:CCR3Config)
                  00005b9c    00000010     init_Ultrasonic.obj (.const:contmConfig)
                  00005bac    00000008     msp432p4xx_driverlib.lib : interrupt.o (.const:g_pulEnRegs)

.cinit     0    00005bb8    00000130     
                  00005bb8    0000010b     (.cinit..data.load) [load image, compression = lzss]
                  00005cc3    00000001     --HOLE-- [fill = 0]
                  00005cc4    0000000c     (__TI_handler_table)
                  00005cd0    00000008     (.cinit..bss.load) [load image, compression = zero_init]
                  00005cd8    00000010     (__TI_cinit_table)

.init_array 
*          0    00000000    00000000     UNINITIALIZED

.binit     0    00000000    00000000     

.bss       0    20000000    000019fd     UNINITIALIZED
                  20000000    00000800     (.common:ESP8266_Buffer)
                  20000800    00000800     (.common:UARTA0Data)
                  20001000    00000800     (.common:UARTA2Data)
                  20001800    00000120     rtsv7M4_T_le_v4SPD16_eabi.lib : trgmsg.c.obj (.bss:_CIOBUF_)
                  20001920    000000a0     (.common:__TI_tmpnams)
                  200019c0    0000000c     Ultrasonic.obj (.bss)
                  200019cc    00000008     (.common:parmbuf)
                  200019d4    00000004     (.common:ESP8266_Data)
                  200019d8    00000004     (.common:UARTA0ReadIndex)
                  200019dc    00000004     (.common:UARTA0WriteIndex)
                  200019e0    00000004     (.common:UARTA2ReadIndex)
                  200019e4    00000004     (.common:UARTA2WriteIndex)
                  200019e8    00000004     (.common:dist)
                  200019ec    00000004     (.common:distance)
                  200019f0    00000004     (.common:leftPIDOutput)
                  200019f4    00000004     (.common:pulsetarget)
                  200019f8    00000004     (.common:rightPIDOutput)
                  200019fc    00000001     (.common:isTurning)

.sysmem    0    20001a00    00000800     UNINITIALIZED
                  20001a00    00000010     rtsv7M4_T_le_v4SPD16_eabi.lib : memory.c.obj (.sysmem)
                  20001a10    000007f0     --HOLE--

.data      0    20002200    000003dc     UNINITIALIZED
                  20002200    000000f0     rtsv7M4_T_le_v4SPD16_eabi.lib : defs.c.obj (.data:_ftable)
                  200022f0    00000078                                   : host_device.c.obj (.data:_device)
                  20002368    0000005c     main.obj (.data)
                  200023c4    00000050     rtsv7M4_T_le_v4SPD16_eabi.lib : host_device.c.obj (.data:_stream)
                  20002414    00000046     main.obj (.data:http_req_feedback_black_obstacle)
                  2000245a    00000041     main.obj (.data:http_req_feedback_obstacle)
                  2000249b    0000003e     main.obj (.data:http_req_feedback_black)
                  200024d9    00000003     --HOLE--
                  200024dc    00000004     rtsv7M4_T_le_v4SPD16_eabi.lib : errno.c.obj (.data)
                  200024e0    00000038     encoder.obj (.data)
                  20002518    00000028     Wifi.obj (.data:UART0Config)
                  20002540    00000028     Wifi.obj (.data:UART2Config)
                  20002568    00000018     Ultrasonic.obj (.data)
                  20002580    00000018     Motor.obj (.data:pwmConfig2)
                  20002598    00000018     Motor.obj (.data:pwmConfig)
                  200025b0    00000010     rtsv7M4_T_le_v4SPD16_eabi.lib : defs.c.obj (.data)
                  200025c0    0000000c                                   : exit.c.obj (.data:$O1$$)
                  200025cc    00000008                                   : _lock.c.obj (.data:$O1$$)
                  200025d4    00000008                                   : memory.c.obj (.data:$O1$$)

.stack     0    2000fe00    00000200     UNINITIALIZED
                  2000fe00    00000004     rtsv7M4_T_le_v4SPD16_eabi.lib : boot_cortex_m.c.obj (.stack)
                  2000fe04    000001fc     --HOLE--

__llvm_prf_cnts 
*          0    20000000    00000000     UNINITIALIZED

MODULE SUMMARY

       Module                        code    ro data   rw data
       ------                        ----    -------   -------
    .\
       main.obj                      724     58        604    
       system_msp432p401r.obj        120     0         0      
    +--+-----------------------------+-------+---------+---------+
       Total:                        844     58        604    
                                                              
    .\Devices\
       ESP8266.obj                   846     0         4096   
       MSPIO.obj                     380     0         0      
    +--+-----------------------------+-------+---------+---------+
       Total:                        1226    0         4096   
                                                              
    .\Hardware\
       UART_Driver.obj               792     0         8224   
       GPIO_Driver.obj               64      0         0      
       CS_Driver.obj                 34      0         0      
    +--+-----------------------------+-------+---------+---------+
       Total:                        890     0         8224   
                                                              
    .\Motor\
       Motor.obj                     2168    0         104    
    +--+-----------------------------+-------+---------+---------+
       Total:                        2168    0         104    
                                                              
    .\Sensor\
       encoder.obj                   1100    24        112    
       Ultrasonic.obj                376     0         88     
       Linetracker.obj               352     0         0      
       init_Ultrasonic.obj           136     32        0      
    +--+-----------------------------+-------+---------+---------+
       Total:                        1964    56        200    
                                                              
    .\Wifi\
       Wifi.obj                      1304    0         160    
    +--+-----------------------------+-------+---------+---------+
       Total:                        1304    0         160    
                                                              
    .\ccs\
       startup_msp432p401r_ccs.obj   14      228       0      
    +--+-----------------------------+-------+---------+---------+
       Total:                        14      228       0      
                                                              
    C:/ti/simplelink_msp432p4_sdk_3_40_01_02/source/ti/devices/msp432p4xx/driverlib/ccs/msp432p4xx_driverlib.lib
       gpio.o                        840     48        0      
       pcm.o                         848     0         0      
       timer_a.o                     824     0         0      
       uart.o                        456     0         0      
       interrupt.o                   144     8         0      
       flash.o                       72      0         0      
       cs.o                          52      0         0      
       cpu.o                         12      0         0      
    +--+-----------------------------+-------+---------+---------+
       Total:                        3248    56        0      
                                                              
    C:\ti\ti-cgt-arm_20.2.4.LTS\lib\rtsv7M4_T_le_v4SPD16_eabi.lib
       _printfi.c.obj                4851    0         0      
       defs.c.obj                    0       0         832    
       memory.c.obj                  672     0         16     
       trgmsg.c.obj                  108     0         576    
       fd_add_t2.asm.obj             438     0         0      
       host_device.c.obj             0       0         400    
       fd_div_t2.asm.obj             310     0         0      
       fputs.c.obj                   276     0         0      
       s_scalbn.c.obj                272     0         0      
       fd_cmp_t2.asm.obj             268     0         0      
       ctype.c.obj                   0       257       0      
       fd_mul_t2.asm.obj             252     0         0      
       setvbuf.c.obj                 220     0         0      
       memcpy_t2.asm.obj             156     0         0      
       ull_div_t2.asm.obj            150     0         0      
       fputc.c.obj                   140     0         0      
       memset_t2.asm.obj             122     0         0      
       fclose.c.obj                  116     0         0      
       getdevice.c.obj               116     0         0      
       hostopen.c.obj                96      0         16     
       printf.c.obj                  112     0         0      
       fd_tos_t2.asm.obj             110     0         0      
       ltoa.c.obj                    110     0         0      
       hostrename.c.obj              108     0         0      
       copy_decompress_lzss.c.obj    104     0         0      
       hostlseek.c.obj               104     0         0      
       exit.c.obj                    76      0         24     
       fseek.c.obj                   100     0         0      
       s_frexp.c.obj                 100     0         0      
       _io_perm.c.obj                98      0         0      
       sprintf.c.obj                 98      0         0      
       close.c.obj                   92      0         0      
       hostread.c.obj                88      0         0      
       hostwrite.c.obj               88      0         0      
       _ltoa.c.obj                   84      0         0      
       atoi.c.obj                    76      0         0      
       fflush.c.obj                  76      0         0      
       fd_toi_t2.asm.obj             72      0         0      
       autoinit.c.obj                68      0         0      
       hostclose.c.obj               68      0         0      
       hostunlink.c.obj              68      0         0      
       fs_tod_t2.asm.obj             56      0         0      
       strncpy.c.obj                 54      0         0      
       boot_cortex_m.c.obj           52      0         0      
       fopen.c.obj                   52      0         0      
       strstr.c.obj                  52      0         0      
       i_tofd_t2.asm.obj             46      0         0      
       unlink.c.obj                  44      0         0      
       lseek.c.obj                   40      0         0      
       write.c.obj                   40      0         0      
       memchr.c.obj                  32      0         0      
       memccpy.c.obj                 28      0         0      
       s_copysign.c.obj              26      0         0      
       strcmp.c.obj                  24      0         0      
       strchr.c.obj                  22      0         0      
       strcpy.c.obj                  20      0         0      
       strlen.c.obj                  20      0         0      
       _lock.c.obj                   2       0         16     
       wcslen.c.obj                  18      0         0      
       errno.c.obj                   8       0         8      
       copy_decompress_none.c.obj    14      0         0      
       copy_zero_init.c.obj          12      0         0      
       pre_init.c.obj                4       0         0      
       div0.asm.obj                  2       0         0      
    +--+-----------------------------+-------+---------+---------+
       Total:                        11131   257       1888   
                                                              
       Heap:                         0       0         4096   
       Stack:                        0       0         1024   
       Linker Generated:             0       303       0      
    +--+-----------------------------+-------+---------+---------+
       Grand Total:                  22789   958       20396  


LINKER GENERATED COPY TABLES

__TI_cinit_table @ 00005cd8 records: 2, size/record: 8, table size: 16
	.data: load addr=00005bb8, load size=0000010b bytes, run addr=20002200, run size=000003dc bytes, compression=lzss
	.bss: load addr=00005cd0, load size=00000008 bytes, run addr=20000000, run size=000019fd bytes, compression=zero_init


LINKER GENERATED HANDLER TABLE

__TI_handler_table @ 00005cc4 records: 3, size/record: 4, table size: 12
	index: 0, handler: __TI_decompress_lzss
	index: 1, handler: __TI_decompress_none
	index: 2, handler: __TI_zero_init


GLOBAL SYMBOLS: SORTED ALPHABETICALLY BY Name 

address   name                                       
-------   ----                                       
00000b33  ADC14_IRQHandler                           
00000b33  AES256_IRQHandler                          
00000b33  BusFault_Handler                           
00005a05  C$$EXIT                                    
00005107  C$$IO$$                                    
00005b8c  CCR3Config                                 
00000b33  COMP_E0_IRQHandler                         
00000b33  COMP_E1_IRQHandler                         
000059b1  CPU_cpsie                                  
00000b33  CS_IRQHandler                              
0000571d  CS_Init                                    
000051b9  CS_setDCOCenteredFrequency                 
00000b35  CarPID                                     
00000b33  DMA_ERR_IRQHandler                         
00000b33  DMA_INT0_IRQHandler                        
00000b33  DMA_INT1_IRQHandler                        
00000b33  DMA_INT2_IRQHandler                        
00000b33  DMA_INT3_IRQHandler                        
00000b33  DebugMon_Handler                           
00000b33  Default_Handler                            
000056d5  Delay                                      
20000000  ESP8266_Buffer                             
00004ad1  ESP8266_CheckConnection                    
000042a9  ESP8266_ConnectToAP                        
200019d4  ESP8266_Data                               
00003d95  ESP8266_EnableMultipleConnections          
00003151  ESP8266_EstablishConnection                
000059e1  ESP8266_GetBuffer                          
0000573f  ESP8266_HardReset                          
000034ed  ESP8266_SendData                           
00003e95  ESP8266_WaitForAnswer                      
00003a6d  EUSCIA0_IRQHandler                         
00003a6d  EUSCIA0_IRQHandler                         
00000b33  EUSCIA1_IRQHandler                         
000036f1  EUSCIA2_IRQHandler                         
000036f1  EUSCIA2_IRQHandler                         
00000b33  EUSCIA3_IRQHandler                         
00000b33  EUSCIB0_IRQHandler                         
00000b33  EUSCIB1_IRQHandler                         
00000b33  EUSCIB2_IRQHandler                         
00000b33  EUSCIB3_IRQHandler                         
00000b33  FLCTL_IRQHandler                           
00000b33  FPU_IRQHandler                             
00004d31  FlashCtl_setWaitState                      
00005785  GPIO_High                                  
000057a5  GPIO_Low                                   
0000556d  GPIO_clearInterruptFlag                    
00005595  GPIO_enableInterrupt                       
00003d11  GPIO_getEnabledInterruptStatus             
00005429  GPIO_getInputPinValue                      
000056f9  GPIO_getInterruptStatus                    
00005061  GPIO_interruptEdgeSelect                   
00004b1d  GPIO_setAsInputPin                         
00004829  GPIO_setAsInputPinWithPullUpResistor       
00004f61  GPIO_setAsOutputPin                        
00003af5  GPIO_setAsPeripheralModuleFunctionOutputPin
000055bd  GPIO_setOutputHighOnPin                    
000055e5  GPIO_setOutputLowOnPin                     
0000560d  GPIO_toggleOutputOnPin                     
00004e51  HOSTclose                                  
00004381  HOSTlseek                                  
000046b1  HOSTopen                                   
00004881  HOSTread                                   
00004315  HOSTrename                                 
00004e95  HOSTunlink                                 
000048d9  HOSTwrite                                  
00000b33  HardFault_Handler                          
00002b41  Initalise_Enconder                         
00003b7d  Initalise_HCSR04_New                       
0000359d  Initalise_Motor                            
00003e15  Interrupt_enableInterrupt                  
00005973  Interrupt_enableMaster                     
00003211  MSPrintf                                   
00000b33  MemManage_Handler                          
00000b33  NMI_Handler                                
00000b33  PCM_IRQHandler                             
00004711  PCM_getCoreVoltageLevel                    
000047cd  PCM_getPowerMode                           
000058fd  PCM_getPowerState                          
00005983  PCM_setCoreVoltageLevel                    
00005993  PCM_setPowerMode                           
000051ed  PORT1_IRQHandler                           
000051ed  PORT1_IRQHandler                           
00000b33  PORT2_IRQHandler                           
000043e9  PORT3_IRQHandler                           
000043e9  PORT3_IRQHandler                           
00000b33  PORT4_IRQHandler                           
00001b99  PORT5_IRQHandler                           
00001b99  PORT5_IRQHandler                           
00003649  PORT6_IRQHandler                           
00003649  PORT6_IRQHandler                           
00000b33  PSS_IRQHandler                             
20002370  PWML                                       
20002374  PWMR                                       
00000b33  PendSV_Handler                             
00005911  PrintChar                                  
000038c7  PrintInteger                               
00005761  PrintString                                
00000b33  RTC_C_IRQHandler                           
000059bd  Reset_Handler                              
00000b33  SVC_Handler                                
00000b33  SysTick_Handler                            
00003f8d  SystemInit                                 
00000b33  T32_INT1_IRQHandler                        
00000b33  T32_INT2_IRQHandler                        
00000b33  T32_INTC_IRQHandler                        
00000b33  TA0_0_IRQHandler                           
00000b33  TA0_N_IRQHandler                           
00000b33  TA1_0_IRQHandler                           
00000b33  TA1_N_IRQHandler                           
00000b33  TA2_0_IRQHandler                           
00000b33  TA2_N_IRQHandler                           
000023f5  TA3_0_IRQHandler                           
000023f5  TA3_0_IRQHandler                           
00000b33  TA3_N_IRQHandler                           
000054e9  Timer_A_clearCaptureCompareInterrupt       
00005859  Timer_A_clearTimer                         
00005221  Timer_A_configureContinuousMode            
00005515  Timer_A_disableCaptureCompareInterrupt     
00005871  Timer_A_disableInterrupt                   
00004005  Timer_A_generatePWM                        
00004b69  Timer_A_getCounterValue                    
00004a83  Timer_A_initCompare                        
000058d1  Timer_A_startCounter                       
00005925  Timer_A_stopTimer                          
20002518  UART0Config                                
20002540  UART2Config                                
20000800  UARTA0Data                                 
200019d8  UARTA0ReadIndex                            
200019dc  UARTA0WriteIndex                           
20001000  UARTA2Data                                 
200019e0  UARTA2ReadIndex                            
200019e4  UARTA2WriteIndex                           
00004bb5  UART_Available                             
00004d79  UART_Flush                                 
000022dd  UART_Read                                  
00004fa1  UART_Write                                 
00004521  UART_getEnabledInterruptStatus             
00005889  UART_getInterruptStatus                    
000021c1  UART_initModule                            
00005459  UART_receiveData                           
00000b33  UsageFault_Handler                         
4000480c  WDTCTL_SYM                                 
00000b33  WDT_A_IRQHandler                           
20001800  __CIOBUF_                                  
20010000  __STACK_END                                
00000200  __STACK_SIZE                               
00000800  __SYSMEM_SIZE                              
00005cd8  __TI_CINIT_Base                            
00005ce8  __TI_CINIT_Limit                           
00005cc4  __TI_Handler_Table_Base                    
00005cd0  __TI_Handler_Table_Limit                   
00004ed9  __TI_auto_init_nobinit_nopinit             
00005255  __TI_cleanup                               
200025c0  __TI_cleanup_ptr                           
00004079  __TI_closefile                             
00004451  __TI_decompress_lzss                       
000059a3  __TI_decompress_none                       
00004c01  __TI_doflush                               
200025c4  __TI_dtors_ptr                             
200025c8  __TI_enable_exit_profile_output            
200025b0  __TI_ft_end                                
00004987  __TI_ltoa                                  
ffffffff  __TI_pprof_out_hndl                        
000000e5  __TI_printfi                               
ffffffff  __TI_prof_data_size                        
ffffffff  __TI_prof_data_start                       
00005289  __TI_readmsg                               
00000000  __TI_static_base__                         
20001920  __TI_tmpnams                               
000050d9  __TI_writemsg                              
0000464d  __TI_wrt_ok                                
000059c9  __TI_zero_init                             
00003c05  __aeabi_cdcmpeq                            
00003c05  __aeabi_cdcmple                            
00003c8b  __aeabi_cdrcmple                           
0000423b  __aeabi_d2f                                
00004e09  __aeabi_d2iz                               
0000188f  __aeabi_dadd                               
00001f65  __aeabi_ddiv                               
00002a45  __aeabi_dmul                               
00001885  __aeabi_dsub                               
000059e9  __aeabi_errno_addr                         
00005149  __aeabi_f2d                                
000054b9  __aeabi_i2d                                
0000209b  __aeabi_idiv0                              
0000209b  __aeabi_ldiv0                              
00003f11  __aeabi_memclr                             
00003f11  __aeabi_memclr4                            
00003f11  __aeabi_memclr8                            
00003795  __aeabi_memcpy                             
00003795  __aeabi_memcpy4                            
00003795  __aeabi_memcpy8                            
00003f13  __aeabi_memset                             
00003f13  __aeabi_memset4                            
00003f13  __aeabi_memset8                            
200025bc  __aeabi_stderr                             
200025b4  __aeabi_stdin                              
200025b8  __aeabi_stdout                             
00003831  __aeabi_uldivmod                           
ffffffff  __binit__                                  
ffffffff  __c_args__                                 
UNDEFED   __mpu_init                                 
2000fe00  __stack                                    
20000000  __start___llvm_prf_cnts                    
20000000  __stop___llvm_prf_cnts                     
000052bd  _c_int00_noargs                            
00005a08  _ctypes_                                   
200022f0  _device                                    
20002200  _ftable                                    
200025cc  _lock                                      
00001a3b  _nop                                       
200023c4  _stream                                    
20001a00  _sys_memory                                
UNDEFED   _system_post_cinit                         
00005a01  _system_pre_init                           
200025d0  _unlock                                    
00005a05  abort                                      
00002945  aligned_alloc                              
00004c4d  atoi                                       
ffffffff  binit                                      
200023a9  blackTiles                                 
00002df5  checkCommand                               
00004771  close                                      
00005b9c  contmConfig                                
0000583d  copysign                                   
0000583d  copysignl                                  
20002380  countTrigger                               
0000261d  detectObstacle                             
200019e8  dist                                       
200019ec  distance                                   
200024dc  errno                                      
00004dc1  exit                                       
00005489  finddevice                                 
00003955  fputc                                      
00002509  fputs                                      
00002c2d  free                                       
00004585  frexp                                      
00004585  frexpl                                     
000045e9  fseek                                      
00005111  generatePWM                                
00003085  get_api                                    
00004f1d  getdevice                                  
20002378  grid_pulse_left                            
2000237c  grid_pulse_right                           
2000249b  http_req_feedback_black                    
20002414  http_req_feedback_black_obstacle           
2000245a  http_req_feedback_obstacle                 
200023b0  http_req_size_dequeue                      
200023b4  http_req_size_feedback_black               
200023bc  http_req_size_feedback_black_obstacle      
200023b8  http_req_size_feedback_obstacle            
200023c0  http_req_size_getallcommands               
200023ac  http_req_size_getfirstcommand              
000032cd  init_line_tracker                          
00001449  initiate_wifi                              
00000000  interruptVectors                           
200019fc  isTurning                                  
0000272d  ldexp                                      
0000272d  ldexpl                                     
200019f0  leftPIDOutput                              
20002368  leftcount                                  
0000565d  lseek                                      
000041cd  ltoa                                       
00000f39  main                                       
000059f1  malloc                                     
00002945  memalign                                   
00005821  memccpy                                    
000057c5  memchr                                     
00003795  memcpy                                     
00003f19  memset                                     
00004c99  moveBackward                               
000057e5  moveForward                                
000052f1  moveLeftBackward                           
00005325  moveLeftFoward                             
00005359  moveRightBackward                          
0000538d  moveRightFoward                            
200023aa  obstacle                                   
200019cc  parmbuf                                    
00002d11  parseData                                  
200023a8  pooling                                    
000044b9  printf                                     
20002398  pulseCountL                                
2000239c  pulseCountR                                
20002384  pulseTrigger                               
200019f4  pulsetarget                                
00003955  putc                                       
20002598  pwmConfig                                  
20002580  pwmConfig2                                 
00005541  remove                                     
000053c1  request                                    
200019f8  rightPIDOutput                             
2000236c  rightcount                                 
00005685  rotate                                     
00005b74  samplePeriodforSpeed                       
0000272d  scalbn                                     
0000272d  scalbnl                                    
00002fad  setup_connection                           
00002ed1  setvbuf                                    
20002390  speed                                      
20002388  speedL                                     
2000238c  speedR                                     
00004fe1  sprintf                                    
00004ce5  startTimer                                 
0000509d  stop                                       
00003385  stopTimer                                  
000058e7  strchr                                     
000058b9  strcmp                                     
00005939  strcpy                                     
0000594d  strlen                                     
00005181  strncpy                                    
000053f5  strstr                                     
20002394  totalDistance                              
200023a0  totalErrorLeft                             
200023a4  totalErrorRight                            
000049dd  turnleft                                   
000039e1  turnright                                  
00005541  unlink                                     
00005961  wcslen                                     
000056ad  write                                      


GLOBAL SYMBOLS: SORTED BY Symbol Address 

address   name                                       
-------   ----                                       
00000000  __TI_static_base__                         
00000000  interruptVectors                           
000000e5  __TI_printfi                               
00000200  __STACK_SIZE                               
00000800  __SYSMEM_SIZE                              
00000b33  ADC14_IRQHandler                           
00000b33  AES256_IRQHandler                          
00000b33  BusFault_Handler                           
00000b33  COMP_E0_IRQHandler                         
00000b33  COMP_E1_IRQHandler                         
00000b33  CS_IRQHandler                              
00000b33  DMA_ERR_IRQHandler                         
00000b33  DMA_INT0_IRQHandler                        
00000b33  DMA_INT1_IRQHandler                        
00000b33  DMA_INT2_IRQHandler                        
00000b33  DMA_INT3_IRQHandler                        
00000b33  DebugMon_Handler                           
00000b33  Default_Handler                            
00000b33  EUSCIA1_IRQHandler                         
00000b33  EUSCIA3_IRQHandler                         
00000b33  EUSCIB0_IRQHandler                         
00000b33  EUSCIB1_IRQHandler                         
00000b33  EUSCIB2_IRQHandler                         
00000b33  EUSCIB3_IRQHandler                         
00000b33  FLCTL_IRQHandler                           
00000b33  FPU_IRQHandler                             
00000b33  HardFault_Handler                          
00000b33  MemManage_Handler                          
00000b33  NMI_Handler                                
00000b33  PCM_IRQHandler                             
00000b33  PORT2_IRQHandler                           
00000b33  PORT4_IRQHandler                           
00000b33  PSS_IRQHandler                             
00000b33  PendSV_Handler                             
00000b33  RTC_C_IRQHandler                           
00000b33  SVC_Handler                                
00000b33  SysTick_Handler                            
00000b33  T32_INT1_IRQHandler                        
00000b33  T32_INT2_IRQHandler                        
00000b33  T32_INTC_IRQHandler                        
00000b33  TA0_0_IRQHandler                           
00000b33  TA0_N_IRQHandler                           
00000b33  TA1_0_IRQHandler                           
00000b33  TA1_N_IRQHandler                           
00000b33  TA2_0_IRQHandler                           
00000b33  TA2_N_IRQHandler                           
00000b33  TA3_N_IRQHandler                           
00000b33  UsageFault_Handler                         
00000b33  WDT_A_IRQHandler                           
00000b35  CarPID                                     
00000f39  main                                       
00001449  initiate_wifi                              
00001885  __aeabi_dsub                               
0000188f  __aeabi_dadd                               
00001a3b  _nop                                       
00001b99  PORT5_IRQHandler                           
00001b99  PORT5_IRQHandler                           
00001f65  __aeabi_ddiv                               
0000209b  __aeabi_idiv0                              
0000209b  __aeabi_ldiv0                              
000021c1  UART_initModule                            
000022dd  UART_Read                                  
000023f5  TA3_0_IRQHandler                           
000023f5  TA3_0_IRQHandler                           
00002509  fputs                                      
0000261d  detectObstacle                             
0000272d  ldexp                                      
0000272d  ldexpl                                     
0000272d  scalbn                                     
0000272d  scalbnl                                    
00002945  aligned_alloc                              
00002945  memalign                                   
00002a45  __aeabi_dmul                               
00002b41  Initalise_Enconder                         
00002c2d  free                                       
00002d11  parseData                                  
00002df5  checkCommand                               
00002ed1  setvbuf                                    
00002fad  setup_connection                           
00003085  get_api                                    
00003151  ESP8266_EstablishConnection                
00003211  MSPrintf                                   
000032cd  init_line_tracker                          
00003385  stopTimer                                  
000034ed  ESP8266_SendData                           
0000359d  Initalise_Motor                            
00003649  PORT6_IRQHandler                           
00003649  PORT6_IRQHandler                           
000036f1  EUSCIA2_IRQHandler                         
000036f1  EUSCIA2_IRQHandler                         
00003795  __aeabi_memcpy                             
00003795  __aeabi_memcpy4                            
00003795  __aeabi_memcpy8                            
00003795  memcpy                                     
00003831  __aeabi_uldivmod                           
000038c7  PrintInteger                               
00003955  fputc                                      
00003955  putc                                       
000039e1  turnright                                  
00003a6d  EUSCIA0_IRQHandler                         
00003a6d  EUSCIA0_IRQHandler                         
00003af5  GPIO_setAsPeripheralModuleFunctionOutputPin
00003b7d  Initalise_HCSR04_New                       
00003c05  __aeabi_cdcmpeq                            
00003c05  __aeabi_cdcmple                            
00003c8b  __aeabi_cdrcmple                           
00003d11  GPIO_getEnabledInterruptStatus             
00003d95  ESP8266_EnableMultipleConnections          
00003e15  Interrupt_enableInterrupt                  
00003e95  ESP8266_WaitForAnswer                      
00003f11  __aeabi_memclr                             
00003f11  __aeabi_memclr4                            
00003f11  __aeabi_memclr8                            
00003f13  __aeabi_memset                             
00003f13  __aeabi_memset4                            
00003f13  __aeabi_memset8                            
00003f19  memset                                     
00003f8d  SystemInit                                 
00004005  Timer_A_generatePWM                        
00004079  __TI_closefile                             
000041cd  ltoa                                       
0000423b  __aeabi_d2f                                
000042a9  ESP8266_ConnectToAP                        
00004315  HOSTrename                                 
00004381  HOSTlseek                                  
000043e9  PORT3_IRQHandler                           
000043e9  PORT3_IRQHandler                           
00004451  __TI_decompress_lzss                       
000044b9  printf                                     
00004521  UART_getEnabledInterruptStatus             
00004585  frexp                                      
00004585  frexpl                                     
000045e9  fseek                                      
0000464d  __TI_wrt_ok                                
000046b1  HOSTopen                                   
00004711  PCM_getCoreVoltageLevel                    
00004771  close                                      
000047cd  PCM_getPowerMode                           
00004829  GPIO_setAsInputPinWithPullUpResistor       
00004881  HOSTread                                   
000048d9  HOSTwrite                                  
00004987  __TI_ltoa                                  
000049dd  turnleft                                   
00004a83  Timer_A_initCompare                        
00004ad1  ESP8266_CheckConnection                    
00004b1d  GPIO_setAsInputPin                         
00004b69  Timer_A_getCounterValue                    
00004bb5  UART_Available                             
00004c01  __TI_doflush                               
00004c4d  atoi                                       
00004c99  moveBackward                               
00004ce5  startTimer                                 
00004d31  FlashCtl_setWaitState                      
00004d79  UART_Flush                                 
00004dc1  exit                                       
00004e09  __aeabi_d2iz                               
00004e51  HOSTclose                                  
00004e95  HOSTunlink                                 
00004ed9  __TI_auto_init_nobinit_nopinit             
00004f1d  getdevice                                  
00004f61  GPIO_setAsOutputPin                        
00004fa1  UART_Write                                 
00004fe1  sprintf                                    
00005061  GPIO_interruptEdgeSelect                   
0000509d  stop                                       
000050d9  __TI_writemsg                              
00005107  C$$IO$$                                    
00005111  generatePWM                                
00005149  __aeabi_f2d                                
00005181  strncpy                                    
000051b9  CS_setDCOCenteredFrequency                 
000051ed  PORT1_IRQHandler                           
000051ed  PORT1_IRQHandler                           
00005221  Timer_A_configureContinuousMode            
00005255  __TI_cleanup                               
00005289  __TI_readmsg                               
000052bd  _c_int00_noargs                            
000052f1  moveLeftBackward                           
00005325  moveLeftFoward                             
00005359  moveRightBackward                          
0000538d  moveRightFoward                            
000053c1  request                                    
000053f5  strstr                                     
00005429  GPIO_getInputPinValue                      
00005459  UART_receiveData                           
00005489  finddevice                                 
000054b9  __aeabi_i2d                                
000054e9  Timer_A_clearCaptureCompareInterrupt       
00005515  Timer_A_disableCaptureCompareInterrupt     
00005541  remove                                     
00005541  unlink                                     
0000556d  GPIO_clearInterruptFlag                    
00005595  GPIO_enableInterrupt                       
000055bd  GPIO_setOutputHighOnPin                    
000055e5  GPIO_setOutputLowOnPin                     
0000560d  GPIO_toggleOutputOnPin                     
0000565d  lseek                                      
00005685  rotate                                     
000056ad  write                                      
000056d5  Delay                                      
000056f9  GPIO_getInterruptStatus                    
0000571d  CS_Init                                    
0000573f  ESP8266_HardReset                          
00005761  PrintString                                
00005785  GPIO_High                                  
000057a5  GPIO_Low                                   
000057c5  memchr                                     
000057e5  moveForward                                
00005821  memccpy                                    
0000583d  copysign                                   
0000583d  copysignl                                  
00005859  Timer_A_clearTimer                         
00005871  Timer_A_disableInterrupt                   
00005889  UART_getInterruptStatus                    
000058b9  strcmp                                     
000058d1  Timer_A_startCounter                       
000058e7  strchr                                     
000058fd  PCM_getPowerState                          
00005911  PrintChar                                  
00005925  Timer_A_stopTimer                          
00005939  strcpy                                     
0000594d  strlen                                     
00005961  wcslen                                     
00005973  Interrupt_enableMaster                     
00005983  PCM_setCoreVoltageLevel                    
00005993  PCM_setPowerMode                           
000059a3  __TI_decompress_none                       
000059b1  CPU_cpsie                                  
000059bd  Reset_Handler                              
000059c9  __TI_zero_init                             
000059e1  ESP8266_GetBuffer                          
000059e9  __aeabi_errno_addr                         
000059f1  malloc                                     
00005a01  _system_pre_init                           
00005a05  C$$EXIT                                    
00005a05  abort                                      
00005a08  _ctypes_                                   
00005b74  samplePeriodforSpeed                       
00005b8c  CCR3Config                                 
00005b9c  contmConfig                                
00005cc4  __TI_Handler_Table_Base                    
00005cd0  __TI_Handler_Table_Limit                   
00005cd8  __TI_CINIT_Base                            
00005ce8  __TI_CINIT_Limit                           
20000000  ESP8266_Buffer                             
20000000  __start___llvm_prf_cnts                    
20000000  __stop___llvm_prf_cnts                     
20000800  UARTA0Data                                 
20001000  UARTA2Data                                 
20001800  __CIOBUF_                                  
20001920  __TI_tmpnams                               
200019cc  parmbuf                                    
200019d4  ESP8266_Data                               
200019d8  UARTA0ReadIndex                            
200019dc  UARTA0WriteIndex                           
200019e0  UARTA2ReadIndex                            
200019e4  UARTA2WriteIndex                           
200019e8  dist                                       
200019ec  distance                                   
200019f0  leftPIDOutput                              
200019f4  pulsetarget                                
200019f8  rightPIDOutput                             
200019fc  isTurning                                  
20001a00  _sys_memory                                
20002200  _ftable                                    
200022f0  _device                                    
20002368  leftcount                                  
2000236c  rightcount                                 
20002370  PWML                                       
20002374  PWMR                                       
20002378  grid_pulse_left                            
2000237c  grid_pulse_right                           
20002380  countTrigger                               
20002384  pulseTrigger                               
20002388  speedL                                     
2000238c  speedR                                     
20002390  speed                                      
20002394  totalDistance                              
20002398  pulseCountL                                
2000239c  pulseCountR                                
200023a0  totalErrorLeft                             
200023a4  totalErrorRight                            
200023a8  pooling                                    
200023a9  blackTiles                                 
200023aa  obstacle                                   
200023ac  http_req_size_getfirstcommand              
200023b0  http_req_size_dequeue                      
200023b4  http_req_size_feedback_black               
200023b8  http_req_size_feedback_obstacle            
200023bc  http_req_size_feedback_black_obstacle      
200023c0  http_req_size_getallcommands               
200023c4  _stream                                    
20002414  http_req_feedback_black_obstacle           
2000245a  http_req_feedback_obstacle                 
2000249b  http_req_feedback_black                    
200024dc  errno                                      
20002518  UART0Config                                
20002540  UART2Config                                
20002580  pwmConfig2                                 
20002598  pwmConfig                                  
200025b0  __TI_ft_end                                
200025b4  __aeabi_stdin                              
200025b8  __aeabi_stdout                             
200025bc  __aeabi_stderr                             
200025c0  __TI_cleanup_ptr                           
200025c4  __TI_dtors_ptr                             
200025c8  __TI_enable_exit_profile_output            
200025cc  _lock                                      
200025d0  _unlock                                    
2000fe00  __stack                                    
20010000  __STACK_END                                
4000480c  WDTCTL_SYM                                 
ffffffff  __TI_pprof_out_hndl                        
ffffffff  __TI_prof_data_size                        
ffffffff  __TI_prof_data_start                       
ffffffff  __binit__                                  
ffffffff  __c_args__                                 
ffffffff  binit                                      
UNDEFED   __mpu_init                                 
UNDEFED   _system_post_cinit                         

[320 symbols]
