******************************************************************************
                  TI ARM Linker PC v20.2.4                     
******************************************************************************
>> Linked Tue Dec  7 02:45:25 2021

OUTPUT FILE NAME:   <ProjectV6.out>
ENTRY POINT SYMBOL: "_c_int00_noargs"  address: 00004ffd


MEMORY CONFIGURATION

         name            origin    length      used     unused   attr    fill
----------------------  --------  ---------  --------  --------  ----  --------
  MAIN                  00000000   00040000  0000596c  0003a694  R  X
  INFO                  00200000   00004000  00000000  00004000  R  X
  SRAM_CODE             01000000   00010000  00002789  0000d877  RW X
  SRAM_DATA             20000000   00010000  00002789  0000d877  RW  


SEGMENT ALLOCATION MAP

run origin  load origin   length   init length attrs members
----------  ----------- ---------- ----------- ----- -------
00000000    00000000    00005970   00005970    r-x
  00000000    00000000    000000e4   000000e4    r-- .intvecs
  000000e4    000000e4    000055e4   000055e4    r-x .text
  000056c8    000056c8    00000174   00000174    r-- .const
  00005840    00005840    00000130   00000130    r-- .cinit
20000000    20000000    0000258c   00000000    rw-
  20000000    20000000    000019fd   00000000    rw- .bss
  20001a00    20001a00    00000800   00000000    rw- .sysmem
  20002200    20002200    0000038c   00000000    rw- .data
2000fe00    2000fe00    00000200   00000000    rw-
  2000fe00    2000fe00    00000200   00000000    rw- .stack


SECTION ALLOCATION MAP

 output                                  attributes/
section   page    origin      length       input sections
--------  ----  ----------  ----------   ----------------
.intvecs   0    00000000    000000e4     
                  00000000    000000e4     startup_msp432p401r_ccs.obj (.intvecs:retain)

.text      0    000000e4    000055e4     
                  000000e4    00000a4e     rtsv7M4_T_le_v4SPD16_eabi.lib : _printfi.c.obj (.text:__TI_printfi)
                  00000b32    00000002     startup_msp432p401r_ccs.obj (.text:Default_Handler)
                  00000b34    00000404     Motor.obj (.text:CarPID)
                  00000f38    00000270     rtsv7M4_T_le_v4SPD16_eabi.lib : _printfi.c.obj (.text:_pconv_a)
                  000011a8    00000248     Wifi.obj (.text:initiate_wifi)
                  000013f0    000001d0     rtsv7M4_T_le_v4SPD16_eabi.lib : _printfi.c.obj (.text:_pconv_g)
                  000015c0    000001b6                                   : fd_add_t2.asm.obj (.text)
                  00001776    00000002                                   : _lock.c.obj (.text:_nop)
                  00001778    0000015c     msp432p4xx_driverlib.lib : pcm.o (.text:__PCM_setPowerModeAdvanced)
                  000018d4    0000014c     encoder.obj (.text:PORT5_IRQHandler)
                  00001a20    00000144     msp432p4xx_driverlib.lib : timer_a.o (.text:privateTimer_AProcessClockSourceDivider)
                  00001b64    0000013c     rtsv7M4_T_le_v4SPD16_eabi.lib : _printfi.c.obj (.text:_pconv_e)
                  00001ca0    00000136                                   : fd_div_t2.asm.obj (.text)
                  00001dd6    00000002                                   : div0.asm.obj (.text)
                  00001dd8    0000012c     Ultrasonic.obj (.text:detectObstacle)
                  00001f04    00000124     rtsv7M4_T_le_v4SPD16_eabi.lib : _printfi.c.obj (.text:fcvt)
                  00002028    0000011c     msp432p4xx_driverlib.lib : uart.o (.text:UART_initModule)
                  00002144    00000118     UART_Driver.obj (.text:UART_Read)
                  0000225c    00000114     rtsv7M4_T_le_v4SPD16_eabi.lib : fputs.c.obj (.text:fputs)
                  00002370    00000110     main.obj (.text:main)
                  00002480    00000110     rtsv7M4_T_le_v4SPD16_eabi.lib : s_scalbn.c.obj (.text:scalbn)
                  00002590    00000108     msp432p4xx_driverlib.lib : pcm.o (.text:__PCM_setCoreVoltageLevelAdvanced)
                  00002698    00000100     rtsv7M4_T_le_v4SPD16_eabi.lib : memory.c.obj (.text:aligned_alloc)
                  00002798    000000fc                                   : fd_mul_t2.asm.obj (.text)
                  00002894    000000ec     encoder.obj (.text:Initalise_Enconder)
                  00002980    000000e4     rtsv7M4_T_le_v4SPD16_eabi.lib : memory.c.obj (.text:free)
                  00002a64    000000e4     Wifi.obj (.text:parseData)
                  00002b48    000000dc     Linetracker.obj (.text:PORT6_IRQHandler)
                  00002c24    000000dc     rtsv7M4_T_le_v4SPD16_eabi.lib : setvbuf.c.obj (.text:setvbuf)
                  00002d00    000000d0     Linetracker.obj (.text:init_line_tracker)
                  00002dd0    000000cc     Motor.obj (.text:checkCommand)
                  00002e9c    000000cc     Wifi.obj (.text:get_api)
                  00002f68    000000c0     ESP8266.obj (.text:ESP8266_EstablishConnection)
                  00003028    000000ba     MSPIO.obj (.text:MSPrintf)
                  000030e2    00000002     --HOLE-- [fill = 0]
                  000030e4    000000b4     encoder.obj (.text:stopTimer)
                  00003198    000000b1     rtsv7M4_T_le_v4SPD16_eabi.lib : _printfi.c.obj (.text:_ltostr)
                  00003249    00000003     --HOLE-- [fill = 0]
                  0000324c    000000b0     ESP8266.obj (.text:ESP8266_SendData)
                  000032fc    000000ac     Motor.obj (.text:Initalise_Motor)
                  000033a8    000000a8     Wifi.obj (.text:setup_connection)
                  00003450    000000a4     UART_Driver.obj (.text:EUSCIA2_IRQHandler)
                  000034f4    0000009c     rtsv7M4_T_le_v4SPD16_eabi.lib : memcpy_t2.asm.obj (.text)
                  00003590    00000096                                   : ull_div_t2.asm.obj (.text)
                  00003626    0000008c     MSPIO.obj (.text:PrintInteger)
                  000036b2    00000002     --HOLE-- [fill = 0]
                  000036b4    0000008c     rtsv7M4_T_le_v4SPD16_eabi.lib : fputc.c.obj (.text:fputc)
                  00003740    0000008c     Motor.obj (.text:turnright)
                  000037cc    00000088     UART_Driver.obj (.text:EUSCIA0_IRQHandler)
                  00003854    00000088     msp432p4xx_driverlib.lib : gpio.o (.text:GPIO_setAsPeripheralModuleFunctionOutputPin)
                  000038dc    00000088     init_Ultrasonic.obj (.text:Initalise_HCSR04_New)
                  00003964    00000086     rtsv7M4_T_le_v4SPD16_eabi.lib : fd_cmp_t2.asm.obj (.text:__aeabi_cdcmple)
                  000039ea    00000086                                   : fd_cmp_t2.asm.obj (.text:__aeabi_cdrcmple)
                  00003a70    00000084     msp432p4xx_driverlib.lib : gpio.o (.text:GPIO_getEnabledInterruptStatus)
                  00003af4    00000080     ESP8266.obj (.text:ESP8266_EnableMultipleConnections)
                  00003b74    00000080     msp432p4xx_driverlib.lib : interrupt.o (.text:Interrupt_enableInterrupt)
                  00003bf4    0000007c     ESP8266.obj (.text:ESP8266_WaitForAnswer)
                  00003c70    0000007a     rtsv7M4_T_le_v4SPD16_eabi.lib : memset_t2.asm.obj (.text)
                  00003cea    00000002     --HOLE-- [fill = 0]
                  00003cec    00000078     system_msp432p401r.obj (.text:SystemInit)
                  00003d64    00000078     encoder.obj (.text:TA3_0_IRQHandler)
                  00003ddc    00000074     msp432p4xx_driverlib.lib : timer_a.o (.text:Timer_A_generatePWM)
                  00003e50    00000074     rtsv7M4_T_le_v4SPD16_eabi.lib : fclose.c.obj (.text:__TI_closefile)
                  00003ec4    00000070                                   : memory.c.obj (.text:split)
                  00003f34    0000006e                                   : _printfi.c.obj (.text:_mcpy)
                  00003fa2    00000002     --HOLE-- [fill = 0]
                  00003fa4    0000006e                                   : ltoa.c.obj (.text:ltoa)
                  00004012    0000006e                                   : fd_tos_t2.asm.obj (.text)
                  00004080    0000006c     ESP8266.obj (.text:ESP8266_ConnectToAP)
                  000040ec    0000006c     rtsv7M4_T_le_v4SPD16_eabi.lib : hostrename.c.obj (.text:HOSTrename)
                  00004158    0000006c     Ultrasonic.obj (.text:PORT3_IRQHandler)
                  000041c4    00000068     rtsv7M4_T_le_v4SPD16_eabi.lib : hostlseek.c.obj (.text:HOSTlseek)
                  0000422c    00000068                                   : copy_decompress_lzss.c.obj (.text:decompress:lzss:__TI_decompress_lzss)
                  00004294    00000068                                   : printf.c.obj (.text:printf)
                  000042fc    00000064     msp432p4xx_driverlib.lib : uart.o (.text:UART_getEnabledInterruptStatus)
                  00004360    00000064     rtsv7M4_T_le_v4SPD16_eabi.lib : s_frexp.c.obj (.text:frexp)
                  000043c4    00000064                                   : fseek.c.obj (.text:fseek)
                  00004428    00000062                                   : _io_perm.c.obj (.text:__TI_wrt_ok)
                  0000448a    00000002     --HOLE-- [fill = 0]
                  0000448c    00000060                                   : hostopen.c.obj (.text:HOSTopen)
                  000044ec    0000005e     msp432p4xx_driverlib.lib : pcm.o (.text:PCM_getCoreVoltageLevel)
                  0000454a    00000002     --HOLE-- [fill = 0]
                  0000454c    0000005c     rtsv7M4_T_le_v4SPD16_eabi.lib : close.c.obj (.text:close)
                  000045a8    0000005a     msp432p4xx_driverlib.lib : pcm.o (.text:PCM_getPowerMode)
                  00004602    00000002     --HOLE-- [fill = 0]
                  00004604    00000058                              : gpio.o (.text:GPIO_setAsInputPinWithPullUpResistor)
                  0000465c    00000058     rtsv7M4_T_le_v4SPD16_eabi.lib : hostread.c.obj (.text:HOSTread)
                  000046b4    00000058                                   : hostwrite.c.obj (.text:HOSTwrite)
                  0000470c    00000056                                   : _printfi.c.obj (.text:_pconv_f)
                  00004762    00000054                                   : _ltoa.c.obj (.text:__TI_ltoa)
                  000047b6    00000002     --HOLE-- [fill = 0]
                  000047b8    00000054     Motor.obj (.text:turnleft)
                  0000480c    00000052     rtsv7M4_T_le_v4SPD16_eabi.lib : _printfi.c.obj (.text:_ecpy)
                  0000485e    0000004e     msp432p4xx_driverlib.lib : timer_a.o (.text:Timer_A_initCompare)
                  000048ac    0000004c     ESP8266.obj (.text:ESP8266_CheckConnection)
                  000048f8    0000004c     msp432p4xx_driverlib.lib : gpio.o (.text:GPIO_setAsInputPin)
                  00004944    0000004c                              : timer_a.o (.text:Timer_A_getCounterValue)
                  00004990    0000004c     UART_Driver.obj (.text:UART_Available)
                  000049dc    0000004c     rtsv7M4_T_le_v4SPD16_eabi.lib : fflush.c.obj (.text:__TI_doflush)
                  00004a28    0000004c                                   : atoi.c.obj (.text:atoi)
                  00004a74    00000048     msp432p4xx_driverlib.lib : flash.o (.text:FlashCtl_setWaitState)
                  00004abc    00000048     UART_Driver.obj (.text:UART_Flush)
                  00004b04    00000048     rtsv7M4_T_le_v4SPD16_eabi.lib : exit.c.obj (.text:exit)
                  00004b4c    00000048                                   : fd_toi_t2.asm.obj (.text)
                  00004b94    00000044                                   : hostclose.c.obj (.text:HOSTclose)
                  00004bd8    00000044                                   : hostunlink.c.obj (.text:HOSTunlink)
                  00004c1c    00000044                                   : autoinit.c.obj (.text:__TI_auto_init_nobinit_nopinit:__TI_auto_init_nobinit_nopinit)
                  00004c60    00000044                                   : getdevice.c.obj (.text:getdevice)
                  00004ca4    00000040     msp432p4xx_driverlib.lib : gpio.o (.text:GPIO_setAsOutputPin)
                  00004ce4    00000040     UART_Driver.obj (.text:UART_Write)
                  00004d24    0000003e     rtsv7M4_T_le_v4SPD16_eabi.lib : _printfi.c.obj (.text:_fcpy)
                  00004d62    00000002     --HOLE-- [fill = 0]
                  00004d64    0000003c     msp432p4xx_driverlib.lib : gpio.o (.text:GPIO_interruptEdgeSelect)
                  00004da0    0000003c     Motor.obj (.text:moveBackward)
                  00004ddc    0000003c     Motor.obj (.text:stop)
                  00004e18    00000038     rtsv7M4_T_le_v4SPD16_eabi.lib : trgmsg.c.obj (.text:__TI_writemsg)
                  00004e50    00000038     Motor.obj (.text:generatePWM)
                  00004e88    00000038     rtsv7M4_T_le_v4SPD16_eabi.lib : fs_tod_t2.asm.obj (.text)
                  00004ec0    00000036                                   : strncpy.c.obj (.text:strncpy)
                  00004ef6    00000002     --HOLE-- [fill = 0]
                  00004ef8    00000034     msp432p4xx_driverlib.lib : cs.o (.text:CS_setDCOCenteredFrequency)
                  00004f2c    00000034     Motor.obj (.text:PORT1_IRQHandler)
                  00004f60    00000034     msp432p4xx_driverlib.lib : timer_a.o (.text:Timer_A_configureContinuousMode)
                  00004f94    00000034     rtsv7M4_T_le_v4SPD16_eabi.lib : fopen.c.obj (.text:__TI_cleanup)
                  00004fc8    00000034                                   : trgmsg.c.obj (.text:__TI_readmsg)
                  00004ffc    00000034                                   : boot_cortex_m.c.obj (.text:_c_int00_noargs:_c_int00_noargs)
                  00005030    00000034     Motor.obj (.text:moveLeftBackward)
                  00005064    00000034     Motor.obj (.text:moveLeftFoward)
                  00005098    00000034     Motor.obj (.text:moveRightBackward)
                  000050cc    00000034     Motor.obj (.text:moveRightFoward)
                  00005100    00000034     rtsv7M4_T_le_v4SPD16_eabi.lib : strstr.c.obj (.text:strstr)
                  00005134    00000030     msp432p4xx_driverlib.lib : gpio.o (.text:GPIO_getInputPinValue)
                  00005164    00000030                              : uart.o (.text:UART_receiveData)
                  00005194    00000030     rtsv7M4_T_le_v4SPD16_eabi.lib : getdevice.c.obj (.text:finddevice)
                  000051c4    0000002e                                   : i_tofd_t2.asm.obj (.text)
                  000051f2    00000002     --HOLE-- [fill = 0]
                  000051f4    0000002c     msp432p4xx_driverlib.lib : timer_a.o (.text:Timer_A_clearCaptureCompareInterrupt)
                  00005220    0000002c                              : timer_a.o (.text:Timer_A_disableCaptureCompareInterrupt)
                  0000524c    0000002c     rtsv7M4_T_le_v4SPD16_eabi.lib : unlink.c.obj (.text:unlink)
                  00005278    00000028     msp432p4xx_driverlib.lib : gpio.o (.text:GPIO_clearInterruptFlag)
                  000052a0    00000028                              : gpio.o (.text:GPIO_enableInterrupt)
                  000052c8    00000028                              : gpio.o (.text:GPIO_setOutputHighOnPin)
                  000052f0    00000028                              : gpio.o (.text:GPIO_setOutputLowOnPin)
                  00005318    00000028     rtsv7M4_T_le_v4SPD16_eabi.lib : memory.c.obj (.text:free_list_insert)
                  00005340    00000028                                   : lseek.c.obj (.text:lseek)
                  00005368    00000028     Motor.obj (.text:rotate)
                  00005390    00000028     rtsv7M4_T_le_v4SPD16_eabi.lib : write.c.obj (.text:write)
                  000053b8    00000024     Wifi.obj (.text:Delay)
                  000053dc    00000024     msp432p4xx_driverlib.lib : gpio.o (.text:GPIO_getInterruptStatus)
                  00005400    00000022     CS_Driver.obj (.text:CS_Init)
                  00005422    00000022     ESP8266.obj (.text:ESP8266_HardReset)
                  00005444    00000022     MSPIO.obj (.text:PrintString)
                  00005466    00000002     --HOLE-- [fill = 0]
                  00005468    00000020     GPIO_Driver.obj (.text:GPIO_High)
                  00005488    00000020     GPIO_Driver.obj (.text:GPIO_Low)
                  000054a8    00000020     rtsv7M4_T_le_v4SPD16_eabi.lib : memchr.c.obj (.text:memchr)
                  000054c8    00000020     Motor.obj (.text:moveForward)
                  000054e8    0000001c     rtsv7M4_T_le_v4SPD16_eabi.lib : memory.c.obj (.text:free_list_remove)
                  00005504    0000001c                                   : memccpy.c.obj (.text:memccpy)
                  00005520    0000001a                                   : s_copysign.c.obj (.text:copysign)
                  0000553a    00000002     --HOLE-- [fill = 0]
                  0000553c    00000018     msp432p4xx_driverlib.lib : timer_a.o (.text:Timer_A_clearTimer)
                  00005554    00000018                              : timer_a.o (.text:Timer_A_disableInterrupt)
                  0000556c    00000018                              : uart.o (.text:UART_getInterruptStatus)
                  00005584    00000018     rtsv7M4_T_le_v4SPD16_eabi.lib : strcmp.c.obj (.text:strcmp)
                  0000559c    00000016     msp432p4xx_driverlib.lib : timer_a.o (.text:Timer_A_startCounter)
                  000055b2    00000016     rtsv7M4_T_le_v4SPD16_eabi.lib : strchr.c.obj (.text:strchr)
                  000055c8    00000014     msp432p4xx_driverlib.lib : pcm.o (.text:PCM_getPowerState)
                  000055dc    00000014     MSPIO.obj (.text:PrintChar)
                  000055f0    00000014     msp432p4xx_driverlib.lib : timer_a.o (.text:Timer_A_stopTimer)
                  00005604    00000014     rtsv7M4_T_le_v4SPD16_eabi.lib : strcpy.c.obj (.text:strcpy)
                  00005618    00000014                                   : strlen.c.obj (.text:strlen)
                  0000562c    00000012                                   : wcslen.c.obj (.text:wcslen)
                  0000563e    00000010     msp432p4xx_driverlib.lib : interrupt.o (.text:Interrupt_enableMaster)
                  0000564e    00000010                              : pcm.o (.text:PCM_setCoreVoltageLevel)
                  0000565e    00000010                              : pcm.o (.text:PCM_setPowerMode)
                  0000566e    0000000e     rtsv7M4_T_le_v4SPD16_eabi.lib : copy_decompress_none.c.obj (.text:decompress:none:__TI_decompress_none)
                  0000567c    0000000c     msp432p4xx_driverlib.lib : cpu.o (.text:CPU_cpsie)
                  00005688    0000000c     startup_msp432p401r_ccs.obj (.text:Reset_Handler)
                  00005694    0000000c     rtsv7M4_T_le_v4SPD16_eabi.lib : copy_zero_init.c.obj (.text:decompress:ZI:__TI_zero_init)
                  000056a0    00000008     ESP8266.obj (.text:ESP8266_GetBuffer)
                  000056a8    00000008     rtsv7M4_T_le_v4SPD16_eabi.lib : errno.c.obj (.text:__aeabi_errno_addr)
                  000056b0    00000008                                   : memory.c.obj (.text:malloc)
                  000056b8    00000004                                   : printf.c.obj (.text:_outc)
                  000056bc    00000004                                   : printf.c.obj (.text:_outs)
                  000056c0    00000004                                   : pre_init.c.obj (.text:_system_pre_init)
                  000056c4    00000004                                   : exit.c.obj (.text:abort:abort)

.const     0    000056c8    00000174     
                  000056c8    00000101     rtsv7M4_T_le_v4SPD16_eabi.lib : ctype.c.obj (.const:.string:_ctypes_)
                  000057c9    00000003     --HOLE-- [fill = 0]
                  000057cc    00000030     msp432p4xx_driverlib.lib : gpio.o (.const:GPIO_PORT_TO_BASE)
                  000057fc    00000018     encoder.obj (.const:samplePeriodforSpeed)
                  00005814    00000010     init_Ultrasonic.obj (.const:CCR3Config)
                  00005824    00000010     init_Ultrasonic.obj (.const:contmConfig)
                  00005834    00000008     msp432p4xx_driverlib.lib : interrupt.o (.const:g_pulEnRegs)

.cinit     0    00005840    00000130     
                  00005840    00000107     (.cinit..data.load) [load image, compression = lzss]
                  00005947    00000001     --HOLE-- [fill = 0]
                  00005948    0000000c     (__TI_handler_table)
                  00005954    00000004     --HOLE-- [fill = 0]
                  00005958    00000008     (.cinit..bss.load) [load image, compression = zero_init]
                  00005960    00000010     (__TI_cinit_table)

.init_array 
*          0    00000000    00000000     UNINITIALIZED

.binit     0    00000000    00000000     

.bss       0    20000000    000019fd     UNINITIALIZED
                  20000000    00000800     (.common:ESP8266_Buffer)
                  20000800    00000800     (.common:UARTA0Data)
                  20001000    00000800     (.common:UARTA2Data)
                  20001800    00000120     rtsv7M4_T_le_v4SPD16_eabi.lib : trgmsg.c.obj (.bss:_CIOBUF_)
                  20001920    000000a0     (.common:__TI_tmpnams)
                  200019c0    0000000c     Ultrasonic.obj (.bss)
                  200019cc    00000008     (.common:parmbuf)
                  200019d4    00000004     (.common:ESP8266_Data)
                  200019d8    00000004     (.common:UARTA0ReadIndex)
                  200019dc    00000004     (.common:UARTA0WriteIndex)
                  200019e0    00000004     (.common:UARTA2ReadIndex)
                  200019e4    00000004     (.common:UARTA2WriteIndex)
                  200019e8    00000004     (.common:dist)
                  200019ec    00000004     (.common:distance)
                  200019f0    00000004     (.common:leftPIDOutput)
                  200019f4    00000004     (.common:pulsetarget)
                  200019f8    00000004     (.common:rightPIDOutput)
                  200019fc    00000001     (.common:isTurning)

.sysmem    0    20001a00    00000800     UNINITIALIZED
                  20001a00    00000010     rtsv7M4_T_le_v4SPD16_eabi.lib : memory.c.obj (.sysmem)
                  20001a10    000007f0     --HOLE--

.data      0    20002200    0000038c     UNINITIALIZED
                  20002200    000000f0     rtsv7M4_T_le_v4SPD16_eabi.lib : defs.c.obj (.data:_ftable)
                  200022f0    00000078                                   : host_device.c.obj (.data:_device)
                  20002368    00000054     main.obj (.data)
                  200023bc    00000050     rtsv7M4_T_le_v4SPD16_eabi.lib : host_device.c.obj (.data:_stream)
                  2000240c    00000041     main.obj (.data:http_req_feedback_obstacle)
                  2000244d    0000003e     main.obj (.data:http_req_feedback_black)
                  2000248b    00000001     --HOLE--
                  2000248c    00000004     rtsv7M4_T_le_v4SPD16_eabi.lib : errno.c.obj (.data)
                  20002490    00000038     encoder.obj (.data)
                  200024c8    00000028     Wifi.obj (.data:UART0Config)
                  200024f0    00000028     Wifi.obj (.data:UART2Config)
                  20002518    00000018     Ultrasonic.obj (.data)
                  20002530    00000018     Motor.obj (.data:pwmConfig2)
                  20002548    00000018     Motor.obj (.data:pwmConfig)
                  20002560    00000010     rtsv7M4_T_le_v4SPD16_eabi.lib : defs.c.obj (.data)
                  20002570    0000000c                                   : exit.c.obj (.data:$O1$$)
                  2000257c    00000008                                   : _lock.c.obj (.data:$O1$$)
                  20002584    00000008                                   : memory.c.obj (.data:$O1$$)

.stack     0    2000fe00    00000200     UNINITIALIZED
                  2000fe00    00000004     rtsv7M4_T_le_v4SPD16_eabi.lib : boot_cortex_m.c.obj (.stack)
                  2000fe04    000001fc     --HOLE--

__llvm_prf_cnts 
*          0    20000000    00000000     UNINITIALIZED

MODULE SUMMARY

       Module                        code    ro data   rw data
       ------                        ----    -------   -------
    .\
       main.obj                      272     0         448    
       system_msp432p401r.obj        120     0         0      
    +--+-----------------------------+-------+---------+---------+
       Total:                        392     0         448    
                                                              
    .\Devices\
       ESP8266.obj                   846     0         4096   
       MSPIO.obj                     380     0         0      
    +--+-----------------------------+-------+---------+---------+
       Total:                        1226    0         4096   
                                                              
    .\Hardware\
       UART_Driver.obj               792     0         8224   
       GPIO_Driver.obj               64      0         0      
       CS_Driver.obj                 34      0         0      
    +--+-----------------------------+-------+---------+---------+
       Total:                        890     0         8224   
                                                              
    .\Motor\
       Motor.obj                     2136    0         104    
    +--+-----------------------------+-------+---------+---------+
       Total:                        2136    0         104    
                                                              
    .\Sensor\
       encoder.obj                   868     24        112    
       Ultrasonic.obj                408     0         88     
       Linetracker.obj               428     0         0      
       init_Ultrasonic.obj           136     32        0      
    +--+-----------------------------+-------+---------+---------+
       Total:                        1840    56        200    
                                                              
    .\Wifi\
       Wifi.obj                      1220    0         160    
    +--+-----------------------------+-------+---------+---------+
       Total:                        1220    0         160    
                                                              
    .\ccs\
       startup_msp432p401r_ccs.obj   14      228       0      
    +--+-----------------------------+-------+---------+---------+
       Total:                        14      228       0      
                                                              
    C:/ti/simplelink_msp432p4_sdk_3_40_01_02/source/ti/devices/msp432p4xx/driverlib/ccs/msp432p4xx_driverlib.lib
       gpio.o                        800     48        0      
       pcm.o                         848     0         0      
       timer_a.o                     824     0         0      
       uart.o                        456     0         0      
       interrupt.o                   144     8         0      
       flash.o                       72      0         0      
       cs.o                          52      0         0      
       cpu.o                         12      0         0      
    +--+-----------------------------+-------+---------+---------+
       Total:                        3208    56        0      
                                                              
    C:\ti\ti-cgt-arm_20.2.4.LTS\lib\rtsv7M4_T_le_v4SPD16_eabi.lib
       _printfi.c.obj                4851    0         0      
       defs.c.obj                    0       0         832    
       memory.c.obj                  672     0         16     
       trgmsg.c.obj                  108     0         576    
       fd_add_t2.asm.obj             438     0         0      
       host_device.c.obj             0       0         400    
       fd_div_t2.asm.obj             310     0         0      
       fputs.c.obj                   276     0         0      
       s_scalbn.c.obj                272     0         0      
       fd_cmp_t2.asm.obj             268     0         0      
       ctype.c.obj                   0       257       0      
       fd_mul_t2.asm.obj             252     0         0      
       setvbuf.c.obj                 220     0         0      
       memcpy_t2.asm.obj             156     0         0      
       ull_div_t2.asm.obj            150     0         0      
       fputc.c.obj                   140     0         0      
       memset_t2.asm.obj             122     0         0      
       fclose.c.obj                  116     0         0      
       getdevice.c.obj               116     0         0      
       hostopen.c.obj                96      0         16     
       printf.c.obj                  112     0         0      
       fd_tos_t2.asm.obj             110     0         0      
       ltoa.c.obj                    110     0         0      
       hostrename.c.obj              108     0         0      
       copy_decompress_lzss.c.obj    104     0         0      
       hostlseek.c.obj               104     0         0      
       exit.c.obj                    76      0         24     
       fseek.c.obj                   100     0         0      
       s_frexp.c.obj                 100     0         0      
       _io_perm.c.obj                98      0         0      
       close.c.obj                   92      0         0      
       hostread.c.obj                88      0         0      
       hostwrite.c.obj               88      0         0      
       _ltoa.c.obj                   84      0         0      
       atoi.c.obj                    76      0         0      
       fflush.c.obj                  76      0         0      
       fd_toi_t2.asm.obj             72      0         0      
       autoinit.c.obj                68      0         0      
       hostclose.c.obj               68      0         0      
       hostunlink.c.obj              68      0         0      
       fs_tod_t2.asm.obj             56      0         0      
       strncpy.c.obj                 54      0         0      
       boot_cortex_m.c.obj           52      0         0      
       fopen.c.obj                   52      0         0      
       strstr.c.obj                  52      0         0      
       i_tofd_t2.asm.obj             46      0         0      
       unlink.c.obj                  44      0         0      
       lseek.c.obj                   40      0         0      
       write.c.obj                   40      0         0      
       memchr.c.obj                  32      0         0      
       memccpy.c.obj                 28      0         0      
       s_copysign.c.obj              26      0         0      
       strcmp.c.obj                  24      0         0      
       strchr.c.obj                  22      0         0      
       strcpy.c.obj                  20      0         0      
       strlen.c.obj                  20      0         0      
       _lock.c.obj                   2       0         16     
       wcslen.c.obj                  18      0         0      
       errno.c.obj                   8       0         8      
       copy_decompress_none.c.obj    14      0         0      
       copy_zero_init.c.obj          12      0         0      
       pre_init.c.obj                4       0         0      
       div0.asm.obj                  2       0         0      
    +--+-----------------------------+-------+---------+---------+
       Total:                        11033   257       1888   
                                                              
       Heap:                         0       0         4096   
       Stack:                        0       0         1024   
       Linker Generated:             0       299       0      
    +--+-----------------------------+-------+---------+---------+
       Grand Total:                  21959   896       20240  


LINKER GENERATED COPY TABLES

__TI_cinit_table @ 00005960 records: 2, size/record: 8, table size: 16
	.data: load addr=00005840, load size=00000107 bytes, run addr=20002200, run size=0000038c bytes, compression=lzss
	.bss: load addr=00005958, load size=00000008 bytes, run addr=20000000, run size=000019fd bytes, compression=zero_init


LINKER GENERATED HANDLER TABLE

__TI_handler_table @ 00005948 records: 3, size/record: 4, table size: 12
	index: 0, handler: __TI_decompress_lzss
	index: 1, handler: __TI_decompress_none
	index: 2, handler: __TI_zero_init


GLOBAL SYMBOLS: SORTED ALPHABETICALLY BY Name 

address   name                                       
-------   ----                                       
00000b33  ADC14_IRQHandler                           
00000b33  AES256_IRQHandler                          
00000b33  BusFault_Handler                           
000056c5  C$$EXIT                                    
00004e47  C$$IO$$                                    
00005814  CCR3Config                                 
00000b33  COMP_E0_IRQHandler                         
00000b33  COMP_E1_IRQHandler                         
0000567d  CPU_cpsie                                  
00000b33  CS_IRQHandler                              
00005401  CS_Init                                    
00004ef9  CS_setDCOCenteredFrequency                 
00000b35  CarPID                                     
00000b33  DMA_ERR_IRQHandler                         
00000b33  DMA_INT0_IRQHandler                        
00000b33  DMA_INT1_IRQHandler                        
00000b33  DMA_INT2_IRQHandler                        
00000b33  DMA_INT3_IRQHandler                        
00000b33  DebugMon_Handler                           
00000b33  Default_Handler                            
000053b9  Delay                                      
20000000  ESP8266_Buffer                             
000048ad  ESP8266_CheckConnection                    
00004081  ESP8266_ConnectToAP                        
200019d4  ESP8266_Data                               
00003af5  ESP8266_EnableMultipleConnections          
00002f69  ESP8266_EstablishConnection                
000056a1  ESP8266_GetBuffer                          
00005423  ESP8266_HardReset                          
0000324d  ESP8266_SendData                           
00003bf5  ESP8266_WaitForAnswer                      
000037cd  EUSCIA0_IRQHandler                         
000037cd  EUSCIA0_IRQHandler                         
00000b33  EUSCIA1_IRQHandler                         
00003451  EUSCIA2_IRQHandler                         
00003451  EUSCIA2_IRQHandler                         
00000b33  EUSCIA3_IRQHandler                         
00000b33  EUSCIB0_IRQHandler                         
00000b33  EUSCIB1_IRQHandler                         
00000b33  EUSCIB2_IRQHandler                         
00000b33  EUSCIB3_IRQHandler                         
00000b33  FLCTL_IRQHandler                           
00000b33  FPU_IRQHandler                             
00004a75  FlashCtl_setWaitState                      
00005469  GPIO_High                                  
00005489  GPIO_Low                                   
00005279  GPIO_clearInterruptFlag                    
000052a1  GPIO_enableInterrupt                       
00003a71  GPIO_getEnabledInterruptStatus             
00005135  GPIO_getInputPinValue                      
000053dd  GPIO_getInterruptStatus                    
00004d65  GPIO_interruptEdgeSelect                   
000048f9  GPIO_setAsInputPin                         
00004605  GPIO_setAsInputPinWithPullUpResistor       
00004ca5  GPIO_setAsOutputPin                        
00003855  GPIO_setAsPeripheralModuleFunctionOutputPin
000052c9  GPIO_setOutputHighOnPin                    
000052f1  GPIO_setOutputLowOnPin                     
00004b95  HOSTclose                                  
000041c5  HOSTlseek                                  
0000448d  HOSTopen                                   
0000465d  HOSTread                                   
000040ed  HOSTrename                                 
00004bd9  HOSTunlink                                 
000046b5  HOSTwrite                                  
00000b33  HardFault_Handler                          
00002895  Initalise_Enconder                         
000038dd  Initalise_HCSR04_New                       
000032fd  Initalise_Motor                            
00003b75  Interrupt_enableInterrupt                  
0000563f  Interrupt_enableMaster                     
00003029  MSPrintf                                   
00000b33  MemManage_Handler                          
00000b33  NMI_Handler                                
00000b33  PCM_IRQHandler                             
000044ed  PCM_getCoreVoltageLevel                    
000045a9  PCM_getPowerMode                           
000055c9  PCM_getPowerState                          
0000564f  PCM_setCoreVoltageLevel                    
0000565f  PCM_setPowerMode                           
00004f2d  PORT1_IRQHandler                           
00004f2d  PORT1_IRQHandler                           
00000b33  PORT2_IRQHandler                           
00004159  PORT3_IRQHandler                           
00004159  PORT3_IRQHandler                           
00000b33  PORT4_IRQHandler                           
000018d5  PORT5_IRQHandler                           
000018d5  PORT5_IRQHandler                           
00002b49  PORT6_IRQHandler                           
00002b49  PORT6_IRQHandler                           
00000b33  PSS_IRQHandler                             
20002370  PWML                                       
20002374  PWMR                                       
00000b33  PendSV_Handler                             
000055dd  PrintChar                                  
00003627  PrintInteger                               
00005445  PrintString                                
00000b33  RTC_C_IRQHandler                           
00005689  Reset_Handler                              
00000b33  SVC_Handler                                
00000b33  SysTick_Handler                            
00003ced  SystemInit                                 
00000b33  T32_INT1_IRQHandler                        
00000b33  T32_INT2_IRQHandler                        
00000b33  T32_INTC_IRQHandler                        
00000b33  TA0_0_IRQHandler                           
00000b33  TA0_N_IRQHandler                           
00000b33  TA1_0_IRQHandler                           
00000b33  TA1_N_IRQHandler                           
00000b33  TA2_0_IRQHandler                           
00000b33  TA2_N_IRQHandler                           
00003d65  TA3_0_IRQHandler                           
00003d65  TA3_0_IRQHandler                           
00000b33  TA3_N_IRQHandler                           
000051f5  Timer_A_clearCaptureCompareInterrupt       
0000553d  Timer_A_clearTimer                         
00004f61  Timer_A_configureContinuousMode            
00005221  Timer_A_disableCaptureCompareInterrupt     
00005555  Timer_A_disableInterrupt                   
00003ddd  Timer_A_generatePWM                        
00004945  Timer_A_getCounterValue                    
0000485f  Timer_A_initCompare                        
0000559d  Timer_A_startCounter                       
000055f1  Timer_A_stopTimer                          
200024c8  UART0Config                                
200024f0  UART2Config                                
20000800  UARTA0Data                                 
200019d8  UARTA0ReadIndex                            
200019dc  UARTA0WriteIndex                           
20001000  UARTA2Data                                 
200019e0  UARTA2ReadIndex                            
200019e4  UARTA2WriteIndex                           
00004991  UART_Available                             
00004abd  UART_Flush                                 
00002145  UART_Read                                  
00004ce5  UART_Write                                 
000042fd  UART_getEnabledInterruptStatus             
0000556d  UART_getInterruptStatus                    
00002029  UART_initModule                            
00005165  UART_receiveData                           
00000b33  UsageFault_Handler                         
4000480c  WDTCTL_SYM                                 
00000b33  WDT_A_IRQHandler                           
20001800  __CIOBUF_                                  
20010000  __STACK_END                                
00000200  __STACK_SIZE                               
00000800  __SYSMEM_SIZE                              
00005960  __TI_CINIT_Base                            
00005970  __TI_CINIT_Limit                           
00005948  __TI_Handler_Table_Base                    
00005954  __TI_Handler_Table_Limit                   
00004c1d  __TI_auto_init_nobinit_nopinit             
00004f95  __TI_cleanup                               
20002570  __TI_cleanup_ptr                           
00003e51  __TI_closefile                             
0000422d  __TI_decompress_lzss                       
0000566f  __TI_decompress_none                       
000049dd  __TI_doflush                               
20002574  __TI_dtors_ptr                             
20002578  __TI_enable_exit_profile_output            
20002560  __TI_ft_end                                
00004763  __TI_ltoa                                  
ffffffff  __TI_pprof_out_hndl                        
000000e5  __TI_printfi                               
ffffffff  __TI_prof_data_size                        
ffffffff  __TI_prof_data_start                       
00004fc9  __TI_readmsg                               
00000000  __TI_static_base__                         
20001920  __TI_tmpnams                               
00004e19  __TI_writemsg                              
00004429  __TI_wrt_ok                                
00005695  __TI_zero_init                             
00003965  __aeabi_cdcmpeq                            
00003965  __aeabi_cdcmple                            
000039eb  __aeabi_cdrcmple                           
00004013  __aeabi_d2f                                
00004b4d  __aeabi_d2iz                               
000015cb  __aeabi_dadd                               
00001ca1  __aeabi_ddiv                               
00002799  __aeabi_dmul                               
000015c1  __aeabi_dsub                               
000056a9  __aeabi_errno_addr                         
00004e89  __aeabi_f2d                                
000051c5  __aeabi_i2d                                
00001dd7  __aeabi_idiv0                              
00001dd7  __aeabi_ldiv0                              
00003c71  __aeabi_memclr                             
00003c71  __aeabi_memclr4                            
00003c71  __aeabi_memclr8                            
000034f5  __aeabi_memcpy                             
000034f5  __aeabi_memcpy4                            
000034f5  __aeabi_memcpy8                            
00003c73  __aeabi_memset                             
00003c73  __aeabi_memset4                            
00003c73  __aeabi_memset8                            
2000256c  __aeabi_stderr                             
20002564  __aeabi_stdin                              
20002568  __aeabi_stdout                             
00003591  __aeabi_uldivmod                           
ffffffff  __binit__                                  
ffffffff  __c_args__                                 
UNDEFED   __mpu_init                                 
2000fe00  __stack                                    
20000000  __start___llvm_prf_cnts                    
20000000  __stop___llvm_prf_cnts                     
00004ffd  _c_int00_noargs                            
000056c8  _ctypes_                                   
200022f0  _device                                    
20002200  _ftable                                    
2000257c  _lock                                      
00001777  _nop                                       
200023bc  _stream                                    
20001a00  _sys_memory                                
UNDEFED   _system_post_cinit                         
000056c1  _system_pre_init                           
20002580  _unlock                                    
000056c5  abort                                      
00002699  aligned_alloc                              
00004a29  atoi                                       
ffffffff  binit                                      
200023a1  blackTiles                                 
00002dd1  checkCommand                               
0000454d  close                                      
200023a3  commands                                   
00005824  contmConfig                                
00005521  copysign                                   
00005521  copysignl                                  
20002380  countTrigger                               
00001dd9  detectObstacle                             
200019e8  dist                                       
200019ec  distance                                   
2000248c  errno                                      
00004b05  exit                                       
00005195  finddevice                                 
000036b5  fputc                                      
0000225d  fputs                                      
00002981  free                                       
00004361  frexp                                      
00004361  frexpl                                     
000043c5  fseek                                      
00004e51  generatePWM                                
00002e9d  get_api                                    
00004c61  getdevice                                  
20002378  grid_pulse_left                            
2000237c  grid_pulse_right                           
2000244d  http_req_feedback_black                    
2000240c  http_req_feedback_obstacle                 
200023a8  http_req_size_dequeue                      
200023ac  http_req_size_feedback_black               
200023b4  http_req_size_feedback_black_obstacle      
200023b0  http_req_size_feedback_obstacle            
200023b8  http_req_size_getallcommands               
200023a4  http_req_size_getfirstcommand              
00002d01  init_line_tracker                          
000011a9  initiate_wifi                              
00000000  interruptVectors                           
200019fc  isTurning                                  
00002481  ldexp                                      
00002481  ldexpl                                     
200019f0  leftPIDOutput                              
20002368  leftcount                                  
00005341  lseek                                      
00003fa5  ltoa                                       
00002371  main                                       
000056b1  malloc                                     
00002699  memalign                                   
00005505  memccpy                                    
000054a9  memchr                                     
000034f5  memcpy                                     
00003c79  memset                                     
00004da1  moveBackward                               
000054c9  moveForward                                
00005031  moveLeftBackward                           
00005065  moveLeftFoward                             
00005099  moveRightBackward                          
000050cd  moveRightFoward                            
200023a2  obstacle                                   
200019cc  parmbuf                                    
00002a65  parseData                                  
200023a0  pooling                                    
00004295  printf                                     
20002390  pulseCountL                                
20002394  pulseCountR                                
20002384  pulseTrigger                               
200019f4  pulsetarget                                
000036b5  putc                                       
20002548  pwmConfig                                  
20002530  pwmConfig2                                 
0000524d  remove                                     
200019f8  rightPIDOutput                             
2000236c  rightcount                                 
00005369  rotate                                     
000057fc  samplePeriodforSpeed                       
00002481  scalbn                                     
00002481  scalbnl                                    
000033a9  setup_connection                           
00002c25  setvbuf                                    
20002388  speedL                                     
2000238c  speedR                                     
00004ddd  stop                                       
000030e5  stopTimer                                  
000055b3  strchr                                     
00005585  strcmp                                     
00005605  strcpy                                     
00005619  strlen                                     
00004ec1  strncpy                                    
00005101  strstr                                     
20002398  totalErrorLeft                             
2000239c  totalErrorRight                            
000047b9  turnleft                                   
00003741  turnright                                  
0000524d  unlink                                     
0000562d  wcslen                                     
00005391  write                                      


GLOBAL SYMBOLS: SORTED BY Symbol Address 

address   name                                       
-------   ----                                       
00000000  __TI_static_base__                         
00000000  interruptVectors                           
000000e5  __TI_printfi                               
00000200  __STACK_SIZE                               
00000800  __SYSMEM_SIZE                              
00000b33  ADC14_IRQHandler                           
00000b33  AES256_IRQHandler                          
00000b33  BusFault_Handler                           
00000b33  COMP_E0_IRQHandler                         
00000b33  COMP_E1_IRQHandler                         
00000b33  CS_IRQHandler                              
00000b33  DMA_ERR_IRQHandler                         
00000b33  DMA_INT0_IRQHandler                        
00000b33  DMA_INT1_IRQHandler                        
00000b33  DMA_INT2_IRQHandler                        
00000b33  DMA_INT3_IRQHandler                        
00000b33  DebugMon_Handler                           
00000b33  Default_Handler                            
00000b33  EUSCIA1_IRQHandler                         
00000b33  EUSCIA3_IRQHandler                         
00000b33  EUSCIB0_IRQHandler                         
00000b33  EUSCIB1_IRQHandler                         
00000b33  EUSCIB2_IRQHandler                         
00000b33  EUSCIB3_IRQHandler                         
00000b33  FLCTL_IRQHandler                           
00000b33  FPU_IRQHandler                             
00000b33  HardFault_Handler                          
00000b33  MemManage_Handler                          
00000b33  NMI_Handler                                
00000b33  PCM_IRQHandler                             
00000b33  PORT2_IRQHandler                           
00000b33  PORT4_IRQHandler                           
00000b33  PSS_IRQHandler                             
00000b33  PendSV_Handler                             
00000b33  RTC_C_IRQHandler                           
00000b33  SVC_Handler                                
00000b33  SysTick_Handler                            
00000b33  T32_INT1_IRQHandler                        
00000b33  T32_INT2_IRQHandler                        
00000b33  T32_INTC_IRQHandler                        
00000b33  TA0_0_IRQHandler                           
00000b33  TA0_N_IRQHandler                           
00000b33  TA1_0_IRQHandler                           
00000b33  TA1_N_IRQHandler                           
00000b33  TA2_0_IRQHandler                           
00000b33  TA2_N_IRQHandler                           
00000b33  TA3_N_IRQHandler                           
00000b33  UsageFault_Handler                         
00000b33  WDT_A_IRQHandler                           
00000b35  CarPID                                     
000011a9  initiate_wifi                              
000015c1  __aeabi_dsub                               
000015cb  __aeabi_dadd                               
00001777  _nop                                       
000018d5  PORT5_IRQHandler                           
000018d5  PORT5_IRQHandler                           
00001ca1  __aeabi_ddiv                               
00001dd7  __aeabi_idiv0                              
00001dd7  __aeabi_ldiv0                              
00001dd9  detectObstacle                             
00002029  UART_initModule                            
00002145  UART_Read                                  
0000225d  fputs                                      
00002371  main                                       
00002481  ldexp                                      
00002481  ldexpl                                     
00002481  scalbn                                     
00002481  scalbnl                                    
00002699  aligned_alloc                              
00002699  memalign                                   
00002799  __aeabi_dmul                               
00002895  Initalise_Enconder                         
00002981  free                                       
00002a65  parseData                                  
00002b49  PORT6_IRQHandler                           
00002b49  PORT6_IRQHandler                           
00002c25  setvbuf                                    
00002d01  init_line_tracker                          
00002dd1  checkCommand                               
00002e9d  get_api                                    
00002f69  ESP8266_EstablishConnection                
00003029  MSPrintf                                   
000030e5  stopTimer                                  
0000324d  ESP8266_SendData                           
000032fd  Initalise_Motor                            
000033a9  setup_connection                           
00003451  EUSCIA2_IRQHandler                         
00003451  EUSCIA2_IRQHandler                         
000034f5  __aeabi_memcpy                             
000034f5  __aeabi_memcpy4                            
000034f5  __aeabi_memcpy8                            
000034f5  memcpy                                     
00003591  __aeabi_uldivmod                           
00003627  PrintInteger                               
000036b5  fputc                                      
000036b5  putc                                       
00003741  turnright                                  
000037cd  EUSCIA0_IRQHandler                         
000037cd  EUSCIA0_IRQHandler                         
00003855  GPIO_setAsPeripheralModuleFunctionOutputPin
000038dd  Initalise_HCSR04_New                       
00003965  __aeabi_cdcmpeq                            
00003965  __aeabi_cdcmple                            
000039eb  __aeabi_cdrcmple                           
00003a71  GPIO_getEnabledInterruptStatus             
00003af5  ESP8266_EnableMultipleConnections          
00003b75  Interrupt_enableInterrupt                  
00003bf5  ESP8266_WaitForAnswer                      
00003c71  __aeabi_memclr                             
00003c71  __aeabi_memclr4                            
00003c71  __aeabi_memclr8                            
00003c73  __aeabi_memset                             
00003c73  __aeabi_memset4                            
00003c73  __aeabi_memset8                            
00003c79  memset                                     
00003ced  SystemInit                                 
00003d65  TA3_0_IRQHandler                           
00003d65  TA3_0_IRQHandler                           
00003ddd  Timer_A_generatePWM                        
00003e51  __TI_closefile                             
00003fa5  ltoa                                       
00004013  __aeabi_d2f                                
00004081  ESP8266_ConnectToAP                        
000040ed  HOSTrename                                 
00004159  PORT3_IRQHandler                           
00004159  PORT3_IRQHandler                           
000041c5  HOSTlseek                                  
0000422d  __TI_decompress_lzss                       
00004295  printf                                     
000042fd  UART_getEnabledInterruptStatus             
00004361  frexp                                      
00004361  frexpl                                     
000043c5  fseek                                      
00004429  __TI_wrt_ok                                
0000448d  HOSTopen                                   
000044ed  PCM_getCoreVoltageLevel                    
0000454d  close                                      
000045a9  PCM_getPowerMode                           
00004605  GPIO_setAsInputPinWithPullUpResistor       
0000465d  HOSTread                                   
000046b5  HOSTwrite                                  
00004763  __TI_ltoa                                  
000047b9  turnleft                                   
0000485f  Timer_A_initCompare                        
000048ad  ESP8266_CheckConnection                    
000048f9  GPIO_setAsInputPin                         
00004945  Timer_A_getCounterValue                    
00004991  UART_Available                             
000049dd  __TI_doflush                               
00004a29  atoi                                       
00004a75  FlashCtl_setWaitState                      
00004abd  UART_Flush                                 
00004b05  exit                                       
00004b4d  __aeabi_d2iz                               
00004b95  HOSTclose                                  
00004bd9  HOSTunlink                                 
00004c1d  __TI_auto_init_nobinit_nopinit             
00004c61  getdevice                                  
00004ca5  GPIO_setAsOutputPin                        
00004ce5  UART_Write                                 
00004d65  GPIO_interruptEdgeSelect                   
00004da1  moveBackward                               
00004ddd  stop                                       
00004e19  __TI_writemsg                              
00004e47  C$$IO$$                                    
00004e51  generatePWM                                
00004e89  __aeabi_f2d                                
00004ec1  strncpy                                    
00004ef9  CS_setDCOCenteredFrequency                 
00004f2d  PORT1_IRQHandler                           
00004f2d  PORT1_IRQHandler                           
00004f61  Timer_A_configureContinuousMode            
00004f95  __TI_cleanup                               
00004fc9  __TI_readmsg                               
00004ffd  _c_int00_noargs                            
00005031  moveLeftBackward                           
00005065  moveLeftFoward                             
00005099  moveRightBackward                          
000050cd  moveRightFoward                            
00005101  strstr                                     
00005135  GPIO_getInputPinValue                      
00005165  UART_receiveData                           
00005195  finddevice                                 
000051c5  __aeabi_i2d                                
000051f5  Timer_A_clearCaptureCompareInterrupt       
00005221  Timer_A_disableCaptureCompareInterrupt     
0000524d  remove                                     
0000524d  unlink                                     
00005279  GPIO_clearInterruptFlag                    
000052a1  GPIO_enableInterrupt                       
000052c9  GPIO_setOutputHighOnPin                    
000052f1  GPIO_setOutputLowOnPin                     
00005341  lseek                                      
00005369  rotate                                     
00005391  write                                      
000053b9  Delay                                      
000053dd  GPIO_getInterruptStatus                    
00005401  CS_Init                                    
00005423  ESP8266_HardReset                          
00005445  PrintString                                
00005469  GPIO_High                                  
00005489  GPIO_Low                                   
000054a9  memchr                                     
000054c9  moveForward                                
00005505  memccpy                                    
00005521  copysign                                   
00005521  copysignl                                  
0000553d  Timer_A_clearTimer                         
00005555  Timer_A_disableInterrupt                   
0000556d  UART_getInterruptStatus                    
00005585  strcmp                                     
0000559d  Timer_A_startCounter                       
000055b3  strchr                                     
000055c9  PCM_getPowerState                          
000055dd  PrintChar                                  
000055f1  Timer_A_stopTimer                          
00005605  strcpy                                     
00005619  strlen                                     
0000562d  wcslen                                     
0000563f  Interrupt_enableMaster                     
0000564f  PCM_setCoreVoltageLevel                    
0000565f  PCM_setPowerMode                           
0000566f  __TI_decompress_none                       
0000567d  CPU_cpsie                                  
00005689  Reset_Handler                              
00005695  __TI_zero_init                             
000056a1  ESP8266_GetBuffer                          
000056a9  __aeabi_errno_addr                         
000056b1  malloc                                     
000056c1  _system_pre_init                           
000056c5  C$$EXIT                                    
000056c5  abort                                      
000056c8  _ctypes_                                   
000057fc  samplePeriodforSpeed                       
00005814  CCR3Config                                 
00005824  contmConfig                                
00005948  __TI_Handler_Table_Base                    
00005954  __TI_Handler_Table_Limit                   
00005960  __TI_CINIT_Base                            
00005970  __TI_CINIT_Limit                           
20000000  ESP8266_Buffer                             
20000000  __start___llvm_prf_cnts                    
20000000  __stop___llvm_prf_cnts                     
20000800  UARTA0Data                                 
20001000  UARTA2Data                                 
20001800  __CIOBUF_                                  
20001920  __TI_tmpnams                               
200019cc  parmbuf                                    
200019d4  ESP8266_Data                               
200019d8  UARTA0ReadIndex                            
200019dc  UARTA0WriteIndex                           
200019e0  UARTA2ReadIndex                            
200019e4  UARTA2WriteIndex                           
200019e8  dist                                       
200019ec  distance                                   
200019f0  leftPIDOutput                              
200019f4  pulsetarget                                
200019f8  rightPIDOutput                             
200019fc  isTurning                                  
20001a00  _sys_memory                                
20002200  _ftable                                    
200022f0  _device                                    
20002368  leftcount                                  
2000236c  rightcount                                 
20002370  PWML                                       
20002374  PWMR                                       
20002378  grid_pulse_left                            
2000237c  grid_pulse_right                           
20002380  countTrigger                               
20002384  pulseTrigger                               
20002388  speedL                                     
2000238c  speedR                                     
20002390  pulseCountL                                
20002394  pulseCountR                                
20002398  totalErrorLeft                             
2000239c  totalErrorRight                            
200023a0  pooling                                    
200023a1  blackTiles                                 
200023a2  obstacle                                   
200023a3  commands                                   
200023a4  http_req_size_getfirstcommand              
200023a8  http_req_size_dequeue                      
200023ac  http_req_size_feedback_black               
200023b0  http_req_size_feedback_obstacle            
200023b4  http_req_size_feedback_black_obstacle      
200023b8  http_req_size_getallcommands               
200023bc  _stream                                    
2000240c  http_req_feedback_obstacle                 
2000244d  http_req_feedback_black                    
2000248c  errno                                      
200024c8  UART0Config                                
200024f0  UART2Config                                
20002530  pwmConfig2                                 
20002548  pwmConfig                                  
20002560  __TI_ft_end                                
20002564  __aeabi_stdin                              
20002568  __aeabi_stdout                             
2000256c  __aeabi_stderr                             
20002570  __TI_cleanup_ptr                           
20002574  __TI_dtors_ptr                             
20002578  __TI_enable_exit_profile_output            
2000257c  _lock                                      
20002580  _unlock                                    
2000fe00  __stack                                    
20010000  __STACK_END                                
4000480c  WDTCTL_SYM                                 
ffffffff  __TI_pprof_out_hndl                        
ffffffff  __TI_prof_data_size                        
ffffffff  __TI_prof_data_start                       
ffffffff  __binit__                                  
ffffffff  __c_args__                                 
ffffffff  binit                                      
UNDEFED   __mpu_init                                 
UNDEFED   _system_post_cinit                         

[314 symbols]
