<?xml version="1.0" encoding="ISO-8859-1" ?>
<link_info>
   <banner>TI ARM Linker PC v20.2.4.LTS</banner>
   <copyright>Copyright (c) 1996-2018 Texas Instruments Incorporated</copyright>
   <link_time>0x61b2617c</link_time>
   <link_errors>0x0</link_errors>
   <output_file>ProjectFINAL.out</output_file>
   <entry_point>
      <name>_c_int00_noargs</name>
      <address>0x52bd</address>
   </entry_point>
   <input_file_list>
      <input_file id="fl-2">
         <path>.\</path>
         <kind>object</kind>
         <file>main.obj</file>
         <name>main.obj</name>
      </input_file>
      <input_file id="fl-3">
         <path>.\</path>
         <kind>object</kind>
         <file>system_msp432p401r.obj</file>
         <name>system_msp432p401r.obj</name>
      </input_file>
      <input_file id="fl-4">
         <path>.\Devices\</path>
         <kind>object</kind>
         <file>ESP8266.obj</file>
         <name>ESP8266.obj</name>
      </input_file>
      <input_file id="fl-5">
         <path>.\Devices\</path>
         <kind>object</kind>
         <file>MSPIO.obj</file>
         <name>MSPIO.obj</name>
      </input_file>
      <input_file id="fl-6">
         <path>.\Devices\</path>
         <kind>object</kind>
         <file>buzzer.obj</file>
         <name>buzzer.obj</name>
      </input_file>
      <input_file id="fl-7">
         <path>.\Hardware\</path>
         <kind>object</kind>
         <file>CS_Driver.obj</file>
         <name>CS_Driver.obj</name>
      </input_file>
      <input_file id="fl-8">
         <path>.\Hardware\</path>
         <kind>object</kind>
         <file>GPIO_Driver.obj</file>
         <name>GPIO_Driver.obj</name>
      </input_file>
      <input_file id="fl-9">
         <path>.\Hardware\</path>
         <kind>object</kind>
         <file>UART_Driver.obj</file>
         <name>UART_Driver.obj</name>
      </input_file>
      <input_file id="fl-a">
         <path>.\Motor\</path>
         <kind>object</kind>
         <file>Motor.obj</file>
         <name>Motor.obj</name>
      </input_file>
      <input_file id="fl-b">
         <path>.\Sensor\</path>
         <kind>object</kind>
         <file>Linetracker.obj</file>
         <name>Linetracker.obj</name>
      </input_file>
      <input_file id="fl-c">
         <path>.\Sensor\</path>
         <kind>object</kind>
         <file>Ultrasonic.obj</file>
         <name>Ultrasonic.obj</name>
      </input_file>
      <input_file id="fl-d">
         <path>.\Sensor\</path>
         <kind>object</kind>
         <file>encoder.obj</file>
         <name>encoder.obj</name>
      </input_file>
      <input_file id="fl-e">
         <path>.\Sensor\</path>
         <kind>object</kind>
         <file>init_Ultrasonic.obj</file>
         <name>init_Ultrasonic.obj</name>
      </input_file>
      <input_file id="fl-f">
         <path>.\Wifi\</path>
         <kind>object</kind>
         <file>Wifi.obj</file>
         <name>Wifi.obj</name>
      </input_file>
      <input_file id="fl-10">
         <path>.\ccs\</path>
         <kind>object</kind>
         <file>startup_msp432p401r_ccs.obj</file>
         <name>startup_msp432p401r_ccs.obj</name>
      </input_file>
      <input_file id="fl-1a">
         <kind>object</kind>
         <file>&lt;internal&gt;</file>
         <name>&lt;internal&gt;</name>
      </input_file>
      <input_file id="fl-1b">
         <path>C:\ti\simplelink_msp432p4_sdk_3_40_01_02\source\ti\devices\msp432p4xx\driverlib\ccs\</path>
         <kind>archive</kind>
         <file>msp432p4xx_driverlib.lib</file>
         <name>cs.o</name>
      </input_file>
      <input_file id="fl-1c">
         <path>C:\ti\simplelink_msp432p4_sdk_3_40_01_02\source\ti\devices\msp432p4xx\driverlib\ccs\</path>
         <kind>archive</kind>
         <file>msp432p4xx_driverlib.lib</file>
         <name>flash.o</name>
      </input_file>
      <input_file id="fl-1d">
         <path>C:\ti\simplelink_msp432p4_sdk_3_40_01_02\source\ti\devices\msp432p4xx\driverlib\ccs\</path>
         <kind>archive</kind>
         <file>msp432p4xx_driverlib.lib</file>
         <name>gpio.o</name>
      </input_file>
      <input_file id="fl-1e">
         <path>C:\ti\simplelink_msp432p4_sdk_3_40_01_02\source\ti\devices\msp432p4xx\driverlib\ccs\</path>
         <kind>archive</kind>
         <file>msp432p4xx_driverlib.lib</file>
         <name>interrupt.o</name>
      </input_file>
      <input_file id="fl-1f">
         <path>C:\ti\simplelink_msp432p4_sdk_3_40_01_02\source\ti\devices\msp432p4xx\driverlib\ccs\</path>
         <kind>archive</kind>
         <file>msp432p4xx_driverlib.lib</file>
         <name>pcm.o</name>
      </input_file>
      <input_file id="fl-20">
         <path>C:\ti\simplelink_msp432p4_sdk_3_40_01_02\source\ti\devices\msp432p4xx\driverlib\ccs\</path>
         <kind>archive</kind>
         <file>msp432p4xx_driverlib.lib</file>
         <name>rtc_c.o</name>
      </input_file>
      <input_file id="fl-21">
         <path>C:\ti\simplelink_msp432p4_sdk_3_40_01_02\source\ti\devices\msp432p4xx\driverlib\ccs\</path>
         <kind>archive</kind>
         <file>msp432p4xx_driverlib.lib</file>
         <name>sysctl.o</name>
      </input_file>
      <input_file id="fl-22">
         <path>C:\ti\simplelink_msp432p4_sdk_3_40_01_02\source\ti\devices\msp432p4xx\driverlib\ccs\</path>
         <kind>archive</kind>
         <file>msp432p4xx_driverlib.lib</file>
         <name>sysctl_a.o</name>
      </input_file>
      <input_file id="fl-23">
         <path>C:\ti\simplelink_msp432p4_sdk_3_40_01_02\source\ti\devices\msp432p4xx\driverlib\ccs\</path>
         <kind>archive</kind>
         <file>msp432p4xx_driverlib.lib</file>
         <name>timer_a.o</name>
      </input_file>
      <input_file id="fl-24">
         <path>C:\ti\simplelink_msp432p4_sdk_3_40_01_02\source\ti\devices\msp432p4xx\driverlib\ccs\</path>
         <kind>archive</kind>
         <file>msp432p4xx_driverlib.lib</file>
         <name>uart.o</name>
      </input_file>
      <input_file id="fl-25">
         <path>C:\ti\simplelink_msp432p4_sdk_3_40_01_02\source\ti\devices\msp432p4xx\driverlib\ccs\</path>
         <kind>archive</kind>
         <file>msp432p4xx_driverlib.lib</file>
         <name>wdt_a.o</name>
      </input_file>
      <input_file id="fl-26">
         <path>C:\ti\simplelink_msp432p4_sdk_3_40_01_02\source\ti\devices\msp432p4xx\driverlib\ccs\</path>
         <kind>archive</kind>
         <file>msp432p4xx_driverlib.lib</file>
         <name>cpu.o</name>
      </input_file>
      <input_file id="fl-dc">
         <path>C:\ti\ti-cgt-arm_20.2.4.LTS\lib\</path>
         <kind>archive</kind>
         <file>rtsv7M4_T_le_v4SPD16_eabi.lib</file>
         <name>printf.c.obj</name>
      </input_file>
      <input_file id="fl-dd">
         <path>C:\ti\ti-cgt-arm_20.2.4.LTS\lib\</path>
         <kind>archive</kind>
         <file>rtsv7M4_T_le_v4SPD16_eabi.lib</file>
         <name>_printfi.c.obj</name>
      </input_file>
      <input_file id="fl-de">
         <path>C:\ti\ti-cgt-arm_20.2.4.LTS\lib\</path>
         <kind>archive</kind>
         <file>rtsv7M4_T_le_v4SPD16_eabi.lib</file>
         <name>sprintf.c.obj</name>
      </input_file>
      <input_file id="fl-df">
         <path>C:\ti\ti-cgt-arm_20.2.4.LTS\lib\</path>
         <kind>archive</kind>
         <file>rtsv7M4_T_le_v4SPD16_eabi.lib</file>
         <name>fputc.c.obj</name>
      </input_file>
      <input_file id="fl-e0">
         <path>C:\ti\ti-cgt-arm_20.2.4.LTS\lib\</path>
         <kind>archive</kind>
         <file>rtsv7M4_T_le_v4SPD16_eabi.lib</file>
         <name>fputs.c.obj</name>
      </input_file>
      <input_file id="fl-e1">
         <path>C:\ti\ti-cgt-arm_20.2.4.LTS\lib\</path>
         <kind>archive</kind>
         <file>rtsv7M4_T_le_v4SPD16_eabi.lib</file>
         <name>_io_perm.c.obj</name>
      </input_file>
      <input_file id="fl-e2">
         <path>C:\ti\ti-cgt-arm_20.2.4.LTS\lib\</path>
         <kind>archive</kind>
         <file>rtsv7M4_T_le_v4SPD16_eabi.lib</file>
         <name>setvbuf.c.obj</name>
      </input_file>
      <input_file id="fl-e3">
         <path>C:\ti\ti-cgt-arm_20.2.4.LTS\lib\</path>
         <kind>archive</kind>
         <file>rtsv7M4_T_le_v4SPD16_eabi.lib</file>
         <name>s_frexp.c.obj</name>
      </input_file>
      <input_file id="fl-e4">
         <path>C:\ti\ti-cgt-arm_20.2.4.LTS\lib\</path>
         <kind>archive</kind>
         <file>rtsv7M4_T_le_v4SPD16_eabi.lib</file>
         <name>s_scalbn.c.obj</name>
      </input_file>
      <input_file id="fl-e5">
         <path>C:\ti\ti-cgt-arm_20.2.4.LTS\lib\</path>
         <kind>archive</kind>
         <file>rtsv7M4_T_le_v4SPD16_eabi.lib</file>
         <name>s_copysign.c.obj</name>
      </input_file>
      <input_file id="fl-e6">
         <path>C:\ti\ti-cgt-arm_20.2.4.LTS\lib\</path>
         <kind>archive</kind>
         <file>rtsv7M4_T_le_v4SPD16_eabi.lib</file>
         <name>ull_div_t2.asm.obj</name>
      </input_file>
      <input_file id="fl-e7">
         <path>C:\ti\ti-cgt-arm_20.2.4.LTS\lib\</path>
         <kind>archive</kind>
         <file>rtsv7M4_T_le_v4SPD16_eabi.lib</file>
         <name>memset_t2.asm.obj</name>
      </input_file>
      <input_file id="fl-e8">
         <path>C:\ti\ti-cgt-arm_20.2.4.LTS\lib\</path>
         <kind>archive</kind>
         <file>rtsv7M4_T_le_v4SPD16_eabi.lib</file>
         <name>fd_add_t2.asm.obj</name>
      </input_file>
      <input_file id="fl-e9">
         <path>C:\ti\ti-cgt-arm_20.2.4.LTS\lib\</path>
         <kind>archive</kind>
         <file>rtsv7M4_T_le_v4SPD16_eabi.lib</file>
         <name>fd_cmp_t2.asm.obj</name>
      </input_file>
      <input_file id="fl-ea">
         <path>C:\ti\ti-cgt-arm_20.2.4.LTS\lib\</path>
         <kind>archive</kind>
         <file>rtsv7M4_T_le_v4SPD16_eabi.lib</file>
         <name>fd_div_t2.asm.obj</name>
      </input_file>
      <input_file id="fl-eb">
         <path>C:\ti\ti-cgt-arm_20.2.4.LTS\lib\</path>
         <kind>archive</kind>
         <file>rtsv7M4_T_le_v4SPD16_eabi.lib</file>
         <name>fd_mul_t2.asm.obj</name>
      </input_file>
      <input_file id="fl-ec">
         <path>C:\ti\ti-cgt-arm_20.2.4.LTS\lib\</path>
         <kind>archive</kind>
         <file>rtsv7M4_T_le_v4SPD16_eabi.lib</file>
         <name>fd_toi_t2.asm.obj</name>
      </input_file>
      <input_file id="fl-ed">
         <path>C:\ti\ti-cgt-arm_20.2.4.LTS\lib\</path>
         <kind>archive</kind>
         <file>rtsv7M4_T_le_v4SPD16_eabi.lib</file>
         <name>fd_tos_t2.asm.obj</name>
      </input_file>
      <input_file id="fl-ee">
         <path>C:\ti\ti-cgt-arm_20.2.4.LTS\lib\</path>
         <kind>archive</kind>
         <file>rtsv7M4_T_le_v4SPD16_eabi.lib</file>
         <name>fs_tod_t2.asm.obj</name>
      </input_file>
      <input_file id="fl-ef">
         <path>C:\ti\ti-cgt-arm_20.2.4.LTS\lib\</path>
         <kind>archive</kind>
         <file>rtsv7M4_T_le_v4SPD16_eabi.lib</file>
         <name>i_tofd_t2.asm.obj</name>
      </input_file>
      <input_file id="fl-f0">
         <path>C:\ti\ti-cgt-arm_20.2.4.LTS\lib\</path>
         <kind>archive</kind>
         <file>rtsv7M4_T_le_v4SPD16_eabi.lib</file>
         <name>memcpy_t2.asm.obj</name>
      </input_file>
      <input_file id="fl-f1">
         <path>C:\ti\ti-cgt-arm_20.2.4.LTS\lib\</path>
         <kind>archive</kind>
         <file>rtsv7M4_T_le_v4SPD16_eabi.lib</file>
         <name>copy_zero_init.c.obj</name>
      </input_file>
      <input_file id="fl-f2">
         <path>C:\ti\ti-cgt-arm_20.2.4.LTS\lib\</path>
         <kind>archive</kind>
         <file>rtsv7M4_T_le_v4SPD16_eabi.lib</file>
         <name>copy_decompress_none.c.obj</name>
      </input_file>
      <input_file id="fl-f3">
         <path>C:\ti\ti-cgt-arm_20.2.4.LTS\lib\</path>
         <kind>archive</kind>
         <file>rtsv7M4_T_le_v4SPD16_eabi.lib</file>
         <name>copy_decompress_lzss.c.obj</name>
      </input_file>
      <input_file id="fl-f4">
         <path>C:\ti\ti-cgt-arm_20.2.4.LTS\lib\</path>
         <kind>archive</kind>
         <file>rtsv7M4_T_le_v4SPD16_eabi.lib</file>
         <name>exit.c.obj</name>
      </input_file>
      <input_file id="fl-f5">
         <path>C:\ti\ti-cgt-arm_20.2.4.LTS\lib\</path>
         <kind>archive</kind>
         <file>rtsv7M4_T_le_v4SPD16_eabi.lib</file>
         <name>_lock.c.obj</name>
      </input_file>
      <input_file id="fl-f6">
         <path>C:\ti\ti-cgt-arm_20.2.4.LTS\lib\</path>
         <kind>archive</kind>
         <file>rtsv7M4_T_le_v4SPD16_eabi.lib</file>
         <name>_ltoa.c.obj</name>
      </input_file>
      <input_file id="fl-f7">
         <path>C:\ti\ti-cgt-arm_20.2.4.LTS\lib\</path>
         <kind>archive</kind>
         <file>rtsv7M4_T_le_v4SPD16_eabi.lib</file>
         <name>atoi.c.obj</name>
      </input_file>
      <input_file id="fl-f8">
         <path>C:\ti\ti-cgt-arm_20.2.4.LTS\lib\</path>
         <kind>archive</kind>
         <file>rtsv7M4_T_le_v4SPD16_eabi.lib</file>
         <name>ctype.c.obj</name>
      </input_file>
      <input_file id="fl-f9">
         <path>C:\ti\ti-cgt-arm_20.2.4.LTS\lib\</path>
         <kind>archive</kind>
         <file>rtsv7M4_T_le_v4SPD16_eabi.lib</file>
         <name>defs.c.obj</name>
      </input_file>
      <input_file id="fl-fa">
         <path>C:\ti\ti-cgt-arm_20.2.4.LTS\lib\</path>
         <kind>archive</kind>
         <file>rtsv7M4_T_le_v4SPD16_eabi.lib</file>
         <name>ltoa.c.obj</name>
      </input_file>
      <input_file id="fl-fb">
         <path>C:\ti\ti-cgt-arm_20.2.4.LTS\lib\</path>
         <kind>archive</kind>
         <file>rtsv7M4_T_le_v4SPD16_eabi.lib</file>
         <name>memccpy.c.obj</name>
      </input_file>
      <input_file id="fl-fc">
         <path>C:\ti\ti-cgt-arm_20.2.4.LTS\lib\</path>
         <kind>archive</kind>
         <file>rtsv7M4_T_le_v4SPD16_eabi.lib</file>
         <name>memchr.c.obj</name>
      </input_file>
      <input_file id="fl-fd">
         <path>C:\ti\ti-cgt-arm_20.2.4.LTS\lib\</path>
         <kind>archive</kind>
         <file>rtsv7M4_T_le_v4SPD16_eabi.lib</file>
         <name>memory.c.obj</name>
      </input_file>
      <input_file id="fl-fe">
         <path>C:\ti\ti-cgt-arm_20.2.4.LTS\lib\</path>
         <kind>archive</kind>
         <file>rtsv7M4_T_le_v4SPD16_eabi.lib</file>
         <name>strchr.c.obj</name>
      </input_file>
      <input_file id="fl-ff">
         <path>C:\ti\ti-cgt-arm_20.2.4.LTS\lib\</path>
         <kind>archive</kind>
         <file>rtsv7M4_T_le_v4SPD16_eabi.lib</file>
         <name>strcmp.c.obj</name>
      </input_file>
      <input_file id="fl-100">
         <path>C:\ti\ti-cgt-arm_20.2.4.LTS\lib\</path>
         <kind>archive</kind>
         <file>rtsv7M4_T_le_v4SPD16_eabi.lib</file>
         <name>strcpy.c.obj</name>
      </input_file>
      <input_file id="fl-101">
         <path>C:\ti\ti-cgt-arm_20.2.4.LTS\lib\</path>
         <kind>archive</kind>
         <file>rtsv7M4_T_le_v4SPD16_eabi.lib</file>
         <name>strlen.c.obj</name>
      </input_file>
      <input_file id="fl-102">
         <path>C:\ti\ti-cgt-arm_20.2.4.LTS\lib\</path>
         <kind>archive</kind>
         <file>rtsv7M4_T_le_v4SPD16_eabi.lib</file>
         <name>strstr.c.obj</name>
      </input_file>
      <input_file id="fl-103">
         <path>C:\ti\ti-cgt-arm_20.2.4.LTS\lib\</path>
         <kind>archive</kind>
         <file>rtsv7M4_T_le_v4SPD16_eabi.lib</file>
         <name>errno.c.obj</name>
      </input_file>
      <input_file id="fl-104">
         <path>C:\ti\ti-cgt-arm_20.2.4.LTS\lib\</path>
         <kind>archive</kind>
         <file>rtsv7M4_T_le_v4SPD16_eabi.lib</file>
         <name>boot_cortex_m.c.obj</name>
      </input_file>
      <input_file id="fl-105">
         <path>C:\ti\ti-cgt-arm_20.2.4.LTS\lib\</path>
         <kind>archive</kind>
         <file>rtsv7M4_T_le_v4SPD16_eabi.lib</file>
         <name>write.c.obj</name>
      </input_file>
      <input_file id="fl-106">
         <path>C:\ti\ti-cgt-arm_20.2.4.LTS\lib\</path>
         <kind>archive</kind>
         <file>rtsv7M4_T_le_v4SPD16_eabi.lib</file>
         <name>host_device.c.obj</name>
      </input_file>
      <input_file id="fl-107">
         <path>C:\ti\ti-cgt-arm_20.2.4.LTS\lib\</path>
         <kind>archive</kind>
         <file>rtsv7M4_T_le_v4SPD16_eabi.lib</file>
         <name>wcslen.c.obj</name>
      </input_file>
      <input_file id="fl-108">
         <path>C:\ti\ti-cgt-arm_20.2.4.LTS\lib\</path>
         <kind>archive</kind>
         <file>rtsv7M4_T_le_v4SPD16_eabi.lib</file>
         <name>fflush.c.obj</name>
      </input_file>
      <input_file id="fl-109">
         <path>C:\ti\ti-cgt-arm_20.2.4.LTS\lib\</path>
         <kind>archive</kind>
         <file>rtsv7M4_T_le_v4SPD16_eabi.lib</file>
         <name>fopen.c.obj</name>
      </input_file>
      <input_file id="fl-10a">
         <path>C:\ti\ti-cgt-arm_20.2.4.LTS\lib\</path>
         <kind>archive</kind>
         <file>rtsv7M4_T_le_v4SPD16_eabi.lib</file>
         <name>fseek.c.obj</name>
      </input_file>
      <input_file id="fl-10b">
         <path>C:\ti\ti-cgt-arm_20.2.4.LTS\lib\</path>
         <kind>archive</kind>
         <file>rtsv7M4_T_le_v4SPD16_eabi.lib</file>
         <name>div0.asm.obj</name>
      </input_file>
      <input_file id="fl-10c">
         <path>C:\ti\ti-cgt-arm_20.2.4.LTS\lib\</path>
         <kind>archive</kind>
         <file>rtsv7M4_T_le_v4SPD16_eabi.lib</file>
         <name>autoinit.c.obj</name>
      </input_file>
      <input_file id="fl-10d">
         <path>C:\ti\ti-cgt-arm_20.2.4.LTS\lib\</path>
         <kind>archive</kind>
         <file>rtsv7M4_T_le_v4SPD16_eabi.lib</file>
         <name>pre_init.c.obj</name>
      </input_file>
      <input_file id="fl-10e">
         <path>C:\ti\ti-cgt-arm_20.2.4.LTS\lib\</path>
         <kind>archive</kind>
         <file>rtsv7M4_T_le_v4SPD16_eabi.lib</file>
         <name>cpy_tbl.c.obj</name>
      </input_file>
      <input_file id="fl-10f">
         <path>C:\ti\ti-cgt-arm_20.2.4.LTS\lib\</path>
         <kind>archive</kind>
         <file>rtsv7M4_T_le_v4SPD16_eabi.lib</file>
         <name>args_main.c.obj</name>
      </input_file>
      <input_file id="fl-110">
         <path>C:\ti\ti-cgt-arm_20.2.4.LTS\lib\</path>
         <kind>archive</kind>
         <file>rtsv7M4_T_le_v4SPD16_eabi.lib</file>
         <name>hostclose.c.obj</name>
      </input_file>
      <input_file id="fl-111">
         <path>C:\ti\ti-cgt-arm_20.2.4.LTS\lib\</path>
         <kind>archive</kind>
         <file>rtsv7M4_T_le_v4SPD16_eabi.lib</file>
         <name>hostlseek.c.obj</name>
      </input_file>
      <input_file id="fl-112">
         <path>C:\ti\ti-cgt-arm_20.2.4.LTS\lib\</path>
         <kind>archive</kind>
         <file>rtsv7M4_T_le_v4SPD16_eabi.lib</file>
         <name>hostopen.c.obj</name>
      </input_file>
      <input_file id="fl-113">
         <path>C:\ti\ti-cgt-arm_20.2.4.LTS\lib\</path>
         <kind>archive</kind>
         <file>rtsv7M4_T_le_v4SPD16_eabi.lib</file>
         <name>hostread.c.obj</name>
      </input_file>
      <input_file id="fl-114">
         <path>C:\ti\ti-cgt-arm_20.2.4.LTS\lib\</path>
         <kind>archive</kind>
         <file>rtsv7M4_T_le_v4SPD16_eabi.lib</file>
         <name>hostrename.c.obj</name>
      </input_file>
      <input_file id="fl-115">
         <path>C:\ti\ti-cgt-arm_20.2.4.LTS\lib\</path>
         <kind>archive</kind>
         <file>rtsv7M4_T_le_v4SPD16_eabi.lib</file>
         <name>hostunlink.c.obj</name>
      </input_file>
      <input_file id="fl-116">
         <path>C:\ti\ti-cgt-arm_20.2.4.LTS\lib\</path>
         <kind>archive</kind>
         <file>rtsv7M4_T_le_v4SPD16_eabi.lib</file>
         <name>hostwrite.c.obj</name>
      </input_file>
      <input_file id="fl-117">
         <path>C:\ti\ti-cgt-arm_20.2.4.LTS\lib\</path>
         <kind>archive</kind>
         <file>rtsv7M4_T_le_v4SPD16_eabi.lib</file>
         <name>trgmsg.c.obj</name>
      </input_file>
      <input_file id="fl-118">
         <path>C:\ti\ti-cgt-arm_20.2.4.LTS\lib\</path>
         <kind>archive</kind>
         <file>rtsv7M4_T_le_v4SPD16_eabi.lib</file>
         <name>open.c.obj</name>
      </input_file>
      <input_file id="fl-119">
         <path>C:\ti\ti-cgt-arm_20.2.4.LTS\lib\</path>
         <kind>archive</kind>
         <file>rtsv7M4_T_le_v4SPD16_eabi.lib</file>
         <name>lseek.c.obj</name>
      </input_file>
      <input_file id="fl-11a">
         <path>C:\ti\ti-cgt-arm_20.2.4.LTS\lib\</path>
         <kind>archive</kind>
         <file>rtsv7M4_T_le_v4SPD16_eabi.lib</file>
         <name>fclose.c.obj</name>
      </input_file>
      <input_file id="fl-11b">
         <path>C:\ti\ti-cgt-arm_20.2.4.LTS\lib\</path>
         <kind>archive</kind>
         <file>rtsv7M4_T_le_v4SPD16_eabi.lib</file>
         <name>getdevice.c.obj</name>
      </input_file>
      <input_file id="fl-11c">
         <path>C:\ti\ti-cgt-arm_20.2.4.LTS\lib\</path>
         <kind>archive</kind>
         <file>rtsv7M4_T_le_v4SPD16_eabi.lib</file>
         <name>strncpy.c.obj</name>
      </input_file>
      <input_file id="fl-11d">
         <path>C:\ti\ti-cgt-arm_20.2.4.LTS\lib\</path>
         <kind>archive</kind>
         <file>rtsv7M4_T_le_v4SPD16_eabi.lib</file>
         <name>remove.c.obj</name>
      </input_file>
      <input_file id="fl-11e">
         <path>C:\ti\ti-cgt-arm_20.2.4.LTS\lib\</path>
         <kind>archive</kind>
         <file>rtsv7M4_T_le_v4SPD16_eabi.lib</file>
         <name>close.c.obj</name>
      </input_file>
      <input_file id="fl-11f">
         <path>C:\ti\ti-cgt-arm_20.2.4.LTS\lib\</path>
         <kind>archive</kind>
         <file>rtsv7M4_T_le_v4SPD16_eabi.lib</file>
         <name>unlink.c.obj</name>
      </input_file>
   </input_file_list>
   <object_component_list>
      <object_component id="oc-26">
         <name>.intvecs:retain</name>
         <load_address>0x0</load_address>
         <run_address>0x0</run_address>
         <size>0xe4</size>
         <input_file_ref idref="fl-10"/>
      </object_component>
      <object_component id="oc-235">
         <name>.text:__TI_printfi</name>
         <load_address>0xe4</load_address>
         <run_address>0xe4</run_address>
         <size>0xa4e</size>
         <input_file_ref idref="fl-dd"/>
      </object_component>
      <object_component id="oc-70">
         <name>.text:Default_Handler</name>
         <load_address>0xb32</load_address>
         <run_address>0xb32</run_address>
         <size>0x2</size>
         <input_file_ref idref="fl-10"/>
      </object_component>
      <object_component id="oc-159">
         <name>.text:CarPID</name>
         <load_address>0xb34</load_address>
         <run_address>0xb34</run_address>
         <size>0x404</size>
         <input_file_ref idref="fl-a"/>
      </object_component>
      <object_component id="oc-ca">
         <name>.text:main</name>
         <load_address>0xf38</load_address>
         <run_address>0xf38</run_address>
         <size>0x2a0</size>
         <input_file_ref idref="fl-2"/>
      </object_component>
      <object_component id="oc-402">
         <name>.text:_pconv_a</name>
         <load_address>0x11d8</load_address>
         <run_address>0x11d8</run_address>
         <size>0x270</size>
         <input_file_ref idref="fl-dd"/>
      </object_component>
      <object_component id="oc-1c3">
         <name>.text:initiate_wifi</name>
         <load_address>0x1448</load_address>
         <run_address>0x1448</run_address>
         <size>0x26c</size>
         <input_file_ref idref="fl-f"/>
      </object_component>
      <object_component id="oc-3f0">
         <name>.text:_pconv_g</name>
         <load_address>0x16b4</load_address>
         <run_address>0x16b4</run_address>
         <size>0x1d0</size>
         <input_file_ref idref="fl-dd"/>
      </object_component>
      <object_component id="oc-ee">
         <name>.text</name>
         <load_address>0x1884</load_address>
         <run_address>0x1884</run_address>
         <size>0x1b6</size>
         <input_file_ref idref="fl-e8"/>
      </object_component>
      <object_component id="oc-426">
         <name>.text:_nop</name>
         <load_address>0x1a3a</load_address>
         <run_address>0x1a3a</run_address>
         <size>0x2</size>
         <input_file_ref idref="fl-f5"/>
      </object_component>
      <object_component id="oc-70c">
         <name>.text:__PCM_setPowerModeAdvanced</name>
         <load_address>0x1a3c</load_address>
         <run_address>0x1a3c</run_address>
         <size>0x15c</size>
         <input_file_ref idref="fl-1f"/>
      </object_component>
      <object_component id="oc-94">
         <name>.text:PORT5_IRQHandler</name>
         <load_address>0x1b98</load_address>
         <run_address>0x1b98</run_address>
         <size>0x14c</size>
         <input_file_ref idref="fl-d"/>
      </object_component>
      <object_component id="oc-47d">
         <name>.text:privateTimer_AProcessClockSourceDivider</name>
         <load_address>0x1ce4</load_address>
         <run_address>0x1ce4</run_address>
         <size>0x144</size>
         <input_file_ref idref="fl-23"/>
      </object_component>
      <object_component id="oc-3fc">
         <name>.text:_pconv_e</name>
         <load_address>0x1e28</load_address>
         <run_address>0x1e28</run_address>
         <size>0x13c</size>
         <input_file_ref idref="fl-dd"/>
      </object_component>
      <object_component id="oc-e9">
         <name>.text</name>
         <load_address>0x1f64</load_address>
         <run_address>0x1f64</run_address>
         <size>0x136</size>
         <input_file_ref idref="fl-ea"/>
      </object_component>
      <object_component id="oc-64a">
         <name>.text</name>
         <load_address>0x209a</load_address>
         <run_address>0x209a</run_address>
         <size>0x2</size>
         <input_file_ref idref="fl-10b"/>
      </object_component>
      <object_component id="oc-563">
         <name>.text:fcvt</name>
         <load_address>0x209c</load_address>
         <run_address>0x209c</run_address>
         <size>0x124</size>
         <input_file_ref idref="fl-dd"/>
      </object_component>
      <object_component id="oc-341">
         <name>.text:UART_initModule</name>
         <load_address>0x21c0</load_address>
         <run_address>0x21c0</run_address>
         <size>0x11c</size>
         <input_file_ref idref="fl-24"/>
      </object_component>
      <object_component id="oc-60c">
         <name>.text:UART_Read</name>
         <load_address>0x22dc</load_address>
         <run_address>0x22dc</run_address>
         <size>0x118</size>
         <input_file_ref idref="fl-9"/>
      </object_component>
      <object_component id="oc-76">
         <name>.text:TA3_0_IRQHandler</name>
         <load_address>0x23f4</load_address>
         <run_address>0x23f4</run_address>
         <size>0x114</size>
         <input_file_ref idref="fl-d"/>
      </object_component>
      <object_component id="oc-434">
         <name>.text:fputs</name>
         <load_address>0x2508</load_address>
         <run_address>0x2508</run_address>
         <size>0x114</size>
         <input_file_ref idref="fl-e0"/>
      </object_component>
      <object_component id="oc-14c">
         <name>.text:detectObstacle</name>
         <load_address>0x261c</load_address>
         <run_address>0x261c</run_address>
         <size>0x110</size>
         <input_file_ref idref="fl-c"/>
      </object_component>
      <object_component id="oc-577">
         <name>.text:scalbn</name>
         <load_address>0x272c</load_address>
         <run_address>0x272c</run_address>
         <size>0x110</size>
         <input_file_ref idref="fl-e4"/>
      </object_component>
      <object_component id="oc-5ed">
         <name>.text:__PCM_setCoreVoltageLevelAdvanced</name>
         <load_address>0x283c</load_address>
         <run_address>0x283c</run_address>
         <size>0x108</size>
         <input_file_ref idref="fl-1f"/>
      </object_component>
      <object_component id="oc-50d">
         <name>.text:aligned_alloc</name>
         <load_address>0x2944</load_address>
         <run_address>0x2944</run_address>
         <size>0x100</size>
         <input_file_ref idref="fl-fd"/>
      </object_component>
      <object_component id="oc-2b3">
         <name>.text</name>
         <load_address>0x2a44</load_address>
         <run_address>0x2a44</run_address>
         <size>0xfc</size>
         <input_file_ref idref="fl-eb"/>
      </object_component>
      <object_component id="oc-1a5">
         <name>.text:Initalise_Enconder</name>
         <load_address>0x2b40</load_address>
         <run_address>0x2b40</run_address>
         <size>0xec</size>
         <input_file_ref idref="fl-d"/>
      </object_component>
      <object_component id="oc-6de">
         <name>.text:free</name>
         <load_address>0x2c2c</load_address>
         <run_address>0x2c2c</run_address>
         <size>0xe4</size>
         <input_file_ref idref="fl-fd"/>
      </object_component>
      <object_component id="oc-1db">
         <name>.text:parseData</name>
         <load_address>0x2d10</load_address>
         <run_address>0x2d10</run_address>
         <size>0xe4</size>
         <input_file_ref idref="fl-f"/>
      </object_component>
      <object_component id="oc-1e1">
         <name>.text:checkCommand</name>
         <load_address>0x2df4</load_address>
         <run_address>0x2df4</run_address>
         <size>0xdc</size>
         <input_file_ref idref="fl-a"/>
      </object_component>
      <object_component id="oc-681">
         <name>.text:setvbuf</name>
         <load_address>0x2ed0</load_address>
         <run_address>0x2ed0</run_address>
         <size>0xdc</size>
         <input_file_ref idref="fl-e2"/>
      </object_component>
      <object_component id="oc-1c9">
         <name>.text:setup_connection</name>
         <load_address>0x2fac</load_address>
         <run_address>0x2fac</run_address>
         <size>0xd8</size>
         <input_file_ref idref="fl-f"/>
      </object_component>
      <object_component id="oc-1d5">
         <name>.text:get_api</name>
         <load_address>0x3084</load_address>
         <run_address>0x3084</run_address>
         <size>0xcc</size>
         <input_file_ref idref="fl-f"/>
      </object_component>
      <object_component id="oc-381">
         <name>.text:ESP8266_EstablishConnection</name>
         <load_address>0x3150</load_address>
         <run_address>0x3150</run_address>
         <size>0xc0</size>
         <input_file_ref idref="fl-4"/>
      </object_component>
      <object_component id="oc-353">
         <name>.text:MSPrintf</name>
         <load_address>0x3210</load_address>
         <run_address>0x3210</run_address>
         <size>0xba</size>
         <input_file_ref idref="fl-5"/>
      </object_component>
      <object_component id="oc-199">
         <name>.text:init_line_tracker</name>
         <load_address>0x32cc</load_address>
         <run_address>0x32cc</run_address>
         <size>0xb8</size>
         <input_file_ref idref="fl-b"/>
      </object_component>
      <object_component id="oc-299">
         <name>.text:stopTimer</name>
         <load_address>0x3384</load_address>
         <run_address>0x3384</run_address>
         <size>0xb4</size>
         <input_file_ref idref="fl-d"/>
      </object_component>
      <object_component id="oc-3e5">
         <name>.text:_ltostr</name>
         <load_address>0x3438</load_address>
         <run_address>0x3438</run_address>
         <size>0xb1</size>
         <input_file_ref idref="fl-dd"/>
      </object_component>
      <object_component id="oc-389">
         <name>.text:ESP8266_SendData</name>
         <load_address>0x34ec</load_address>
         <run_address>0x34ec</run_address>
         <size>0xb0</size>
         <input_file_ref idref="fl-4"/>
      </object_component>
      <object_component id="oc-1b1">
         <name>.text:Initalise_Motor</name>
         <load_address>0x359c</load_address>
         <run_address>0x359c</run_address>
         <size>0xac</size>
         <input_file_ref idref="fl-a"/>
      </object_component>
      <object_component id="oc-9a">
         <name>.text:PORT6_IRQHandler</name>
         <load_address>0x3648</load_address>
         <run_address>0x3648</run_address>
         <size>0xa8</size>
         <input_file_ref idref="fl-b"/>
      </object_component>
      <object_component id="oc-82">
         <name>.text:EUSCIA2_IRQHandler</name>
         <load_address>0x36f0</load_address>
         <run_address>0x36f0</run_address>
         <size>0xa4</size>
         <input_file_ref idref="fl-9"/>
      </object_component>
      <object_component id="oc-3a">
         <name>.text</name>
         <load_address>0x3794</load_address>
         <run_address>0x3794</run_address>
         <size>0x9c</size>
         <input_file_ref idref="fl-f0"/>
      </object_component>
      <object_component id="oc-53f">
         <name>.text</name>
         <load_address>0x3830</load_address>
         <run_address>0x3830</run_address>
         <size>0x96</size>
         <input_file_ref idref="fl-e6"/>
      </object_component>
      <object_component id="oc-4dd">
         <name>.text:PrintInteger</name>
         <load_address>0x38c6</load_address>
         <run_address>0x38c6</run_address>
         <size>0x8c</size>
         <input_file_ref idref="fl-5"/>
      </object_component>
      <object_component id="oc-43b">
         <name>.text:fputc</name>
         <load_address>0x3954</load_address>
         <run_address>0x3954</run_address>
         <size>0x8c</size>
         <input_file_ref idref="fl-df"/>
      </object_component>
      <object_component id="oc-3af">
         <name>.text:turnright</name>
         <load_address>0x39e0</load_address>
         <run_address>0x39e0</run_address>
         <size>0x8c</size>
         <input_file_ref idref="fl-a"/>
      </object_component>
      <object_component id="oc-7c">
         <name>.text:EUSCIA0_IRQHandler</name>
         <load_address>0x3a6c</load_address>
         <run_address>0x3a6c</run_address>
         <size>0x88</size>
         <input_file_ref idref="fl-9"/>
      </object_component>
      <object_component id="oc-2db">
         <name>.text:GPIO_setAsPeripheralModuleFunctionOutputPin</name>
         <load_address>0x3af4</load_address>
         <run_address>0x3af4</run_address>
         <size>0x88</size>
         <input_file_ref idref="fl-1d"/>
      </object_component>
      <object_component id="oc-19f">
         <name>.text:Initalise_HCSR04_New</name>
         <load_address>0x3b7c</load_address>
         <run_address>0x3b7c</run_address>
         <size>0x88</size>
         <input_file_ref idref="fl-e"/>
      </object_component>
      <object_component id="oc-3eb">
         <name>.text:__aeabi_cdcmple</name>
         <load_address>0x3c04</load_address>
         <run_address>0x3c04</run_address>
         <size>0x86</size>
         <input_file_ref idref="fl-e9"/>
      </object_component>
      <object_component id="oc-546">
         <name>.text:__aeabi_cdrcmple</name>
         <load_address>0x3c8a</load_address>
         <run_address>0x3c8a</run_address>
         <size>0x86</size>
         <input_file_ref idref="fl-e9"/>
      </object_component>
      <object_component id="oc-146">
         <name>.text:GPIO_getEnabledInterruptStatus</name>
         <load_address>0x3d10</load_address>
         <run_address>0x3d10</run_address>
         <size>0x84</size>
         <input_file_ref idref="fl-1d"/>
      </object_component>
      <object_component id="oc-36b">
         <name>.text:ESP8266_EnableMultipleConnections</name>
         <load_address>0x3d94</load_address>
         <run_address>0x3d94</run_address>
         <size>0x80</size>
         <input_file_ref idref="fl-4"/>
      </object_component>
      <object_component id="oc-311">
         <name>.text:Interrupt_enableInterrupt</name>
         <load_address>0x3e14</load_address>
         <run_address>0x3e14</run_address>
         <size>0x80</size>
         <input_file_ref idref="fl-1e"/>
      </object_component>
      <object_component id="oc-4ea">
         <name>.text:ESP8266_WaitForAnswer</name>
         <load_address>0x3e94</load_address>
         <run_address>0x3e94</run_address>
         <size>0x7c</size>
         <input_file_ref idref="fl-4"/>
      </object_component>
      <object_component id="oc-be">
         <name>.text</name>
         <load_address>0x3f10</load_address>
         <run_address>0x3f10</run_address>
         <size>0x7a</size>
         <input_file_ref idref="fl-e7"/>
      </object_component>
      <object_component id="oc-dc">
         <name>.text:SystemInit</name>
         <load_address>0x3f8c</load_address>
         <run_address>0x3f8c</run_address>
         <size>0x78</size>
         <input_file_ref idref="fl-3"/>
      </object_component>
      <object_component id="oc-323">
         <name>.text:Timer_A_generatePWM</name>
         <load_address>0x4004</load_address>
         <run_address>0x4004</run_address>
         <size>0x74</size>
         <input_file_ref idref="fl-23"/>
      </object_component>
      <object_component id="oc-71a">
         <name>.text:__TI_closefile</name>
         <load_address>0x4078</load_address>
         <run_address>0x4078</run_address>
         <size>0x74</size>
         <input_file_ref idref="fl-11a"/>
      </object_component>
      <object_component id="oc-62e">
         <name>.text:split</name>
         <load_address>0x40ec</load_address>
         <run_address>0x40ec</run_address>
         <size>0x70</size>
         <input_file_ref idref="fl-fd"/>
      </object_component>
      <object_component id="oc-55c">
         <name>.text:_mcpy</name>
         <load_address>0x415c</load_address>
         <run_address>0x415c</run_address>
         <size>0x6e</size>
         <input_file_ref idref="fl-dd"/>
      </object_component>
      <object_component id="oc-501">
         <name>.text:ltoa</name>
         <load_address>0x41cc</load_address>
         <run_address>0x41cc</run_address>
         <size>0x6e</size>
         <input_file_ref idref="fl-fa"/>
      </object_component>
      <object_component id="oc-f3">
         <name>.text</name>
         <load_address>0x423a</load_address>
         <run_address>0x423a</run_address>
         <size>0x6e</size>
         <input_file_ref idref="fl-ed"/>
      </object_component>
      <object_component id="oc-365">
         <name>.text:ESP8266_ConnectToAP</name>
         <load_address>0x42a8</load_address>
         <run_address>0x42a8</run_address>
         <size>0x6c</size>
         <input_file_ref idref="fl-4"/>
      </object_component>
      <object_component id="oc-74a">
         <name>.text:HOSTrename</name>
         <load_address>0x4314</load_address>
         <run_address>0x4314</run_address>
         <size>0x6c</size>
         <input_file_ref idref="fl-114"/>
      </object_component>
      <object_component id="oc-73e">
         <name>.text:HOSTlseek</name>
         <load_address>0x4380</load_address>
         <run_address>0x4380</run_address>
         <size>0x68</size>
         <input_file_ref idref="fl-111"/>
      </object_component>
      <object_component id="oc-8e">
         <name>.text:PORT3_IRQHandler</name>
         <load_address>0x43e8</load_address>
         <run_address>0x43e8</run_address>
         <size>0x68</size>
         <input_file_ref idref="fl-c"/>
      </object_component>
      <object_component id="oc-17">
         <name>.text:decompress:lzss:__TI_decompress_lzss</name>
         <load_address>0x4450</load_address>
         <run_address>0x4450</run_address>
         <size>0x68</size>
         <input_file_ref idref="fl-f3"/>
      </object_component>
      <object_component id="oc-fd">
         <name>.text:printf</name>
         <load_address>0x44b8</load_address>
         <run_address>0x44b8</run_address>
         <size>0x68</size>
         <input_file_ref idref="fl-dc"/>
      </object_component>
      <object_component id="oc-113">
         <name>.text:UART_getEnabledInterruptStatus</name>
         <load_address>0x4520</load_address>
         <run_address>0x4520</run_address>
         <size>0x64</size>
         <input_file_ref idref="fl-24"/>
      </object_component>
      <object_component id="oc-571">
         <name>.text:frexp</name>
         <load_address>0x4584</load_address>
         <run_address>0x4584</run_address>
         <size>0x64</size>
         <input_file_ref idref="fl-e3"/>
      </object_component>
      <object_component id="oc-67b">
         <name>.text:fseek</name>
         <load_address>0x45e8</load_address>
         <run_address>0x45e8</run_address>
         <size>0x64</size>
         <input_file_ref idref="fl-10a"/>
      </object_component>
      <object_component id="oc-5a8">
         <name>.text:__TI_wrt_ok</name>
         <load_address>0x464c</load_address>
         <run_address>0x464c</run_address>
         <size>0x62</size>
         <input_file_ref idref="fl-e1"/>
      </object_component>
      <object_component id="oc-726">
         <name>.text:HOSTopen</name>
         <load_address>0x46b0</load_address>
         <run_address>0x46b0</run_address>
         <size>0x60</size>
         <input_file_ref idref="fl-112"/>
      </object_component>
      <object_component id="oc-6a5">
         <name>.text:PCM_getCoreVoltageLevel</name>
         <load_address>0x4710</load_address>
         <run_address>0x4710</run_address>
         <size>0x5e</size>
         <input_file_ref idref="fl-1f"/>
      </object_component>
      <object_component id="oc-757">
         <name>.text:close</name>
         <load_address>0x4770</load_address>
         <run_address>0x4770</run_address>
         <size>0x5c</size>
         <input_file_ref idref="fl-11e"/>
      </object_component>
      <object_component id="oc-69f">
         <name>.text:PCM_getPowerMode</name>
         <load_address>0x47cc</load_address>
         <run_address>0x47cc</run_address>
         <size>0x5a</size>
         <input_file_ref idref="fl-1f"/>
      </object_component>
      <object_component id="oc-2ff">
         <name>.text:GPIO_setAsInputPinWithPullUpResistor</name>
         <load_address>0x4828</load_address>
         <run_address>0x4828</run_address>
         <size>0x58</size>
         <input_file_ref idref="fl-1d"/>
      </object_component>
      <object_component id="oc-732">
         <name>.text:HOSTread</name>
         <load_address>0x4880</load_address>
         <run_address>0x4880</run_address>
         <size>0x58</size>
         <input_file_ref idref="fl-113"/>
      </object_component>
      <object_component id="oc-738">
         <name>.text:HOSTwrite</name>
         <load_address>0x48d8</load_address>
         <run_address>0x48d8</run_address>
         <size>0x58</size>
         <input_file_ref idref="fl-116"/>
      </object_component>
      <object_component id="oc-3f6">
         <name>.text:_pconv_f</name>
         <load_address>0x4930</load_address>
         <run_address>0x4930</run_address>
         <size>0x56</size>
         <input_file_ref idref="fl-dd"/>
      </object_component>
      <object_component id="oc-550">
         <name>.text:__TI_ltoa</name>
         <load_address>0x4986</load_address>
         <run_address>0x4986</run_address>
         <size>0x54</size>
         <input_file_ref idref="fl-f6"/>
      </object_component>
      <object_component id="oc-3a3">
         <name>.text:turnleft</name>
         <load_address>0x49dc</load_address>
         <run_address>0x49dc</run_address>
         <size>0x54</size>
         <input_file_ref idref="fl-a"/>
      </object_component>
      <object_component id="oc-556">
         <name>.text:_ecpy</name>
         <load_address>0x4a30</load_address>
         <run_address>0x4a30</run_address>
         <size>0x52</size>
         <input_file_ref idref="fl-dd"/>
      </object_component>
      <object_component id="oc-2f3">
         <name>.text:Timer_A_initCompare</name>
         <load_address>0x4a82</load_address>
         <run_address>0x4a82</run_address>
         <size>0x4e</size>
         <input_file_ref idref="fl-23"/>
      </object_component>
      <object_component id="oc-35f">
         <name>.text:ESP8266_CheckConnection</name>
         <load_address>0x4ad0</load_address>
         <run_address>0x4ad0</run_address>
         <size>0x4c</size>
         <input_file_ref idref="fl-4"/>
      </object_component>
      <object_component id="oc-2e1">
         <name>.text:GPIO_setAsInputPin</name>
         <load_address>0x4b1c</load_address>
         <run_address>0x4b1c</run_address>
         <size>0x4c</size>
         <input_file_ref idref="fl-1d"/>
      </object_component>
      <object_component id="oc-2a7">
         <name>.text:Timer_A_getCounterValue</name>
         <load_address>0x4b68</load_address>
         <run_address>0x4b68</run_address>
         <size>0x4c</size>
         <input_file_ref idref="fl-23"/>
      </object_component>
      <object_component id="oc-606">
         <name>.text:UART_Available</name>
         <load_address>0x4bb4</load_address>
         <run_address>0x4bb4</run_address>
         <size>0x4c</size>
         <input_file_ref idref="fl-9"/>
      </object_component>
      <object_component id="oc-5b4">
         <name>.text:__TI_doflush</name>
         <load_address>0x4c00</load_address>
         <run_address>0x4c00</run_address>
         <size>0x4c</size>
         <input_file_ref idref="fl-108"/>
      </object_component>
      <object_component id="oc-390">
         <name>.text:atoi</name>
         <load_address>0x4c4c</load_address>
         <run_address>0x4c4c</run_address>
         <size>0x4c</size>
         <input_file_ref idref="fl-f7"/>
      </object_component>
      <object_component id="oc-3a9">
         <name>.text:moveBackward</name>
         <load_address>0x4c98</load_address>
         <run_address>0x4c98</run_address>
         <size>0x4c</size>
         <input_file_ref idref="fl-a"/>
      </object_component>
      <object_component id="oc-1ab">
         <name>.text:startTimer</name>
         <load_address>0x4ce4</load_address>
         <run_address>0x4ce4</run_address>
         <size>0x4c</size>
         <input_file_ref idref="fl-d"/>
      </object_component>
      <object_component id="oc-4a8">
         <name>.text:FlashCtl_setWaitState</name>
         <load_address>0x4d30</load_address>
         <run_address>0x4d30</run_address>
         <size>0x48</size>
         <input_file_ref idref="fl-1c"/>
      </object_component>
      <object_component id="oc-34d">
         <name>.text:UART_Flush</name>
         <load_address>0x4d78</load_address>
         <run_address>0x4d78</run_address>
         <size>0x48</size>
         <input_file_ref idref="fl-9"/>
      </object_component>
      <object_component id="oc-1f7">
         <name>.text:exit</name>
         <load_address>0x4dc0</load_address>
         <run_address>0x4dc0</run_address>
         <size>0x48</size>
         <input_file_ref idref="fl-f4"/>
      </object_component>
      <object_component id="oc-54b">
         <name>.text</name>
         <load_address>0x4e08</load_address>
         <run_address>0x4e08</run_address>
         <size>0x48</size>
         <input_file_ref idref="fl-ec"/>
      </object_component>
      <object_component id="oc-72c">
         <name>.text:HOSTclose</name>
         <load_address>0x4e50</load_address>
         <run_address>0x4e50</run_address>
         <size>0x44</size>
         <input_file_ref idref="fl-110"/>
      </object_component>
      <object_component id="oc-744">
         <name>.text:HOSTunlink</name>
         <load_address>0x4e94</load_address>
         <run_address>0x4e94</run_address>
         <size>0x44</size>
         <input_file_ref idref="fl-115"/>
      </object_component>
      <object_component id="oc-1fd">
         <name>.text:__TI_auto_init_nobinit_nopinit:__TI_auto_init_nobinit_nopinit</name>
         <load_address>0x4ed8</load_address>
         <run_address>0x4ed8</run_address>
         <size>0x44</size>
         <input_file_ref idref="fl-10c"/>
      </object_component>
      <object_component id="oc-786">
         <name>.text:getdevice</name>
         <load_address>0x4f1c</load_address>
         <run_address>0x4f1c</run_address>
         <size>0x44</size>
         <input_file_ref idref="fl-11b"/>
      </object_component>
      <object_component id="oc-18d">
         <name>.text:GPIO_setAsOutputPin</name>
         <load_address>0x4f60</load_address>
         <run_address>0x4f60</run_address>
         <size>0x40</size>
         <input_file_ref idref="fl-1d"/>
      </object_component>
      <object_component id="oc-4cb">
         <name>.text:UART_Write</name>
         <load_address>0x4fa0</load_address>
         <run_address>0x4fa0</run_address>
         <size>0x40</size>
         <input_file_ref idref="fl-9"/>
      </object_component>
      <object_component id="oc-32a">
         <name>.text:sprintf</name>
         <load_address>0x4fe0</load_address>
         <run_address>0x4fe0</run_address>
         <size>0x40</size>
         <input_file_ref idref="fl-de"/>
      </object_component>
      <object_component id="oc-569">
         <name>.text:_fcpy</name>
         <load_address>0x5020</load_address>
         <run_address>0x5020</run_address>
         <size>0x3e</size>
         <input_file_ref idref="fl-dd"/>
      </object_component>
      <object_component id="oc-30b">
         <name>.text:GPIO_interruptEdgeSelect</name>
         <load_address>0x5060</load_address>
         <run_address>0x5060</run_address>
         <size>0x3c</size>
         <input_file_ref idref="fl-1d"/>
      </object_component>
      <object_component id="oc-139">
         <name>.text:stop</name>
         <load_address>0x509c</load_address>
         <run_address>0x509c</run_address>
         <size>0x3c</size>
         <input_file_ref idref="fl-a"/>
      </object_component>
      <object_component id="oc-768">
         <name>.text:__TI_writemsg</name>
         <load_address>0x50d8</load_address>
         <run_address>0x50d8</run_address>
         <size>0x38</size>
         <input_file_ref idref="fl-117"/>
      </object_component>
      <object_component id="oc-2c1">
         <name>.text:generatePWM</name>
         <load_address>0x5110</load_address>
         <run_address>0x5110</run_address>
         <size>0x38</size>
         <input_file_ref idref="fl-a"/>
      </object_component>
      <object_component id="oc-f8">
         <name>.text</name>
         <load_address>0x5148</load_address>
         <run_address>0x5148</run_address>
         <size>0x38</size>
         <input_file_ref idref="fl-ee"/>
      </object_component>
      <object_component id="oc-7a6">
         <name>.text:strncpy</name>
         <load_address>0x5180</load_address>
         <run_address>0x5180</run_address>
         <size>0x36</size>
         <input_file_ref idref="fl-11c"/>
      </object_component>
      <object_component id="oc-4b4">
         <name>.text:CS_setDCOCenteredFrequency</name>
         <load_address>0x51b8</load_address>
         <run_address>0x51b8</run_address>
         <size>0x34</size>
         <input_file_ref idref="fl-1b"/>
      </object_component>
      <object_component id="oc-88">
         <name>.text:PORT1_IRQHandler</name>
         <load_address>0x51ec</load_address>
         <run_address>0x51ec</run_address>
         <size>0x34</size>
         <input_file_ref idref="fl-a"/>
      </object_component>
      <object_component id="oc-2e7">
         <name>.text:Timer_A_configureContinuousMode</name>
         <load_address>0x5220</load_address>
         <run_address>0x5220</run_address>
         <size>0x34</size>
         <input_file_ref idref="fl-23"/>
      </object_component>
      <object_component id="oc-6e4">
         <name>.text:__TI_cleanup</name>
         <load_address>0x5254</load_address>
         <run_address>0x5254</run_address>
         <size>0x34</size>
         <input_file_ref idref="fl-109"/>
      </object_component>
      <object_component id="oc-76e">
         <name>.text:__TI_readmsg</name>
         <load_address>0x5288</load_address>
         <run_address>0x5288</run_address>
         <size>0x34</size>
         <input_file_ref idref="fl-117"/>
      </object_component>
      <object_component id="oc-58">
         <name>.text:_c_int00_noargs:_c_int00_noargs</name>
         <load_address>0x52bc</load_address>
         <run_address>0x52bc</run_address>
         <size>0x34</size>
         <input_file_ref idref="fl-104"/>
      </object_component>
      <object_component id="oc-517">
         <name>.text:moveLeftBackward</name>
         <load_address>0x52f0</load_address>
         <run_address>0x52f0</run_address>
         <size>0x34</size>
         <input_file_ref idref="fl-a"/>
      </object_component>
      <object_component id="oc-289">
         <name>.text:moveLeftFoward</name>
         <load_address>0x5324</load_address>
         <run_address>0x5324</run_address>
         <size>0x34</size>
         <input_file_ref idref="fl-a"/>
      </object_component>
      <object_component id="oc-51d">
         <name>.text:moveRightBackward</name>
         <load_address>0x5358</load_address>
         <run_address>0x5358</run_address>
         <size>0x34</size>
         <input_file_ref idref="fl-a"/>
      </object_component>
      <object_component id="oc-28f">
         <name>.text:moveRightFoward</name>
         <load_address>0x538c</load_address>
         <run_address>0x538c</run_address>
         <size>0x34</size>
         <input_file_ref idref="fl-a"/>
      </object_component>
      <object_component id="oc-1b7">
         <name>.text:request</name>
         <load_address>0x53c0</load_address>
         <run_address>0x53c0</run_address>
         <size>0x34</size>
         <input_file_ref idref="fl-2"/>
      </object_component>
      <object_component id="oc-4f0">
         <name>.text:strstr</name>
         <load_address>0x53f4</load_address>
         <run_address>0x53f4</run_address>
         <size>0x34</size>
         <input_file_ref idref="fl-102"/>
      </object_component>
      <object_component id="oc-2ad">
         <name>.text:GPIO_getInputPinValue</name>
         <load_address>0x5428</load_address>
         <run_address>0x5428</run_address>
         <size>0x30</size>
         <input_file_ref idref="fl-1d"/>
      </object_component>
      <object_component id="oc-124">
         <name>.text:UART_receiveData</name>
         <load_address>0x5458</load_address>
         <run_address>0x5458</run_address>
         <size>0x30</size>
         <input_file_ref idref="fl-24"/>
      </object_component>
      <object_component id="oc-7ac">
         <name>.text:finddevice</name>
         <load_address>0x5488</load_address>
         <run_address>0x5488</run_address>
         <size>0x30</size>
         <input_file_ref idref="fl-11b"/>
      </object_component>
      <object_component id="oc-e4">
         <name>.text</name>
         <load_address>0x54b8</load_address>
         <run_address>0x54b8</run_address>
         <size>0x2e</size>
         <input_file_ref idref="fl-ef"/>
      </object_component>
      <object_component id="oc-103">
         <name>.text:Timer_A_clearCaptureCompareInterrupt</name>
         <load_address>0x54e8</load_address>
         <run_address>0x54e8</run_address>
         <size>0x2c</size>
         <input_file_ref idref="fl-23"/>
      </object_component>
      <object_component id="oc-45b">
         <name>.text:Timer_A_disableCaptureCompareInterrupt</name>
         <load_address>0x5514</load_address>
         <run_address>0x5514</run_address>
         <size>0x2c</size>
         <input_file_ref idref="fl-23"/>
      </object_component>
      <object_component id="oc-75d">
         <name>.text:unlink</name>
         <load_address>0x5540</load_address>
         <run_address>0x5540</run_address>
         <size>0x2c</size>
         <input_file_ref idref="fl-11f"/>
      </object_component>
      <object_component id="oc-13f">
         <name>.text:GPIO_clearInterruptFlag</name>
         <load_address>0x556c</load_address>
         <run_address>0x556c</run_address>
         <size>0x28</size>
         <input_file_ref idref="fl-1d"/>
      </object_component>
      <object_component id="oc-305">
         <name>.text:GPIO_enableInterrupt</name>
         <load_address>0x5594</load_address>
         <run_address>0x5594</run_address>
         <size>0x28</size>
         <input_file_ref idref="fl-1d"/>
      </object_component>
      <object_component id="oc-163">
         <name>.text:GPIO_setOutputHighOnPin</name>
         <load_address>0x55bc</load_address>
         <run_address>0x55bc</run_address>
         <size>0x28</size>
         <input_file_ref idref="fl-1d"/>
      </object_component>
      <object_component id="oc-193">
         <name>.text:GPIO_setOutputLowOnPin</name>
         <load_address>0x55e4</load_address>
         <run_address>0x55e4</run_address>
         <size>0x28</size>
         <input_file_ref idref="fl-1d"/>
      </object_component>
      <object_component id="oc-371">
         <name>.text:GPIO_toggleOutputOnPin</name>
         <load_address>0x560c</load_address>
         <run_address>0x560c</run_address>
         <size>0x28</size>
         <input_file_ref idref="fl-1d"/>
      </object_component>
      <object_component id="oc-628">
         <name>.text:free_list_insert</name>
         <load_address>0x5634</load_address>
         <run_address>0x5634</run_address>
         <size>0x28</size>
         <input_file_ref idref="fl-fd"/>
      </object_component>
      <object_component id="oc-6d6">
         <name>.text:lseek</name>
         <load_address>0x565c</load_address>
         <run_address>0x565c</run_address>
         <size>0x28</size>
         <input_file_ref idref="fl-119"/>
      </object_component>
      <object_component id="oc-3b5">
         <name>.text:rotate</name>
         <load_address>0x5684</load_address>
         <run_address>0x5684</run_address>
         <size>0x28</size>
         <input_file_ref idref="fl-a"/>
      </object_component>
      <object_component id="oc-5ba">
         <name>.text:write</name>
         <load_address>0x56ac</load_address>
         <run_address>0x56ac</run_address>
         <size>0x28</size>
         <input_file_ref idref="fl-105"/>
      </object_component>
      <object_component id="oc-1cf">
         <name>.text:Delay</name>
         <load_address>0x56d4</load_address>
         <run_address>0x56d4</run_address>
         <size>0x24</size>
         <input_file_ref idref="fl-f"/>
      </object_component>
      <object_component id="oc-2a0">
         <name>.text:GPIO_getInterruptStatus</name>
         <load_address>0x56f8</load_address>
         <run_address>0x56f8</run_address>
         <size>0x24</size>
         <input_file_ref idref="fl-1d"/>
      </object_component>
      <object_component id="oc-33b">
         <name>.text:CS_Init</name>
         <load_address>0x571c</load_address>
         <run_address>0x571c</run_address>
         <size>0x22</size>
         <input_file_ref idref="fl-7"/>
      </object_component>
      <object_component id="oc-347">
         <name>.text:ESP8266_HardReset</name>
         <load_address>0x573e</load_address>
         <run_address>0x573e</run_address>
         <size>0x22</size>
         <input_file_ref idref="fl-4"/>
      </object_component>
      <object_component id="oc-4d7">
         <name>.text:PrintString</name>
         <load_address>0x5760</load_address>
         <run_address>0x5760</run_address>
         <size>0x22</size>
         <input_file_ref idref="fl-5"/>
      </object_component>
      <object_component id="oc-4c3">
         <name>.text:GPIO_High</name>
         <load_address>0x5784</load_address>
         <run_address>0x5784</run_address>
         <size>0x20</size>
         <input_file_ref idref="fl-8"/>
      </object_component>
      <object_component id="oc-4bd">
         <name>.text:GPIO_Low</name>
         <load_address>0x57a4</load_address>
         <run_address>0x57a4</run_address>
         <size>0x20</size>
         <input_file_ref idref="fl-8"/>
      </object_component>
      <object_component id="oc-5ae">
         <name>.text:memchr</name>
         <load_address>0x57c4</load_address>
         <run_address>0x57c4</run_address>
         <size>0x20</size>
         <input_file_ref idref="fl-fc"/>
      </object_component>
      <object_component id="oc-12a">
         <name>.text:moveForward</name>
         <load_address>0x57e4</load_address>
         <run_address>0x57e4</run_address>
         <size>0x20</size>
         <input_file_ref idref="fl-a"/>
      </object_component>
      <object_component id="oc-622">
         <name>.text:free_list_remove</name>
         <load_address>0x5804</load_address>
         <run_address>0x5804</run_address>
         <size>0x1c</size>
         <input_file_ref idref="fl-fd"/>
      </object_component>
      <object_component id="oc-408">
         <name>.text:memccpy</name>
         <load_address>0x5820</load_address>
         <run_address>0x5820</run_address>
         <size>0x1c</size>
         <input_file_ref idref="fl-fb"/>
      </object_component>
      <object_component id="oc-65f">
         <name>.text:copysign</name>
         <load_address>0x583c</load_address>
         <run_address>0x583c</run_address>
         <size>0x1a</size>
         <input_file_ref idref="fl-e5"/>
      </object_component>
      <object_component id="oc-467">
         <name>.text:Timer_A_clearTimer</name>
         <load_address>0x5858</load_address>
         <run_address>0x5858</run_address>
         <size>0x18</size>
         <input_file_ref idref="fl-23"/>
      </object_component>
      <object_component id="oc-2f9">
         <name>.text:Timer_A_disableInterrupt</name>
         <load_address>0x5870</load_address>
         <run_address>0x5870</run_address>
         <size>0x18</size>
         <input_file_ref idref="fl-23"/>
      </object_component>
      <object_component id="oc-266">
         <name>.text:UART_getInterruptStatus</name>
         <load_address>0x5888</load_address>
         <run_address>0x5888</run_address>
         <size>0x18</size>
         <input_file_ref idref="fl-24"/>
      </object_component>
      <object_component id="oc-497">
         <name>.text:_outs</name>
         <load_address>0x58a0</load_address>
         <run_address>0x58a0</run_address>
         <size>0x18</size>
         <input_file_ref idref="fl-de"/>
      </object_component>
      <object_component id="oc-39d">
         <name>.text:strcmp</name>
         <load_address>0x58b8</load_address>
         <run_address>0x58b8</run_address>
         <size>0x18</size>
         <input_file_ref idref="fl-ff"/>
      </object_component>
      <object_component id="oc-2ed">
         <name>.text:Timer_A_startCounter</name>
         <load_address>0x58d0</load_address>
         <run_address>0x58d0</run_address>
         <size>0x16</size>
         <input_file_ref idref="fl-23"/>
      </object_component>
      <object_component id="oc-57d">
         <name>.text:strchr</name>
         <load_address>0x58e6</load_address>
         <run_address>0x58e6</run_address>
         <size>0x16</size>
         <input_file_ref idref="fl-fe"/>
      </object_component>
      <object_component id="oc-6ab">
         <name>.text:PCM_getPowerState</name>
         <load_address>0x58fc</load_address>
         <run_address>0x58fc</run_address>
         <size>0x14</size>
         <input_file_ref idref="fl-1f"/>
      </object_component>
      <object_component id="oc-4d1">
         <name>.text:PrintChar</name>
         <load_address>0x5910</load_address>
         <run_address>0x5910</run_address>
         <size>0x14</size>
         <input_file_ref idref="fl-5"/>
      </object_component>
      <object_component id="oc-461">
         <name>.text:Timer_A_stopTimer</name>
         <load_address>0x5924</load_address>
         <run_address>0x5924</run_address>
         <size>0x14</size>
         <input_file_ref idref="fl-23"/>
      </object_component>
      <object_component id="oc-615">
         <name>.text:strcpy</name>
         <load_address>0x5938</load_address>
         <run_address>0x5938</run_address>
         <size>0x14</size>
         <input_file_ref idref="fl-100"/>
      </object_component>
      <object_component id="oc-3df">
         <name>.text:strlen</name>
         <load_address>0x594c</load_address>
         <run_address>0x594c</run_address>
         <size>0x14</size>
         <input_file_ref idref="fl-101"/>
      </object_component>
      <object_component id="oc-40e">
         <name>.text:wcslen</name>
         <load_address>0x5960</load_address>
         <run_address>0x5960</run_address>
         <size>0x12</size>
         <input_file_ref idref="fl-107"/>
      </object_component>
      <object_component id="oc-1bd">
         <name>.text:Interrupt_enableMaster</name>
         <load_address>0x5972</load_address>
         <run_address>0x5972</run_address>
         <size>0x10</size>
         <input_file_ref idref="fl-1e"/>
      </object_component>
      <object_component id="oc-4ae">
         <name>.text:PCM_setCoreVoltageLevel</name>
         <load_address>0x5982</load_address>
         <run_address>0x5982</run_address>
         <size>0x10</size>
         <input_file_ref idref="fl-1f"/>
      </object_component>
      <object_component id="oc-6b1">
         <name>.text:PCM_setPowerMode</name>
         <load_address>0x5992</load_address>
         <run_address>0x5992</run_address>
         <size>0x10</size>
         <input_file_ref idref="fl-1f"/>
      </object_component>
      <object_component id="oc-1d">
         <name>.text:decompress:none:__TI_decompress_none</name>
         <load_address>0x59a2</load_address>
         <run_address>0x59a2</run_address>
         <size>0xe</size>
         <input_file_ref idref="fl-f2"/>
      </object_component>
      <object_component id="oc-334">
         <name>.text:CPU_cpsie</name>
         <load_address>0x59b0</load_address>
         <run_address>0x59b0</run_address>
         <size>0xc</size>
         <input_file_ref idref="fl-26"/>
      </object_component>
      <object_component id="oc-6a">
         <name>.text:Reset_Handler</name>
         <load_address>0x59bc</load_address>
         <run_address>0x59bc</run_address>
         <size>0xc</size>
         <input_file_ref idref="fl-10"/>
      </object_component>
      <object_component id="oc-4c">
         <name>.text:decompress:ZI:__TI_zero_init</name>
         <load_address>0x59c8</load_address>
         <run_address>0x59c8</run_address>
         <size>0xc</size>
         <input_file_ref idref="fl-f1"/>
      </object_component>
      <object_component id="oc-49d">
         <name>.text:_outc</name>
         <load_address>0x59d4</load_address>
         <run_address>0x59d4</run_address>
         <size>0xa</size>
         <input_file_ref idref="fl-de"/>
      </object_component>
      <object_component id="oc-359">
         <name>.text:ESP8266_GetBuffer</name>
         <load_address>0x59e0</load_address>
         <run_address>0x59e0</run_address>
         <size>0x8</size>
         <input_file_ref idref="fl-4"/>
      </object_component>
      <object_component id="oc-414">
         <name>.text:__aeabi_errno_addr</name>
         <load_address>0x59e8</load_address>
         <run_address>0x59e8</run_address>
         <size>0x8</size>
         <input_file_ref idref="fl-103"/>
      </object_component>
      <object_component id="oc-396">
         <name>.text:malloc</name>
         <load_address>0x59f0</load_address>
         <run_address>0x59f0</run_address>
         <size>0x8</size>
         <input_file_ref idref="fl-fd"/>
      </object_component>
      <object_component id="oc-247">
         <name>.text:_outc</name>
         <load_address>0x59f8</load_address>
         <run_address>0x59f8</run_address>
         <size>0x4</size>
         <input_file_ref idref="fl-dc"/>
      </object_component>
      <object_component id="oc-241">
         <name>.text:_outs</name>
         <load_address>0x59fc</load_address>
         <run_address>0x59fc</run_address>
         <size>0x4</size>
         <input_file_ref idref="fl-dc"/>
      </object_component>
      <object_component id="oc-c4">
         <name>.text:_system_pre_init</name>
         <load_address>0x5a00</load_address>
         <run_address>0x5a00</run_address>
         <size>0x4</size>
         <input_file_ref idref="fl-10d"/>
      </object_component>
      <object_component id="oc-1f1">
         <name>.text:abort:abort</name>
         <load_address>0x5a04</load_address>
         <run_address>0x5a04</run_address>
         <size>0x4</size>
         <input_file_ref idref="fl-f4"/>
      </object_component>
      <object_component id="oc-508">
         <name>.const:.string:_ctypes_</name>
         <load_address>0x5a08</load_address>
         <run_address>0x5a08</run_address>
         <size>0x101</size>
         <input_file_ref idref="fl-f8"/>
      </object_component>
      <object_component id="oc-330">
         <name>.const:.string:$P$T0$1</name>
         <load_address>0x5b09</load_address>
         <run_address>0x5b09</run_address>
         <size>0x3a</size>
         <input_file_ref idref="fl-2"/>
      </object_component>
      <object_component id="oc-29c">
         <name>.const:GPIO_PORT_TO_BASE</name>
         <load_address>0x5b44</load_address>
         <run_address>0x5b44</run_address>
         <size>0x30</size>
         <input_file_ref idref="fl-1d"/>
      </object_component>
      <object_component id="oc-31e">
         <name>.const:samplePeriodforSpeed</name>
         <load_address>0x5b74</load_address>
         <run_address>0x5b74</run_address>
         <size>0x18</size>
         <input_file_ref idref="fl-d"/>
      </object_component>
      <object_component id="oc-31a">
         <name>.const:CCR3Config</name>
         <load_address>0x5b8c</load_address>
         <run_address>0x5b8c</run_address>
         <size>0x10</size>
         <input_file_ref idref="fl-e"/>
      </object_component>
      <object_component id="oc-317">
         <name>.const:contmConfig</name>
         <load_address>0x5b9c</load_address>
         <run_address>0x5b9c</run_address>
         <size>0x10</size>
         <input_file_ref idref="fl-e"/>
      </object_component>
      <object_component id="oc-48b">
         <name>.const:g_pulEnRegs</name>
         <load_address>0x5bac</load_address>
         <run_address>0x5bac</run_address>
         <size>0x8</size>
         <input_file_ref idref="fl-1e"/>
      </object_component>
      <object_component id="oc-7f7">
         <name>.cinit..data.load</name>
         <load_address>0x5bb8</load_address>
         <run_address>0x5bb8</run_address>
         <size>0x10b</size>
      </object_component>
      <object_component id="oc-7f5">
         <name>__TI_handler_table</name>
         <load_address>0x5cc4</load_address>
         <run_address>0x5cc4</run_address>
         <size>0xc</size>
      </object_component>
      <object_component id="oc-7f8">
         <name>.cinit..bss.load</name>
         <load_address>0x5cd0</load_address>
         <run_address>0x5cd0</run_address>
         <size>0x8</size>
      </object_component>
      <object_component id="oc-7f6">
         <name>__TI_cinit_table</name>
         <load_address>0x5cd8</load_address>
         <run_address>0x5cd8</run_address>
         <size>0x10</size>
      </object_component>
      <object_component id="oc-7c9">
         <name>.binit</name>
         <load_address>0x0</load_address>
         <run_address>0x0</run_address>
         <size>0x0</size>
      </object_component>
      <object_component id="oc-10f">
         <name>.data</name>
         <load_address>0x20002368</load_address>
         <run_address>0x20002368</run_address>
         <size>0x5c</size>
         <input_file_ref idref="fl-2"/>
      </object_component>
      <object_component id="oc-1ed">
         <name>.data:http_req_feedback_black</name>
         <load_address>0x2000249b</load_address>
         <run_address>0x2000249b</run_address>
         <size>0x3e</size>
         <input_file_ref idref="fl-2"/>
      </object_component>
      <object_component id="oc-1ea">
         <name>.data:http_req_feedback_obstacle</name>
         <load_address>0x2000245a</load_address>
         <run_address>0x2000245a</run_address>
         <size>0x41</size>
         <input_file_ref idref="fl-2"/>
      </object_component>
      <object_component id="oc-1e7">
         <name>.data:http_req_feedback_black_obstacle</name>
         <load_address>0x20002414</load_address>
         <run_address>0x20002414</run_address>
         <size>0x46</size>
         <input_file_ref idref="fl-2"/>
      </object_component>
      <object_component id="oc-2c9">
         <name>.data:pwmConfig</name>
         <load_address>0x20002598</load_address>
         <run_address>0x20002598</run_address>
         <size>0x18</size>
         <input_file_ref idref="fl-a"/>
      </object_component>
      <object_component id="oc-2cc">
         <name>.data:pwmConfig2</name>
         <load_address>0x20002580</load_address>
         <run_address>0x20002580</run_address>
         <size>0x18</size>
         <input_file_ref idref="fl-a"/>
      </object_component>
      <object_component id="oc-152">
         <name>.data</name>
         <load_address>0x20002568</load_address>
         <run_address>0x20002568</run_address>
         <size>0x18</size>
         <input_file_ref idref="fl-c"/>
      </object_component>
      <object_component id="oc-109">
         <name>.data</name>
         <load_address>0x200024e0</load_address>
         <run_address>0x200024e0</run_address>
         <size>0x38</size>
         <input_file_ref idref="fl-d"/>
      </object_component>
      <object_component id="oc-377">
         <name>.data:UART0Config</name>
         <load_address>0x20002518</load_address>
         <run_address>0x20002518</run_address>
         <size>0x28</size>
         <input_file_ref idref="fl-f"/>
      </object_component>
      <object_component id="oc-37a">
         <name>.data:UART2Config</name>
         <load_address>0x20002540</load_address>
         <run_address>0x20002540</run_address>
         <size>0x28</size>
         <input_file_ref idref="fl-f"/>
      </object_component>
      <object_component id="oc-3c3">
         <name>.data:$O1$$</name>
         <load_address>0x200025c0</load_address>
         <run_address>0x200025c0</run_address>
         <size>0xc</size>
         <input_file_ref idref="fl-f4"/>
      </object_component>
      <object_component id="oc-23b">
         <name>.data:$O1$$</name>
         <load_address>0x200025cc</load_address>
         <run_address>0x200025cc</run_address>
         <size>0x8</size>
         <input_file_ref idref="fl-f5"/>
      </object_component>
      <object_component id="oc-23e">
         <name>.data:_ftable</name>
         <load_address>0x20002200</load_address>
         <run_address>0x20002200</run_address>
         <size>0xf0</size>
         <input_file_ref idref="fl-f9"/>
      </object_component>
      <object_component id="oc-720">
         <name>.data</name>
         <load_address>0x200025b0</load_address>
         <run_address>0x200025b0</run_address>
         <size>0x10</size>
         <input_file_ref idref="fl-f9"/>
      </object_component>
      <object_component id="oc-634">
         <name>.data:$O1$$</name>
         <load_address>0x200025d4</load_address>
         <run_address>0x200025d4</run_address>
         <size>0x8</size>
         <input_file_ref idref="fl-fd"/>
      </object_component>
      <object_component id="oc-58d">
         <name>.data</name>
         <load_address>0x200024dc</load_address>
         <run_address>0x200024dc</run_address>
         <size>0x4</size>
         <input_file_ref idref="fl-103"/>
      </object_component>
      <object_component id="oc-6f7">
         <name>.data:_device</name>
         <load_address>0x200022f0</load_address>
         <run_address>0x200022f0</run_address>
         <size>0x78</size>
         <input_file_ref idref="fl-106"/>
      </object_component>
      <object_component id="oc-68d">
         <name>.data:_stream</name>
         <load_address>0x200023c4</load_address>
         <run_address>0x200023c4</run_address>
         <size>0x50</size>
         <input_file_ref idref="fl-106"/>
      </object_component>
      <object_component id="oc-2b8">
         <name>.bss</name>
         <uninitialized>true</uninitialized>
         <run_address>0x200019c0</run_address>
         <size>0xc</size>
         <input_file_ref idref="fl-c"/>
      </object_component>
      <object_component id="oc-790">
         <name>.bss:_CIOBUF_</name>
         <uninitialized>true</uninitialized>
         <run_address>0x20001800</run_address>
         <size>0x120</size>
         <input_file_ref idref="fl-117"/>
      </object_component>
      <object_component id="oc-2c7">
         <name>.common:leftPIDOutput</name>
         <uninitialized>true</uninitialized>
         <run_address>0x200019f0</run_address>
         <size>0x4</size>
      </object_component>
      <object_component id="oc-2c8">
         <name>.common:rightPIDOutput</name>
         <uninitialized>true</uninitialized>
         <run_address>0x200019f8</run_address>
         <size>0x4</size>
      </object_component>
      <object_component id="oc-15f">
         <name>.common:isTurning</name>
         <uninitialized>true</uninitialized>
         <run_address>0x200019fc</run_address>
         <size>0x1</size>
      </object_component>
      <object_component id="oc-37d">
         <name>.common:ESP8266_Data</name>
         <uninitialized>true</uninitialized>
         <run_address>0x200019d4</run_address>
         <size>0x4</size>
      </object_component>
      <object_component id="oc-4e6">
         <name>.common:ESP8266_Buffer</name>
         <uninitialized>true</uninitialized>
         <run_address>0x20000000</run_address>
         <size>0x800</size>
      </object_component>
      <object_component id="oc-11d">
         <name>.common:UARTA0Data</name>
         <uninitialized>true</uninitialized>
         <run_address>0x20000800</run_address>
         <size>0x800</size>
      </object_component>
      <object_component id="oc-11c">
         <name>.common:UARTA0ReadIndex</name>
         <uninitialized>true</uninitialized>
         <run_address>0x200019d8</run_address>
         <size>0x4</size>
      </object_component>
      <object_component id="oc-119">
         <name>.common:UARTA0WriteIndex</name>
         <uninitialized>true</uninitialized>
         <run_address>0x200019dc</run_address>
         <size>0x4</size>
      </object_component>
      <object_component id="oc-132">
         <name>.common:UARTA2Data</name>
         <uninitialized>true</uninitialized>
         <run_address>0x20001000</run_address>
         <size>0x800</size>
      </object_component>
      <object_component id="oc-131">
         <name>.common:UARTA2ReadIndex</name>
         <uninitialized>true</uninitialized>
         <run_address>0x200019e0</run_address>
         <size>0x4</size>
      </object_component>
      <object_component id="oc-130">
         <name>.common:UARTA2WriteIndex</name>
         <uninitialized>true</uninitialized>
         <run_address>0x200019e4</run_address>
         <size>0x4</size>
      </object_component>
      <object_component id="oc-295">
         <name>.common:pulsetarget</name>
         <uninitialized>true</uninitialized>
         <run_address>0x200019f4</run_address>
         <size>0x4</size>
      </object_component>
      <object_component id="oc-2bb">
         <name>.common:dist</name>
         <uninitialized>true</uninitialized>
         <run_address>0x200019e8</run_address>
         <size>0x4</size>
      </object_component>
      <object_component id="oc-155">
         <name>.common:distance</name>
[...]
         <object_component_ref idref="oc-be"/>
      </symbol>
      <symbol id="sm-a49">
         <name>memset</name>
         <value>0x3f19</value>
         <object_component_ref idref="oc-be"/>
      </symbol>
      <symbol id="sm-a4a">
         <name>__aeabi_memset8</name>
         <value>0x3f13</value>
         <object_component_ref idref="oc-be"/>
      </symbol>
      <symbol id="sm-a4b">
         <name>__aeabi_memset4</name>
         <value>0x3f13</value>
         <object_component_ref idref="oc-be"/>
      </symbol>
      <symbol id="sm-a4c">
         <name>__aeabi_memclr8</name>
         <value>0x3f11</value>
         <object_component_ref idref="oc-be"/>
      </symbol>
      <symbol id="sm-a4d">
         <name>__aeabi_memclr4</name>
         <value>0x3f11</value>
         <object_component_ref idref="oc-be"/>
      </symbol>
      <symbol id="sm-a4e">
         <name>__aeabi_memclr</name>
         <value>0x3f11</value>
         <object_component_ref idref="oc-be"/>
      </symbol>
      <symbol id="sm-a65">
         <name>__aeabi_dsub</name>
         <value>0x1885</value>
         <object_component_ref idref="oc-ee"/>
      </symbol>
      <symbol id="sm-a66">
         <name>__aeabi_dadd</name>
         <value>0x188f</value>
         <object_component_ref idref="oc-ee"/>
      </symbol>
      <symbol id="sm-a88">
         <name>__aeabi_cdcmpeq</name>
         <value>0x3c05</value>
         <object_component_ref idref="oc-3eb"/>
      </symbol>
      <symbol id="sm-a89">
         <name>__aeabi_cdcmple</name>
         <value>0x3c05</value>
         <object_component_ref idref="oc-3eb"/>
      </symbol>
      <symbol id="sm-a8a">
         <name>__aeabi_cdrcmple</name>
         <value>0x3c8b</value>
         <object_component_ref idref="oc-546"/>
      </symbol>
      <symbol id="sm-a9e">
         <name>__aeabi_ddiv</name>
         <value>0x1f65</value>
         <object_component_ref idref="oc-e9"/>
      </symbol>
      <symbol id="sm-aa9">
         <name>__aeabi_dmul</name>
         <value>0x2a45</value>
         <object_component_ref idref="oc-2b3"/>
      </symbol>
      <symbol id="sm-ab3">
         <name>__aeabi_d2iz</name>
         <value>0x4e09</value>
         <object_component_ref idref="oc-54b"/>
      </symbol>
      <symbol id="sm-abf">
         <name>__aeabi_d2f</name>
         <value>0x423b</value>
         <object_component_ref idref="oc-f3"/>
      </symbol>
      <symbol id="sm-aca">
         <name>__aeabi_f2d</name>
         <value>0x5149</value>
         <object_component_ref idref="oc-f8"/>
      </symbol>
      <symbol id="sm-ad4">
         <name>__aeabi_i2d</name>
         <value>0x54b9</value>
         <object_component_ref idref="oc-e4"/>
      </symbol>
      <symbol id="sm-aef">
         <name>memcpy</name>
         <value>0x3795</value>
         <object_component_ref idref="oc-3a"/>
      </symbol>
      <symbol id="sm-af0">
         <name>__aeabi_memcpy</name>
         <value>0x3795</value>
         <object_component_ref idref="oc-3a"/>
      </symbol>
      <symbol id="sm-af1">
         <name>__aeabi_memcpy8</name>
         <value>0x3795</value>
         <object_component_ref idref="oc-3a"/>
      </symbol>
      <symbol id="sm-af2">
         <name>__aeabi_memcpy4</name>
         <value>0x3795</value>
         <object_component_ref idref="oc-3a"/>
      </symbol>
      <symbol id="sm-b04">
         <name>__TI_zero_init</name>
         <value>0x59c9</value>
         <object_component_ref idref="oc-4c"/>
      </symbol>
      <symbol id="sm-b1b">
         <name>__TI_decompress_none</name>
         <value>0x59a3</value>
         <object_component_ref idref="oc-1d"/>
      </symbol>
      <symbol id="sm-b3e">
         <name>__TI_decompress_lzss</name>
         <value>0x4451</value>
         <object_component_ref idref="oc-17"/>
      </symbol>
      <symbol id="sm-b64">
         <name>C$$EXIT</name>
         <value>0x5a05</value>
         <object_component_ref idref="oc-1f1"/>
      </symbol>
      <symbol id="sm-b65">
         <name>abort</name>
         <value>0x5a05</value>
         <object_component_ref idref="oc-1f1"/>
      </symbol>
      <symbol id="sm-b66">
         <name>__TI_dtors_ptr</name>
         <value>0x200025c4</value>
         <object_component_ref idref="oc-3c3"/>
      </symbol>
      <symbol id="sm-b67">
         <name>__TI_cleanup_ptr</name>
         <value>0x200025c0</value>
         <object_component_ref idref="oc-3c3"/>
      </symbol>
      <symbol id="sm-b68">
         <name>__TI_enable_exit_profile_output</name>
         <value>0x200025c8</value>
         <object_component_ref idref="oc-3c3"/>
      </symbol>
      <symbol id="sm-b69">
         <name>exit</name>
         <value>0x4dc1</value>
         <object_component_ref idref="oc-1f7"/>
      </symbol>
      <symbol id="sm-b7e">
         <name>_nop</name>
         <value>0x1a3b</value>
         <object_component_ref idref="oc-426"/>
      </symbol>
      <symbol id="sm-b7f">
         <name>_lock</name>
         <value>0x200025cc</value>
         <object_component_ref idref="oc-23b"/>
      </symbol>
      <symbol id="sm-b80">
         <name>_unlock</name>
         <value>0x200025d0</value>
         <object_component_ref idref="oc-23b"/>
      </symbol>
      <symbol id="sm-b8f">
         <name>__TI_ltoa</name>
         <value>0x4987</value>
         <object_component_ref idref="oc-550"/>
      </symbol>
      <symbol id="sm-ba5">
         <name>atoi</name>
         <value>0x4c4d</value>
         <object_component_ref idref="oc-390"/>
      </symbol>
      <symbol id="sm-bb0">
         <name>_ctypes_</name>
         <value>0x5a08</value>
         <object_component_ref idref="oc-508"/>
      </symbol>
      <symbol id="sm-bc5">
         <name>__TI_tmpnams</name>
         <value>0x20001920</value>
      </symbol>
      <symbol id="sm-bc6">
         <name>__aeabi_stdout</name>
         <value>0x200025b8</value>
         <object_component_ref idref="oc-720"/>
      </symbol>
      <symbol id="sm-bc7">
         <name>__aeabi_stderr</name>
         <value>0x200025bc</value>
         <object_component_ref idref="oc-720"/>
      </symbol>
      <symbol id="sm-bc8">
         <name>__aeabi_stdin</name>
         <value>0x200025b4</value>
         <object_component_ref idref="oc-720"/>
      </symbol>
      <symbol id="sm-bc9">
         <name>_ftable</name>
         <value>0x20002200</value>
         <object_component_ref idref="oc-23e"/>
      </symbol>
      <symbol id="sm-bca">
         <name>__TI_ft_end</name>
         <value>0x200025b0</value>
         <object_component_ref idref="oc-720"/>
      </symbol>
      <symbol id="sm-bdb">
         <name>ltoa</name>
         <value>0x41cd</value>
         <object_component_ref idref="oc-501"/>
      </symbol>
      <symbol id="sm-beb">
         <name>memccpy</name>
         <value>0x5821</value>
         <object_component_ref idref="oc-408"/>
      </symbol>
      <symbol id="sm-bfb">
         <name>memchr</name>
         <value>0x57c5</value>
         <object_component_ref idref="oc-5ae"/>
      </symbol>
      <symbol id="sm-c84">
         <name>_sys_memory</name>
         <value>0x20001a00</value>
         <object_component_ref idref="oc-29"/>
      </symbol>
      <symbol id="sm-c85">
         <name>free</name>
         <value>0x2c2d</value>
         <object_component_ref idref="oc-6de"/>
      </symbol>
      <symbol id="sm-c86">
         <name>memalign</name>
         <value>0x2945</value>
         <object_component_ref idref="oc-50d"/>
      </symbol>
      <symbol id="sm-c87">
         <name>malloc</name>
         <value>0x59f1</value>
         <object_component_ref idref="oc-396"/>
      </symbol>
      <symbol id="sm-c88">
         <name>aligned_alloc</name>
         <value>0x2945</value>
         <object_component_ref idref="oc-50d"/>
      </symbol>
      <symbol id="sm-c98">
         <name>strchr</name>
         <value>0x58e7</value>
         <object_component_ref idref="oc-57d"/>
      </symbol>
      <symbol id="sm-ca7">
         <name>strcmp</name>
         <value>0x58b9</value>
         <object_component_ref idref="oc-39d"/>
      </symbol>
      <symbol id="sm-cb5">
         <name>strcpy</name>
         <value>0x5939</value>
         <object_component_ref idref="oc-615"/>
      </symbol>
      <symbol id="sm-cc3">
         <name>strlen</name>
         <value>0x594d</value>
         <object_component_ref idref="oc-3df"/>
      </symbol>
      <symbol id="sm-cd6">
         <name>strstr</name>
         <value>0x53f5</value>
         <object_component_ref idref="oc-4f0"/>
      </symbol>
      <symbol id="sm-cec">
         <name>__aeabi_errno_addr</name>
         <value>0x59e9</value>
         <object_component_ref idref="oc-414"/>
      </symbol>
      <symbol id="sm-ced">
         <name>errno</name>
         <value>0x200024dc</value>
         <object_component_ref idref="oc-58d"/>
      </symbol>
      <symbol id="sm-d00">
         <name>__stack</name>
         <value>0x2000fe00</value>
         <object_component_ref idref="oc-2c"/>
      </symbol>
      <symbol id="sm-d01">
         <name>_c_int00_noargs</name>
         <value>0x52bd</value>
         <object_component_ref idref="oc-58"/>
      </symbol>
      <symbol id="sm-d1b">
         <name>write</name>
         <value>0x56ad</value>
         <object_component_ref idref="oc-5ba"/>
      </symbol>
      <symbol id="sm-d2c">
         <name>_stream</name>
         <value>0x200023c4</value>
         <object_component_ref idref="oc-68d"/>
      </symbol>
      <symbol id="sm-d2d">
         <name>_device</name>
         <value>0x200022f0</value>
         <object_component_ref idref="oc-6f7"/>
      </symbol>
      <symbol id="sm-d46">
         <name>wcslen</name>
         <value>0x5961</value>
         <object_component_ref idref="oc-40e"/>
      </symbol>
      <symbol id="sm-d56">
         <name>__TI_doflush</name>
         <value>0x4c01</value>
         <object_component_ref idref="oc-5b4"/>
      </symbol>
      <symbol id="sm-d66">
         <name>__TI_cleanup</name>
         <value>0x5255</value>
         <object_component_ref idref="oc-6e4"/>
      </symbol>
      <symbol id="sm-d78">
         <name>fseek</name>
         <value>0x45e9</value>
         <object_component_ref idref="oc-67b"/>
      </symbol>
      <symbol id="sm-d82">
         <name>__aeabi_idiv0</name>
         <value>0x209b</value>
         <object_component_ref idref="oc-64a"/>
      </symbol>
      <symbol id="sm-d83">
         <name>__aeabi_ldiv0</name>
         <value>0x209b</value>
         <object_component_ref idref="oc-64a"/>
      </symbol>
      <symbol id="sm-dab">
         <name>__TI_auto_init_nobinit_nopinit</name>
         <value>0x4ed9</value>
         <object_component_ref idref="oc-1fd"/>
      </symbol>
      <symbol id="sm-db5">
         <name>_system_pre_init</name>
         <value>0x5a01</value>
         <object_component_ref idref="oc-c4"/>
      </symbol>
      <symbol id="sm-dc8">
         <name>HOSTclose</name>
         <value>0x4e51</value>
         <object_component_ref idref="oc-72c"/>
      </symbol>
      <symbol id="sm-dd9">
         <name>HOSTlseek</name>
         <value>0x4381</value>
         <object_component_ref idref="oc-73e"/>
      </symbol>
      <symbol id="sm-deb">
         <name>parmbuf</name>
         <value>0x200019cc</value>
      </symbol>
      <symbol id="sm-dec">
         <name>HOSTopen</name>
         <value>0x46b1</value>
         <object_component_ref idref="oc-726"/>
      </symbol>
      <symbol id="sm-dfd">
         <name>HOSTread</name>
         <value>0x4881</value>
         <object_component_ref idref="oc-732"/>
      </symbol>
      <symbol id="sm-e0e">
         <name>HOSTrename</name>
         <value>0x4315</value>
         <object_component_ref idref="oc-74a"/>
      </symbol>
      <symbol id="sm-e1f">
         <name>HOSTunlink</name>
         <value>0x4e95</value>
         <object_component_ref idref="oc-744"/>
      </symbol>
      <symbol id="sm-e30">
         <name>HOSTwrite</name>
         <value>0x48d9</value>
         <object_component_ref idref="oc-738"/>
      </symbol>
      <symbol id="sm-e54">
         <name>__TI_readmsg</name>
         <value>0x5289</value>
         <object_component_ref idref="oc-76e"/>
      </symbol>
      <symbol id="sm-e55">
         <name>C$$IO$$</name>
         <value>0x5107</value>
         <object_component_ref idref="oc-768"/>
      </symbol>
      <symbol id="sm-e56">
         <name>__CIOBUF_</name>
         <value>0x20001800</value>
         <object_component_ref idref="oc-790"/>
      </symbol>
      <symbol id="sm-e57">
         <name>__TI_writemsg</name>
         <value>0x50d9</value>
         <object_component_ref idref="oc-768"/>
      </symbol>
      <symbol id="sm-e68">
         <name>lseek</name>
         <value>0x565d</value>
         <object_component_ref idref="oc-6d6"/>
      </symbol>
      <symbol id="sm-e7d">
         <name>__TI_closefile</name>
         <value>0x4079</value>
         <object_component_ref idref="oc-71a"/>
      </symbol>
      <symbol id="sm-ea0">
         <name>finddevice</name>
         <value>0x5489</value>
         <object_component_ref idref="oc-7ac"/>
      </symbol>
      <symbol id="sm-ea1">
         <name>getdevice</name>
         <value>0x4f1d</value>
         <object_component_ref idref="oc-786"/>
      </symbol>
      <symbol id="sm-eb1">
         <name>strncpy</name>
         <value>0x5181</value>
         <object_component_ref idref="oc-7a6"/>
      </symbol>
      <symbol id="sm-ec6">
         <name>close</name>
         <value>0x4771</value>
         <object_component_ref idref="oc-757"/>
      </symbol>
      <symbol id="sm-ed6">
         <name>unlink</name>
         <value>0x5541</value>
         <object_component_ref idref="oc-75d"/>
      </symbol>
      <symbol id="sm-ed7">
         <name>__TI_static_base__</name>
         <value>0x0</value>
      </symbol>
      <symbol id="sm-eda">
         <name>__mpu_init</name>
         <value>0x0</value>
      </symbol>
      <symbol id="sm-edb">
         <name>_system_post_cinit</name>
         <value>0x0</value>
      </symbol>
      <symbol id="sm-edc">
         <name>NMI_Handler</name>
         <value>0xb33</value>
      </symbol>
      <symbol id="sm-edd">
         <name>HardFault_Handler</name>
         <value>0xb33</value>
      </symbol>
      <symbol id="sm-ede">
         <name>MemManage_Handler</name>
         <value>0xb33</value>
      </symbol>
      <symbol id="sm-edf">
         <name>BusFault_Handler</name>
         <value>0xb33</value>
      </symbol>
      <symbol id="sm-ee0">
         <name>UsageFault_Handler</name>
         <value>0xb33</value>
      </symbol>
      <symbol id="sm-ee1">
         <name>SVC_Handler</name>
         <value>0xb33</value>
      </symbol>
      <symbol id="sm-ee2">
         <name>DebugMon_Handler</name>
         <value>0xb33</value>
      </symbol>
      <symbol id="sm-ee3">
         <name>PendSV_Handler</name>
         <value>0xb33</value>
      </symbol>
      <symbol id="sm-ee4">
         <name>SysTick_Handler</name>
         <value>0xb33</value>
      </symbol>
      <symbol id="sm-ee5">
         <name>PSS_IRQHandler</name>
         <value>0xb33</value>
      </symbol>
      <symbol id="sm-ee6">
         <name>CS_IRQHandler</name>
         <value>0xb33</value>
      </symbol>
      <symbol id="sm-ee7">
         <name>PCM_IRQHandler</name>
         <value>0xb33</value>
      </symbol>
      <symbol id="sm-ee8">
         <name>WDT_A_IRQHandler</name>
         <value>0xb33</value>
      </symbol>
      <symbol id="sm-ee9">
         <name>FPU_IRQHandler</name>
         <value>0xb33</value>
      </symbol>
      <symbol id="sm-eea">
         <name>FLCTL_IRQHandler</name>
         <value>0xb33</value>
      </symbol>
      <symbol id="sm-eeb">
         <name>COMP_E0_IRQHandler</name>
         <value>0xb33</value>
      </symbol>
      <symbol id="sm-eec">
         <name>COMP_E1_IRQHandler</name>
         <value>0xb33</value>
      </symbol>
      <symbol id="sm-eed">
         <name>TA0_0_IRQHandler</name>
         <value>0xb33</value>
      </symbol>
      <symbol id="sm-eee">
         <name>TA0_N_IRQHandler</name>
         <value>0xb33</value>
      </symbol>
      <symbol id="sm-eef">
         <name>TA1_0_IRQHandler</name>
         <value>0xb33</value>
      </symbol>
      <symbol id="sm-ef0">
         <name>TA1_N_IRQHandler</name>
         <value>0xb33</value>
      </symbol>
      <symbol id="sm-ef1">
         <name>TA2_0_IRQHandler</name>
         <value>0xb33</value>
      </symbol>
      <symbol id="sm-ef2">
         <name>TA2_N_IRQHandler</name>
         <value>0xb33</value>
      </symbol>
      <symbol id="sm-ef3">
         <name>TA3_0_IRQHandler</name>
         <value>0x23f5</value>
      </symbol>
      <symbol id="sm-ef4">
         <name>TA3_N_IRQHandler</name>
         <value>0xb33</value>
      </symbol>
      <symbol id="sm-ef5">
         <name>EUSCIA0_IRQHandler</name>
         <value>0x3a6d</value>
      </symbol>
      <symbol id="sm-ef6">
         <name>EUSCIA1_IRQHandler</name>
         <value>0xb33</value>
      </symbol>
      <symbol id="sm-ef7">
         <name>EUSCIA2_IRQHandler</name>
         <value>0x36f1</value>
      </symbol>
      <symbol id="sm-ef8">
         <name>EUSCIA3_IRQHandler</name>
         <value>0xb33</value>
      </symbol>
      <symbol id="sm-ef9">
         <name>EUSCIB0_IRQHandler</name>
         <value>0xb33</value>
      </symbol>
      <symbol id="sm-efa">
         <name>EUSCIB1_IRQHandler</name>
         <value>0xb33</value>
      </symbol>
      <symbol id="sm-efb">
         <name>EUSCIB2_IRQHandler</name>
         <value>0xb33</value>
      </symbol>
      <symbol id="sm-efc">
         <name>EUSCIB3_IRQHandler</name>
         <value>0xb33</value>
      </symbol>
      <symbol id="sm-efd">
         <name>ADC14_IRQHandler</name>
         <value>0xb33</value>
      </symbol>
      <symbol id="sm-efe">
         <name>T32_INT1_IRQHandler</name>
         <value>0xb33</value>
      </symbol>
      <symbol id="sm-eff">
         <name>T32_INT2_IRQHandler</name>
         <value>0xb33</value>
      </symbol>
      <symbol id="sm-f00">
         <name>T32_INTC_IRQHandler</name>
         <value>0xb33</value>
      </symbol>
      <symbol id="sm-f01">
         <name>AES256_IRQHandler</name>
         <value>0xb33</value>
      </symbol>
      <symbol id="sm-f02">
         <name>RTC_C_IRQHandler</name>
         <value>0xb33</value>
      </symbol>
      <symbol id="sm-f03">
         <name>DMA_ERR_IRQHandler</name>
         <value>0xb33</value>
      </symbol>
      <symbol id="sm-f04">
         <name>DMA_INT3_IRQHandler</name>
         <value>0xb33</value>
      </symbol>
      <symbol id="sm-f05">
         <name>DMA_INT2_IRQHandler</name>
         <value>0xb33</value>
      </symbol>
      <symbol id="sm-f06">
         <name>DMA_INT1_IRQHandler</name>
         <value>0xb33</value>
      </symbol>
      <symbol id="sm-f07">
         <name>DMA_INT0_IRQHandler</name>
         <value>0xb33</value>
      </symbol>
      <symbol id="sm-f08">
         <name>PORT1_IRQHandler</name>
         <value>0x51ed</value>
      </symbol>
      <symbol id="sm-f09">
         <name>PORT2_IRQHandler</name>
         <value>0xb33</value>
      </symbol>
      <symbol id="sm-f0a">
         <name>PORT3_IRQHandler</name>
         <value>0x43e9</value>
      </symbol>
      <symbol id="sm-f0b">
         <name>PORT4_IRQHandler</name>
         <value>0xb33</value>
      </symbol>
      <symbol id="sm-f0c">
         <name>PORT5_IRQHandler</name>
         <value>0x1b99</value>
      </symbol>
      <symbol id="sm-f0d">
         <name>PORT6_IRQHandler</name>
         <value>0x3649</value>
      </symbol>
      <symbol id="sm-f0e">
         <name>remove</name>
         <value>0x5541</value>
      </symbol>
   </symbol_table>
   <title>Link successful</title>
</link_info>
